source_sha c8ca0a4a74c7ef6aa811d78b3422979e9007b1fe
library /private/tmp/dta-direct-stage4-validation/candidate-c8ca0a4-library
mode candidate
runner_md5 benchmarks/r-dibble-dplyr/helpers.R d6c0341379dd025e4e0492d6b14f4d22
runner_md5 benchmarks/r-dibble-dplyr/owned-double-helpers.R 4d31109f49d89bbcdbfbb989dccf5334
runner_md5 benchmarks/r-dibble-dplyr/owned-double.R ee0e2fa5ef4e447efaebbf89199e9939
runner_md5 benchmarks/r-dibble-dplyr/owned-double-memory.R 5edf6459397ea2166f0b578ed549a6de
R version 4.6.1 (2026-06-24)
Platform: aarch64-apple-darwin25.4.0
Running under: macOS Tahoe 26.6.2

Matrix products: default
BLAS:   /opt/homebrew/Cellar/openblas/0.3.34/lib/libopenblasp-r0.3.34.dylib 
LAPACK: /opt/homebrew/Cellar/r/4.6.1/lib/R/lib/libRlapack.dylib;  LAPACK version 3.12.1

locale:
[1] C.UTF-8/C.UTF-8/C.UTF-8/C/C.UTF-8/C.UTF-8

time zone: America/New_York
tzcode source: internal

attached base packages:
[1] stats     graphics  grDevices utils     datasets  methods   base     

other attached packages:
[1] dplyr_1.2.1    dtatools_0.7.1

loaded via a namespace (and not attached):
 [1] tidyselect_1.2.1 compiler_4.6.1   magrittr_2.0.5   R6_2.6.1        
 [5] generics_0.1.4   cli_3.6.6        tools_4.6.1      pillar_1.11.1   
 [9] glue_1.8.1       tibble_3.3.1     vctrs_0.7.3      lifecycle_1.0.5 
[13] pkgconfig_2.0.3  rlang_1.3.0      
operation rename 
rows 1000000 
retained_with_source_vector_heap_bytes 81024 
vector_heap_bytes_after_drop_source 137103248 
nominal_result_bytes 128021152 
vector_heap_bytes_after_drop_result 9021952 
prefixture_vector_heap_bytes 9002264 
excess_after_drop_result_bytes 19688 
released_with_last_result_bytes 128081296 
heap_source_sha c8ca0a4a74c7ef6aa811d78b3422979e9007b1fe 
heap_library /private/tmp/dta-direct-stage4-validation/candidate-c8ca0a4-library 
heap_mode candidate 
heap_kind double 
heap_operation rename 
heap_rows 1000000 
heap_header_bytes_per_cell 56 
heap_runner_md5 benchmarks/r-dibble-dplyr/helpers.R d6c0341379dd025e4e0492d6b14f4d22
heap_runner_md5 benchmarks/r-dibble-dplyr/owned-double-helpers.R 4d31109f49d89bbcdbfbb989dccf5334
heap_runner_md5 benchmarks/r-dibble-dplyr/owned-atomic-helpers.R df5f3183107290847a82415124d44d49
heap_runner_md5 benchmarks/r-dibble-dplyr/owned-double.R ee0e2fa5ef4e447efaebbf89199e9939
heap_runner_md5 benchmarks/r-dibble-dplyr/owned-double-memory.R 5edf6459397ea2166f0b578ed549a6de
heap_runner_md5 benchmarks/r-dibble-dplyr/owned-atomic.R 7e87cb5f50a51ea4c571f27d3a329bca
heap_runner_md5 benchmarks/r-dibble-dplyr/owned-atomic-memory.R d8bd50bb040618201a2817031b47100c
heap_runner_md5 benchmarks/r-dibble-dplyr/owned-heap.R afa138d1036683b4b27ace1c77d970e6

heap_retained_header_cells 158
heap_excess_header_cells_after_drop_result 683
heap_retained_tracked_heap_bytes 89872
heap_excess_tracked_heap_bytes_after_drop_result 57936
heap_released_tracked_heap_bytes_with_last_result 128090648
heap_checkpoint prefixture header_cells 662385 vector_bytes 9002264 header_reported_mb 35.4 
heap_checkpoint prior header_cells 662945 vector_bytes 265099336 header_reported_mb 35.5 
heap_checkpoint after_result header_cells 663103 vector_bytes 265180360 header_reported_mb 35.5 
heap_checkpoint after_drop_source header_cells 663235 vector_bytes 137103248 header_reported_mb 35.5 
heap_checkpoint after_drop_result header_cells 663068 vector_bytes 9021952 header_reported_mb 35.5 
heap_scope R header cells plus vector heap; excludes external native allocations and unused heap capacity
