  family operation   rows median_ms r_allocated_bytes
1 direct    rename 100000  0.489253             84056
           family operation   rows median_ms r_allocated_bytes
1 safe_delegation    rename 100000  0.482775             83776
  family operation   rows median_ms r_allocated_bytes
1 direct    select 100000  0.461537             84208
           family operation   rows median_ms r_allocated_bytes
1 safe_delegation    select 100000  0.496223             83928
  family operation   rows median_ms r_allocated_bytes
1 direct  relocate 100000   0.58343             86488
           family operation   rows median_ms r_allocated_bytes
1 safe_delegation  relocate 100000  0.579166             86424
  family     operation   rows median_ms r_allocated_bytes
1 direct pipeline_five 100000  2.750403            422240
           family     operation   rows median_ms r_allocated_bytes
1 safe_delegation pipeline_five 100000  1.423643             98248
  family operation    rows median_ms r_allocated_bytes
1 direct    rename 1000000  0.489991             84056
           family operation    rows median_ms r_allocated_bytes
1 safe_delegation    rename 1000000  0.479454             83776
  family operation    rows median_ms r_allocated_bytes
1 direct    select 1000000   0.46166             84208
           family operation    rows median_ms r_allocated_bytes
1 safe_delegation    select 1000000  0.489827             83928
  family operation    rows median_ms r_allocated_bytes
1 direct  relocate 1000000  0.586956             86488
           family operation    rows median_ms r_allocated_bytes
1 safe_delegation  relocate 1000000  0.575066             86424
  family     operation    rows median_ms r_allocated_bytes
1 direct pipeline_five 1000000   2.72609            422240
           family     operation    rows median_ms r_allocated_bytes
1 safe_delegation pipeline_five 1000000  1.380921             98248
  family operation   rows median_ms r_allocated_bytes
1   read       sum 100000  0.137965                 0
  family operation   rows median_ms r_allocated_bytes
1   read      mean 100000  0.136653                 0
  family operation   rows median_ms r_allocated_bytes
1   read     range 100000  0.738861           1600096
  family       operation   rows  median_ms r_allocated_bytes
1   read coercion_double 100000 0.01180799                 0
  family        operation   rows median_ms r_allocated_bytes
1   read coercion_integer 100000  0.056744            400048
  family         operation   rows median_ms r_allocated_bytes
1   read export_data_frame 100000  0.130175                 0
  family     operation   rows median_ms r_allocated_bytes
1   read export_tibble 100000  0.121114                 0
  family  operation   rows median_ms r_allocated_bytes
1   read arithmetic 100000  1.711586          15601768
  family         operation   rows median_ms r_allocated_bytes
1   read mutate_arithmetic 100000  2.340485          15684520
  family   operation   rows median_ms r_allocated_bytes
1   read filter_half 100000  3.563556           5083096
  family  operation   rows median_ms r_allocated_bytes
1   read row_subset 100000   0.88068           4690168
  family operation   rows median_ms r_allocated_bytes
1   read  read_dta 100000  2.570577           6481168
  family operation   rows median_ms r_allocated_bytes
1   read write_dta 100000  1.803262              2928
  family  operation   rows median_ms r_allocated_bytes
1   read read_arrow 100000  1.538033           6481168
  family   operation   rows median_ms r_allocated_bytes
1   read write_arrow 100000  11.11842              1744
  family operation    rows median_ms r_allocated_bytes
1   read       sum 1000000  1.123892                 0
  family operation    rows median_ms r_allocated_bytes
1   read      mean 1000000  1.126844                 0
  family operation    rows median_ms r_allocated_bytes
1   read     range 1000000  6.511825          16000096
  family       operation    rows  median_ms r_allocated_bytes
1   read coercion_double 1000000 0.01193101                 0
  family        operation    rows median_ms r_allocated_bytes
1   read coercion_integer 1000000  0.667521           4000048
  family         operation    rows median_ms r_allocated_bytes
1   read export_data_frame 1000000  0.132184                 0
  family     operation    rows median_ms r_allocated_bytes
1   read export_tibble 1000000   0.12587                 0
  family  operation    rows median_ms r_allocated_bytes
1   read arithmetic 1000000   17.8211         156001768
  family         operation    rows median_ms r_allocated_bytes
1   read mutate_arithmetic 1000000  18.36283         156084520
  family   operation    rows median_ms r_allocated_bytes
1   read filter_half 1000000  27.10928          50083096
  family  operation    rows median_ms r_allocated_bytes
1   read row_subset 1000000  5.308475          46090168
  family operation    rows median_ms r_allocated_bytes
1   read  read_dta 1000000   4.63505          64081168
  family operation    rows median_ms r_allocated_bytes
1   read write_dta 1000000  11.67918              2928
  family  operation    rows median_ms r_allocated_bytes
1   read read_arrow 1000000   14.0728          64081168
  family   operation    rows median_ms r_allocated_bytes
1   read write_arrow 1000000  48.95154              1744
All candidate operation, source preservation and captured-mask checks passed.
Candidate owned allocation and backing checks passed.
