library /private/tmp/dta-direct-stage1-validation/baseline/library 
kind string 
retained_vector_heap_bytes 128000320 
nominal_result_bytes 128019112 
        1.04 real         1.00 user         0.03 sys
           529088512  maximum resident set size
                   0  average shared memory size
                   0  average unshared data size
                   0  average unshared stack size
               36158  page reclaims
                  37  page faults
                   0  swaps
                   0  block input operations
                   0  block output operations
                   0  messages sent
                   0  messages received
                   0  signals received
                   9  voluntary context switches
                  70  involuntary context switches
         24016757187  instructions retired
          4515150973  cycles elapsed
           512852952  peak memory footprint
