NULL
Results: /private/tmp/dta-263-measurements-neutral/baseline-1 
                 operation width backing median_seconds  p25_seconds
                   set_row     1 private   1.814251e-05 1.776329e-05
                 set_whole     1 private   2.541998e-05 2.510234e-05
            set_expression     1 private   1.744553e-05 1.730188e-05
                set_create     1 private   6.371399e-05 6.077229e-05
                set_reject     1 private   2.103299e-05 2.051028e-05
                  repl_row     1 private   1.170344e-04 1.141748e-04
                repl_whole     1 private   1.219341e-04 1.211551e-04
           repl_expression     1 private   2.072181e-03 2.025584e-03
              repl_promote     1 private   8.727916e-03 8.521840e-03
                repl_fused     1 private   6.002400e-04 5.962630e-04
                 gen_whole     1 private   1.218725e-04 1.199045e-04
                   gen_row     1 private   1.749879e-04 1.710111e-04
            gen_expression     1 private   2.538187e-03 2.342730e-03
               bracket_row     1 private   2.080546e-04 2.067836e-04
             bracket_whole     1 private   2.210925e-04 2.159368e-04
        bracket_expression     1 private   2.395712e-03 2.103454e-03
           bracket_promote     1 private   9.088388e-03 8.873896e-03
            bracket_create     1 private   2.562295e-04 2.526011e-04
 bracket_create_expression     1 private   2.751674e-03 2.496264e-03
           append_prebuilt     1 private   1.949549e-05 1.914689e-05
            data_table_row     1 private   3.485009e-06 3.444031e-06
          data_table_whole     1 private   9.122537e-06 9.061070e-06
                   set_row     1  shared   4.136900e-05 4.091812e-05
                 set_whole     1  shared   2.671150e-05 2.644490e-05
            set_expression     1  shared   4.099996e-05 4.083593e-05
                set_create     1  shared   6.225845e-05 6.084400e-05
                set_reject     1  shared   2.183253e-05 2.120732e-05
                  repl_row     1  shared   1.408349e-04 1.387645e-04
                repl_whole     1  shared   1.231229e-04 1.224772e-04
           repl_expression     1  shared   2.114718e-03 1.943328e-03
              repl_promote     1  shared   8.808153e-03 8.640976e-03
                repl_fused     1  shared   6.121505e-04 6.058366e-04
                 gen_whole     1  shared   1.271616e-04 1.244146e-04
                   gen_row     1  shared   1.752340e-04 1.735223e-04
            gen_expression     1  shared   2.681236e-03 2.466509e-03
               bracket_row     1  shared   2.349506e-04 2.323573e-04
             bracket_whole     1  shared   2.183865e-04 2.165209e-04
        bracket_expression     1  shared   2.393416e-03 2.157820e-03
           bracket_promote     1  shared   8.996445e-03 8.887181e-03
            bracket_create     1  shared   2.574596e-04 2.543947e-04
 bracket_create_expression     1  shared   2.526482e-03 2.427589e-03
           append_prebuilt     1  shared   2.259098e-05 2.153520e-05
            data_table_row     1  shared   3.628549e-06 3.525987e-06
          data_table_whole     1  shared   9.204494e-06 9.060896e-06
                   set_row   100 private   5.383312e-05 5.221349e-05
                 set_whole   100 private   5.680544e-05 5.290017e-05
            set_expression   100 private   5.180342e-05 4.866702e-05
                set_create   100 private   1.099416e-04 9.815401e-05
                set_reject   100 private   5.922443e-05 5.626230e-05
                  repl_row   100 private   2.124211e-04 1.933253e-04
                repl_whole   100 private   2.176485e-04 2.023658e-04
           repl_expression   100 private   2.152234e-03 2.121801e-03
              repl_promote   100 private   8.612891e-03 8.458823e-03
                repl_fused   100 private   7.186685e-04 6.997880e-04
                 gen_whole   100 private   1.907935e-04 1.822552e-04
                   gen_row   100 private   2.910180e-04 2.741669e-04
            gen_expression   100 private   2.567010e-03 2.534292e-03
               bracket_row   100 private   3.874500e-04 3.638444e-04
             bracket_whole   100 private   3.773024e-04 3.619992e-04
        bracket_expression   100 private   2.336467e-03 2.296800e-03
           bracket_promote   100 private   8.692123e-03 8.481875e-03
            bracket_create   100 private   4.361990e-04 4.132697e-04
 bracket_create_expression   100 private   2.724429e-03 2.695648e-03
           append_prebuilt   100 private   2.800301e-05 2.719322e-05
            data_table_row   100 private   6.354996e-06 5.811686e-06
          data_table_whole   100 private   1.449347e-05 1.229998e-05
                   set_row   100  shared   7.220113e-05 6.792671e-05
                 set_whole   100  shared   5.799450e-05 5.464285e-05
            set_expression   100  shared   7.170904e-05 6.995612e-05
                set_create   100  shared   1.043655e-04 9.572465e-05
                set_reject   100  shared   5.762547e-05 5.343324e-05
                  repl_row   100  shared   2.647165e-04 2.393785e-04
                repl_whole   100  shared   2.353810e-04 2.173205e-04
           repl_expression   100  shared   2.209941e-03 2.164780e-03
              repl_promote   100  shared   8.538455e-03 8.385207e-03
                repl_fused   100  shared   7.236501e-04 7.077010e-04
                 gen_whole   100  shared   1.931920e-04 1.794468e-04
                   gen_row   100  shared   2.875740e-04 2.659259e-04
            gen_expression   100  shared   2.582836e-03 2.544685e-03
               bracket_row   100  shared   4.065764e-04 3.873476e-04
             bracket_whole   100  shared   3.900945e-04 3.683849e-04
        bracket_expression   100  shared   2.316336e-03 2.278954e-03
           bracket_promote   100  shared   8.803172e-03 8.703921e-03
            bracket_create   100  shared   4.184869e-04 4.065970e-04
 bracket_create_expression   100  shared   2.708993e-03 2.676285e-03
           append_prebuilt   100  shared   3.228744e-05 2.988917e-05
            data_table_row   100  shared   6.560003e-06 6.047369e-06
          data_table_whole   100  shared   1.424737e-05 1.231022e-05
  p75_seconds  r_bytes native_scratch_bytes target_copy_bytes samples
 1.883949e-05        0                   16             0e+00      50
 2.628099e-05        0                    8             0e+00      50
 1.774263e-05        0                   16             0e+00      50
 6.766041e-05   408576                    0             0e+00      50
 2.267287e-05        0                    9             0e+00      50
 1.197509e-04      280                   16             0e+00      50
 1.236149e-04      280                    8             0e+00      50
 2.378717e-03 16402096                   16             8e+05      50
 8.903929e-03 28603448                    0             0e+00      50
 6.057853e-04      280               100000             0e+00      50
 1.253267e-04   400328                    0             0e+00      50
 1.797236e-04   408856                    0             0e+00      50
 2.674984e-03 16410624                    0             0e+00      50
 2.129746e-04      280                   16             0e+00      50
 2.298563e-04      280                    8             0e+00      50
 2.436394e-03 16402096                   16             8e+05      50
 9.659805e-03 28603448                    0             0e+00      50
 2.682631e-04   408856                    0             0e+00      50
 2.842048e-03 16410624                    0             0e+00      50
 2.154545e-05      280                    0             0e+00      50
 3.679714e-06        0                    0             0e+00      50
 9.255717e-06        0                    0             0e+00      50
 4.357263e-05   800048                   16             8e+05      50
 2.760324e-05   800048                    8             0e+00      50
 4.303968e-05   800048                   16             8e+05      50
 6.771152e-05   408576                    0             0e+00      50
 2.367748e-05        0                    9             0e+00      50
 1.425058e-04   800328                   16             8e+05      50
 1.250398e-04   800328                    8             0e+00      50
 2.276238e-03 16402096                   16             8e+05      50
 9.219219e-03 28603448                    0             0e+00      50
 6.330707e-04   100328               100000             0e+00      50
 1.346542e-04   408576                    0             0e+00      50
 1.828190e-04   408856                    0             0e+00      50
 2.802996e-03 16410624                    0             0e+00      50
 2.389991e-04   800328                   16             8e+05      50
 2.226299e-04   800328                    8             0e+00      50
 2.523632e-03 16402096                   16             8e+05      50
 9.542535e-03 28603448                    0             0e+00      50
 2.688882e-04   408856                    0             0e+00      50
 2.822870e-03 16410624                    0             0e+00      50
 2.413872e-05     8528                    0             0e+00      50
 3.761670e-06        0                    0             0e+00      50
 9.337731e-06        0                    0             0e+00      50
 5.816872e-05     2992                   16             0e+00      50
 6.124377e-05     2992                    8             0e+00      50
 5.638530e-05     2992                   16             0e+00      50
 1.154151e-04   411912                    0             0e+00      50
 6.527209e-05     2992                    9             0e+00      50
 2.348891e-04    13320                   16             0e+00      50
 2.339972e-04    13320                    8             0e+00      50
 2.226444e-03 16417680                   16             8e+05      50
 8.848774e-03 28616488                    0             0e+00      50
 7.348430e-04    15864               100000             0e+00      50
 1.997110e-04   400328                    0             0e+00      50
 3.030002e-04   416816                    0             0e+00      50
 2.646847e-03 16421128                    0             0e+00      50
 4.050595e-04    29128                   16             0e+00      50
 3.955680e-04    29128                    8             0e+00      50
 2.394031e-03 16433488                   16             8e+05      50
 8.817911e-03 28632296                    0             0e+00      50
 4.567809e-04   438496                    0             0e+00      50
 2.780610e-03 16442808                    0             0e+00      50
 3.019668e-05      280                    0             0e+00      50
 7.615832e-06        0                    0             0e+00      50
 1.673819e-05        0                    0             0e+00      50
 7.488648e-05   803040                   16             8e+05      50
 6.163324e-05   803040                    8             0e+00      50
 7.540919e-05   803040                   16             8e+05      50
 1.098185e-04   411912                    0             0e+00      50
 6.219692e-05     2992                    9             0e+00      50
 2.880456e-04   813368                   16             8e+05      50
 2.497002e-04   813368                    8             0e+00      50
 2.242054e-03 16417680                   16             8e+05      50
 8.745126e-03 28616488                    0             0e+00      50
 7.368725e-04   115912               100000             0e+00      50
 2.008282e-04   409368                    0             0e+00      50
 2.978753e-04   416816                    0             0e+00      50
 2.625455e-03 16421128                    0             0e+00      50
 4.184356e-04   829176                   16             8e+05      50
 4.005905e-04   829176                    8             0e+00      50
 2.345610e-03 16433488                   16             8e+05      50
 8.949111e-03 28632296                    0             0e+00      50
 4.423900e-04   438496                    0             0e+00      50
 2.768658e-03 16442808                    0             0e+00      50
 3.415300e-05     9320                    0             0e+00      50
 9.235344e-06        0                    0             0e+00      50
 1.620519e-05        0                    0             0e+00      50
