   Compiling proc-macro2 v1.0.107
   Compiling unicode-ident v1.0.24
   Compiling quote v1.0.47
    Checking cfg-if v1.0.4
   Compiling autocfg v1.5.1
   Compiling libm v0.2.16
   Compiling version_check v0.9.5
   Compiling libc v0.2.189
   Compiling zerocopy v0.8.56
   Compiling find-msvc-tools v0.1.11
   Compiling shlex v2.0.1
   Compiling pkg-config v0.3.34
   Compiling getrandom v0.3.4
   Compiling getrandom v0.4.3
    Checking rand_core v0.10.1
    Checking core-foundation-sys v0.8.7
    Checking bytes v1.12.1
   Compiling semver v1.0.28
    Checking chacha20 v0.10.2
    Checking arrow-schema v59.2.0
    Checking iana-time-zone v0.1.65
   Compiling generic-array v0.14.7
   Compiling ahash v0.8.12
   Compiling rustc_version v0.4.1
   Compiling num-traits v0.2.19
    Checking once_cell v1.21.4
    Checking typenum v1.20.1
   Compiling zstd-safe v7.2.4
   Compiling serde_core v1.0.229
    Checking hashbrown v0.17.1
   Compiling flatbuffers v25.12.19
   Compiling zmij v1.0.23
   Compiling thiserror v2.0.19
   Compiling serde v1.0.229
   Compiling unicode-general-category v1.1.0
   Compiling serde_json v1.0.151
    Checking bitflags v2.13.1
    Checking memchr v2.8.3
    Checking itoa v1.0.18
    Checking encoding_rs v0.8.35
   Compiling syn v2.0.119
   Compiling syn v3.0.3
   Compiling jobserver v0.1.35
   Compiling cc v1.4.4
    Checking cpufeatures v0.2.17
    Checking rand v0.10.2
    Checking crypto-common v0.1.7
    Checking block-buffer v0.10.4
    Checking twox-hash v2.1.4
    Checking digest v0.10.7
    Checking sha2 v0.10.9
    Checking lz4_flex v0.14.0
   Compiling serde_derive v1.0.229
   Compiling thiserror-impl v2.0.19
   Compiling zstd-sys v2.0.16+zstd.1.5.7
    Checking num-integer v0.1.47
    Checking num-complex v0.4.6
    Checking chrono v0.4.45
    Checking num-bigint v0.5.1
   Compiling zerocopy-derive v0.8.56
    Checking half v2.7.1
    Checking zstd v0.13.3
    Checking arrow-buffer v59.2.0
    Checking arrow-data v59.2.0
    Checking arrow-array v59.2.0
    Checking arrow-select v59.2.0
    Checking arrow-ipc v59.2.0
    Checking dta-tools v0.7.1 (/private/tmp/dta-direct-stage4-validation/workspace-c8ca0a4/r-package/dtatools/src/dta-tools)
    Finished `dev` profile [unoptimized + debuginfo] target(s) in 7.39s
