  family operation   rows median_ms r_allocated_bytes
1 direct    rename 100000  0.494501             84056
           family operation   rows median_ms r_allocated_bytes
1 safe_delegation    rename 100000  0.479003             83776
  family operation   rows median_ms r_allocated_bytes
1 direct    select 100000  0.461455             84208
           family operation   rows median_ms r_allocated_bytes
1 safe_delegation    select 100000  0.481381             83928
  family operation   rows median_ms r_allocated_bytes
1 direct  relocate 100000  0.585767             86488
           family operation   rows median_ms r_allocated_bytes
1 safe_delegation  relocate 100000  0.570392             86424
  family     operation   rows median_ms r_allocated_bytes
1 direct pipeline_five 100000  2.756553            422240
           family     operation   rows median_ms r_allocated_bytes
1 safe_delegation pipeline_five 100000  1.458575             98248
  family operation    rows median_ms r_allocated_bytes
1 direct    rename 1000000  0.486301             84056
           family operation    rows median_ms r_allocated_bytes
1 safe_delegation    rename 1000000  0.472812             83776
  family operation    rows median_ms r_allocated_bytes
1 direct    select 1000000  0.461824             84208
           family operation    rows median_ms r_allocated_bytes
1 safe_delegation    select 1000000  0.497043             83928
  family operation    rows median_ms r_allocated_bytes
1 direct  relocate 1000000  0.585152             86488
           family operation    rows median_ms r_allocated_bytes
1 safe_delegation  relocate 1000000  0.572155             86424
  family     operation    rows median_ms r_allocated_bytes
1 direct pipeline_five 1000000  2.721867            422240
           family     operation    rows median_ms r_allocated_bytes
1 safe_delegation pipeline_five 1000000  1.383627             98248
  family operation   rows median_ms r_allocated_bytes
1   read       sum 100000  0.139318                 0
  family operation   rows median_ms r_allocated_bytes
1   read      mean 100000  0.134603                 0
  family operation   rows median_ms r_allocated_bytes
1   read     range 100000  0.693679           1600096
  family       operation   rows  median_ms r_allocated_bytes
1   read coercion_double 100000 0.01180801                 0
  family        operation   rows  median_ms r_allocated_bytes
1   read coercion_integer 100000 0.05694901            400048
  family         operation   rows median_ms r_allocated_bytes
1   read export_data_frame 100000  0.129273                 0
  family     operation   rows median_ms r_allocated_bytes
1   read export_tibble 100000  0.122508                 0
  family  operation   rows median_ms r_allocated_bytes
1   read arithmetic 100000  1.789814          15601768
  family         operation   rows median_ms r_allocated_bytes
1   read mutate_arithmetic 100000  2.407643          15684520
  family   operation   rows median_ms r_allocated_bytes
1   read filter_half 100000  3.564991           5083096
  family  operation   rows median_ms r_allocated_bytes
1   read row_subset 100000  0.884534           4690168
  family operation   rows median_ms r_allocated_bytes
1   read  read_dta 100000  2.569019           6481168
  family operation   rows median_ms r_allocated_bytes
1   read write_dta 100000  1.886246              2552
  family  operation   rows median_ms r_allocated_bytes
1   read read_arrow 100000   1.64779           6481168
  family   operation   rows median_ms r_allocated_bytes
1   read write_arrow 100000  10.99821              1680
  family operation    rows median_ms r_allocated_bytes
1   read       sum 1000000  1.123195                 0
  family operation    rows median_ms r_allocated_bytes
1   read      mean 1000000   1.13816                 0
  family operation    rows median_ms r_allocated_bytes
1   read     range 1000000   6.50178          16000096
  family       operation    rows  median_ms r_allocated_bytes
1   read coercion_double 1000000 0.01189001                 0
  family        operation    rows median_ms r_allocated_bytes
1   read coercion_integer 1000000  0.451697           4000048
  family         operation    rows median_ms r_allocated_bytes
1   read export_data_frame 1000000  0.146985                 0
  family     operation    rows median_ms r_allocated_bytes
1   read export_tibble 1000000   0.12628                 0
  family  operation    rows median_ms r_allocated_bytes
1   read arithmetic 1000000  18.44684         156001768
  family         operation    rows median_ms r_allocated_bytes
1   read mutate_arithmetic 1000000  19.66754         156084520
  family   operation    rows median_ms r_allocated_bytes
1   read filter_half 1000000   27.0889          50083096
  family  operation    rows median_ms r_allocated_bytes
1   read row_subset 1000000  5.228443          46090168
  family operation    rows median_ms r_allocated_bytes
1   read  read_dta 1000000  4.520824          64081168
  family operation    rows median_ms r_allocated_bytes
1   read write_dta 1000000  12.23473              2552
  family  operation    rows median_ms r_allocated_bytes
1   read read_arrow 1000000  13.76784          64081168
  family   operation    rows median_ms r_allocated_bytes
1   read write_arrow 1000000  46.89129              1680
All baseline operation, source preservation and captured-mask checks passed.
