memory-string-rename-100000.log passed
memory-string-pipeline_five-100000.log passed
memory-string-pipeline_50-100000.log passed
memory-string-rename-1000000.log passed
memory-string-pipeline_five-1000000.log passed
memory-string-pipeline_50-1000000.log passed
memory-declared_character-rename-100000.log passed
memory-declared_character-pipeline_five-100000.log passed
memory-declared_character-pipeline_50-100000.log passed
memory-declared_character-rename-1000000.log passed
memory-declared_character-pipeline_five-1000000.log passed
memory-declared_character-pipeline_50-1000000.log passed
memory-logical-rename-100000.log passed
memory-logical-pipeline_five-100000.log passed
memory-logical-pipeline_50-100000.log passed
memory-logical-rename-1000000.log passed
memory-logical-pipeline_five-1000000.log passed
memory-logical-pipeline_50-1000000.log passed
memory-factor-rename-100000.log passed
memory-factor-pipeline_five-100000.log passed
memory-factor-pipeline_50-100000.log passed
memory-factor-rename-1000000.log passed
memory-factor-pipeline_five-1000000.log passed
memory-factor-pipeline_50-1000000.log passed
memory-ordered-rename-100000.log passed
memory-ordered-pipeline_five-100000.log passed
memory-ordered-pipeline_50-100000.log passed
memory-ordered-rename-1000000.log passed
memory-ordered-pipeline_five-1000000.log passed
memory-ordered-pipeline_50-1000000.log passed
memory candidate complete: /private/tmp/dta-direct-stage4-validation/candidate-e343b3b-b259ad5
