  family operation   rows median_ms r_allocated_bytes
1 direct    rename 100000  0.708685          12844648
           family operation   rows median_ms r_allocated_bytes
1 safe_delegation    rename 100000  0.657845          12844368
  family operation   rows median_ms r_allocated_bytes
1 direct    select 100000  0.649645          12844800
           family operation   rows median_ms r_allocated_bytes
1 safe_delegation    select 100000   0.67527          12844520
  family operation   rows median_ms r_allocated_bytes
1 direct  relocate 100000  0.771579          12847080
           family operation   rows median_ms r_allocated_bytes
1 safe_delegation  relocate 100000  0.763256          12847016
  family     operation   rows median_ms r_allocated_bytes
1 direct pipeline_five 100000  4.612172          63425152
           family     operation   rows median_ms r_allocated_bytes
1 safe_delegation pipeline_five 100000  1.619131          12858840
  family operation    rows median_ms r_allocated_bytes
1 direct    rename 1000000  2.194976         128044648
           family operation    rows median_ms r_allocated_bytes
1 safe_delegation    rename 1000000  2.177633         128044368
  family operation    rows median_ms r_allocated_bytes
1 direct    select 1000000  2.158404         128044800
           family operation    rows median_ms r_allocated_bytes
1 safe_delegation    select 1000000  2.175419         128044520
  family operation    rows median_ms r_allocated_bytes
1 direct  relocate 1000000  2.335319         128047080
           family operation    rows median_ms r_allocated_bytes
1 safe_delegation  relocate 1000000  2.281937         128047016
  family     operation    rows median_ms r_allocated_bytes
1 direct pipeline_five 1000000  26.10548         632225152
           family     operation    rows median_ms r_allocated_bytes
1 safe_delegation pipeline_five 1000000  3.158066         128058840
  family operation   rows median_ms r_allocated_bytes
1   read       sum 100000  0.139646            800048
  family operation   rows median_ms r_allocated_bytes
1   read      mean 100000  0.134029            800048
  family operation   rows median_ms r_allocated_bytes
1   read     range 100000  0.728529           1600096
  family       operation   rows median_ms r_allocated_bytes
1   read coercion_double 100000  0.021853            800048
  family        operation   rows median_ms r_allocated_bytes
1   read coercion_integer 100000  0.069905           1200096
  family         operation   rows median_ms r_allocated_bytes
1   read export_data_frame 100000  0.130503                 0
  family     operation   rows median_ms r_allocated_bytes
1   read export_tibble 100000  0.214307           6400384
  family  operation   rows median_ms r_allocated_bytes
1   read arithmetic 100000  1.751028          16401816
  family         operation   rows median_ms r_allocated_bytes
1   read mutate_arithmetic 100000  2.530725          25244984
  family   operation   rows median_ms r_allocated_bytes
1   read filter_half 100000  8.187782          72255016
  family  operation   rows median_ms r_allocated_bytes
1   read row_subset 100000  0.883304           4650056
  family operation   rows median_ms r_allocated_bytes
1   read  read_dta 100000  2.721621          19241544
  family operation   rows median_ms r_allocated_bytes
1   read write_dta 100000  2.056109              2552
  family  operation   rows median_ms r_allocated_bytes
1   read read_arrow 100000  1.983457          12841160
  family   operation   rows median_ms r_allocated_bytes
1   read write_arrow 100000  11.23297              1680
  family operation    rows median_ms r_allocated_bytes
1   read       sum 1000000  1.219504           8000048
  family operation    rows median_ms r_allocated_bytes
1   read      mean 1000000  1.245006           8000048
  family operation    rows median_ms r_allocated_bytes
1   read     range 1000000  7.066022          16000096
  family       operation    rows median_ms r_allocated_bytes
1   read coercion_double 1000000   0.11193           8000048
  family        operation    rows median_ms r_allocated_bytes
1   read coercion_integer 1000000  0.553213          12000096
  family         operation    rows median_ms r_allocated_bytes
1   read export_data_frame 1000000  0.129437                 0
  family     operation    rows median_ms r_allocated_bytes
1   read export_tibble 1000000  1.007944          64000384
  family  operation    rows median_ms r_allocated_bytes
1   read arithmetic 1000000  17.56481         164001816
  family         operation    rows median_ms r_allocated_bytes
1   read mutate_arithmetic 1000000  20.53989         252044984
  family   operation    rows median_ms r_allocated_bytes
1   read filter_half 1000000  68.78525         722055016
  family  operation    rows median_ms r_allocated_bytes
1   read row_subset 1000000  5.055833          46050056
  family operation    rows median_ms r_allocated_bytes
1   read  read_dta 1000000   7.09587         192041544
  family operation    rows median_ms r_allocated_bytes
1   read write_dta 1000000  12.40812              2552
  family  operation    rows median_ms r_allocated_bytes
1   read read_arrow 1000000  15.28706         128041160
  family   operation    rows median_ms r_allocated_bytes
1   read write_arrow 1000000  49.80684              1680
All baseline operation, source preservation and captured-mask checks passed.
