source_sha c6696c9915c0b5e951727d1f3ed9ec80cfeffd68
kind dict_string
runner_md5 41a5731788317005587688adb65b2ef7
retained_vector_heap_bytes 64004656
nominal_result_bytes 64022696
        2.97 real         2.95 user         0.09 sys
          1377796096  maximum resident set size
                   0  average shared memory size
                   0  average unshared data size
                   0  average unshared stack size
               97865  page reclaims
                  37  page faults
                   0  swaps
                   0  block input operations
                   0  block output operations
                   0  messages sent
                   0  messages received
                   0  signals received
                  75  voluntary context switches
                 380  involuntary context switches
         75949513678  instructions retired
         13611418630  cycles elapsed
          1360528944  peak memory footprint
