source_sha c6696c9915c0b5e951727d1f3ed9ec80cfeffd68 
kind string 
runner_md5 41a5731788317005587688adb65b2ef7 
retained_vector_heap_bytes 64000088 
nominal_result_bytes 64019112 
        2.42 real         2.35 user         0.05 sys
          1341046784  maximum resident set size
                   0  average shared memory size
                   0  average unshared data size
                   0  average unshared stack size
               96518  page reclaims
                  37  page faults
                   0  swaps
                   0  block input operations
                   0  block output operations
                   0  messages sent
                   0  messages received
                   0  signals received
                   9  voluntary context switches
                  81  involuntary context switches
         60020897169  instructions retired
         10799144951  cycles elapsed
          1325319680  peak memory footprint
