
Attaching package: ‘dplyr’

The following objects are masked from ‘package:dtatools’:

    recode, replace_values

The following objects are masked from ‘package:stats’:

    filter, lag

The following objects are masked from ‘package:base’:

    intersect, setdiff, setequal, union

Tracing function ".as_mutation_data" in package "namespace:dtatools"
Tracing function ".prepare_dibble_frame" in package
"namespace:dtatools"
Tracing function ".validate_group_metadata" in package
"namespace:dtatools"
Tracing function ".build_group_metadata" in package
"namespace:dtatools"
.as_mutation_data 
 dplyr_reconstruct(candidate, data)
dplyr_reconstruct_dispatch(data, template)
dplyr_reconstruct.dtatools_ref_data(data, template)
.reconstruct_dibble(data, template)
.as_mutation_data(template, allow_grouped = TRUE)
.doTrace(.dta_calls[[length(.dta_calls) + 1L]] <<- list(name = ".as_mutation_data",      calls = vapply(sys.calls(), function(x) paste(deparse(x),          collapse = " "), character(1))))
eval.parent(exprObj) 

.validate_group_metadata 
 dplyr_reconstruct(candidate, data)
dplyr_reconstruct_dispatch(data, template)
dplyr_reconstruct.dtatools_ref_data(data, template)
.reconstruct_dibble(data, template)
.as_mutation_data(template, allow_grouped = TRUE)
.validate_group_metadata(data, columns, names, row_count)
.doTrace(.dta_calls[[length(.dta_calls) + 1L]] <<- list(name = ".validate_group_metadata",      calls = vapply(sys.calls(), function(x) paste(deparse(x),          collapse = " "), character(1))))
eval.parent(exprObj) 

.prepare_dibble_frame 
 dplyr_reconstruct(candidate, data)
dplyr_reconstruct_dispatch(data, template)
dplyr_reconstruct.dtatools_ref_data(data, template)
.reconstruct_dibble(data, template)
.finish_dibble_result(context, result, grouping = function(value) .restore_group_metadata(value,      template))
.prepare_dibble_frame(result)
.doTrace(.dta_calls[[length(.dta_calls) + 1L]] <<- list(name = ".prepare_dibble_frame",      calls = vapply(sys.calls(), function(x) paste(deparse(x),          collapse = " "), character(1))))
eval.parent(exprObj) 

.as_mutation_data 
 dplyr_reconstruct(candidate, data)
dplyr_reconstruct_dispatch(data, template)
dplyr_reconstruct.dtatools_ref_data(data, template)
.reconstruct_dibble(data, template)
.finish_dibble_result(context, result, grouping = function(value) .restore_group_metadata(value,      template))
.prepare_dibble_frame(result)
.as_mutation_data(x, allow_grouped = TRUE)
.doTrace(.dta_calls[[length(.dta_calls) + 1L]] <<- list(name = ".as_mutation_data",      calls = vapply(sys.calls(), function(x) paste(deparse(x),          collapse = " "), character(1))))
eval.parent(exprObj) 

.validate_group_metadata 
 dplyr_reconstruct(candidate, data)
dplyr_reconstruct_dispatch(data, template)
dplyr_reconstruct.dtatools_ref_data(data, template)
.reconstruct_dibble(data, template)
.finish_dibble_result(context, result, grouping = function(value) .restore_group_metadata(value,      template))
.prepare_dibble_frame(result)
.as_mutation_data(x, allow_grouped = TRUE)
.validate_group_metadata(data, columns, names, row_count)
.doTrace(.dta_calls[[length(.dta_calls) + 1L]] <<- list(name = ".validate_group_metadata",      calls = vapply(sys.calls(), function(x) paste(deparse(x),          collapse = " "), character(1))))
eval.parent(exprObj) 

.build_group_metadata 
 dplyr_reconstruct(candidate, data)
dplyr_reconstruct_dispatch(data, template)
dplyr_reconstruct.dtatools_ref_data(data, template)
.reconstruct_dibble(data, template)
.finish_dibble_result(context, result, grouping = function(value) .restore_group_metadata(value,      template))
grouping(result)
.restore_group_metadata(value, template)
.build_group_metadata(.data_columns(result), keys, nrow(result),      drop = .group_drop_default(template), rowwise = rowwise)
.doTrace(.dta_calls[[length(.dta_calls) + 1L]] <<- list(name = ".build_group_metadata",      calls = vapply(sys.calls(), function(x) paste(deparse(x),          collapse = " "), character(1))))
eval.parent(exprObj) 

.validate_group_metadata 
 dplyr_reconstruct(candidate, data)
dplyr_reconstruct_dispatch(data, template)
dplyr_reconstruct.dtatools_ref_data(data, template)
.reconstruct_dibble(data, template)
.finish_dibble_result(context, result, grouping = function(value) .restore_group_metadata(value,      template))
.validate_group_metadata(result)
.doTrace(.dta_calls[[length(.dta_calls) + 1L]] <<- list(name = ".validate_group_metadata",      calls = vapply(sys.calls(), function(x) paste(deparse(x),          collapse = " "), character(1))))
eval.parent(exprObj) 

