source_sha e343b3b56a8529e9ee0ac40f8bd88beebcd2be15
library /private/tmp/dta-direct-stage4-validation/candidate-e343b3b-library
mode candidate
runner_md5 benchmarks/r-dibble-dplyr/helpers.R d6c0341379dd025e4e0492d6b14f4d22
runner_md5 benchmarks/r-dibble-dplyr/owned-double-helpers.R 4d31109f49d89bbcdbfbb989dccf5334
runner_md5 benchmarks/r-dibble-dplyr/owned-atomic-helpers.R df5f3183107290847a82415124d44d49
runner_md5 benchmarks/r-dibble-dplyr/owned-atomic.R 7e87cb5f50a51ea4c571f27d3a329bca
runner_md5 benchmarks/r-dibble-dplyr/owned-atomic-memory.R d8bd50bb040618201a2817031b47100c
R version 4.6.1 (2026-06-24)
Platform: aarch64-apple-darwin25.4.0
Running under: macOS Tahoe 26.6.2

Matrix products: default
BLAS:   /opt/homebrew/Cellar/openblas/0.3.34/lib/libopenblasp-r0.3.34.dylib 
LAPACK: /opt/homebrew/Cellar/r/4.6.1/lib/R/lib/libRlapack.dylib;  LAPACK version 3.12.1

locale:
[1] C.UTF-8/C.UTF-8/C.UTF-8/C/C.UTF-8/C.UTF-8

time zone: America/New_York
tzcode source: internal

attached base packages:
[1] stats     graphics  grDevices utils     datasets  methods   base     

other attached packages:
[1] dplyr_1.2.1    dtatools_0.7.1

loaded via a namespace (and not attached):
 [1] tidyselect_1.2.1 compiler_4.6.1   magrittr_2.0.5   R6_2.6.1        
 [5] generics_0.1.4   cli_3.6.6        tools_4.6.1      pillar_1.11.1   
 [9] glue_1.8.1       tibble_3.3.1     vctrs_0.7.3      lifecycle_1.0.5 
[13] pkgconfig_2.0.3  rlang_1.3.0      
kind declared_character 
operation rename 
rows 1000000 
retained_with_source_vector_heap_bytes 81368 
vector_heap_bytes_after_drop_source 137008096 
nominal_result_bytes 128014112 
vector_heap_bytes_after_drop_result 8927088 
prefixture_vector_heap_bytes 8982808 
excess_after_drop_result_bytes -55720 
released_with_last_result_bytes 128081008 
        4.79 real         4.72 user         0.05 sys
          1130594304  maximum resident set size
                   0  average shared memory size
                   0  average unshared data size
                   0  average unshared stack size
               73432  page reclaims
                  37  page faults
                   0  swaps
                   0  block input operations
                   0  block output operations
                   0  messages sent
                   0  messages received
                   0  signals received
                   9  voluntary context switches
                 101  involuntary context switches
        120525193477  instructions retired
         21448460153  cycles elapsed
          1113818528  peak memory footprint
