| Call | Median | Allocation | Iterations |
| --- | ---: | ---: | ---: |
| `repl_whole_column` | 41.1 µs | 781.3 KB | 200 |
| `repl_single_row` | 29.0 µs | 0 B | 200 |
| `set_dta_values_whole_column` | 10.0 µs | 0 B | 200 |
| `set_dta_values_single_row` | 1.8 µs | 0 B | 200 |
| `set_whole_column` | 7.5 µs | 0 B | 200 |
| `set_single_row` | 1.8 µs | 0 B | 200 |
| `repl_row_loop` | 28.8 ms | 37.1 KB | 3 |
| `set_dta_values_row_loop` | 2.0 ms | 9.6 KB | 3 |
| `set_row_loop` | 2.0 ms | 24.0 KB | 3 |

benchmark_source_sha	8ef15b826f6bb88eed8c5a401b5ba6601ecb2fbc
benchmark_source_tree	13976093639e2dc3815e4853aadea2a2f076fda8
rows	100000
loop_rows	1000
dtatools	0.10.0
data.table	1.18.6.1
bench	1.1.4
R	4.6.1	aarch64-apple-darwin25.4.0
host	Darwin 25.6.0 arm64
