  family operation   rows median_ms r_allocated_bytes
1 direct    rename 100000  0.495854             84056
           family operation   rows median_ms r_allocated_bytes
1 safe_delegation    rename 100000  0.480192             83776
  family operation   rows median_ms r_allocated_bytes
1 direct    select 100000  0.465145             84208
           family operation   rows median_ms r_allocated_bytes
1 safe_delegation    select 100000  0.522873             83928
  family operation   rows median_ms r_allocated_bytes
1 direct  relocate 100000  0.588596             86488
           family operation   rows median_ms r_allocated_bytes
1 safe_delegation  relocate 100000  0.574656             86424
  family     operation   rows median_ms r_allocated_bytes
1 direct pipeline_five 100000  2.738636            422240
           family     operation   rows median_ms r_allocated_bytes
1 safe_delegation pipeline_five 100000  1.415443             98248
  family operation    rows median_ms r_allocated_bytes
1 direct    rename 1000000  0.487449             84056
           family operation    rows median_ms r_allocated_bytes
1 safe_delegation    rename 1000000  0.484825             83776
  family operation    rows median_ms r_allocated_bytes
1 direct    select 1000000  0.460963             84208
           family operation    rows median_ms r_allocated_bytes
1 safe_delegation    select 1000000  0.496059             83928
  family operation    rows median_ms r_allocated_bytes
1 direct  relocate 1000000   0.58097             86488
           family operation    rows median_ms r_allocated_bytes
1 safe_delegation  relocate 1000000  0.581257             86424
  family     operation    rows median_ms r_allocated_bytes
1 direct pipeline_five 1000000  2.724942            422240
           family     operation    rows median_ms r_allocated_bytes
1 safe_delegation pipeline_five 1000000  1.376862             98248
  family operation   rows median_ms r_allocated_bytes
1   read       sum 100000  0.138293                 0
  family operation   rows median_ms r_allocated_bytes
1   read      mean 100000  0.132184                 0
  family operation   rows median_ms r_allocated_bytes
1   read     range 100000  2.133763           1600096
  family       operation   rows median_ms r_allocated_bytes
1   read coercion_double 100000   0.01148                 0
  family        operation   rows median_ms r_allocated_bytes
1   read coercion_integer 100000  0.362809            400048
  family         operation   rows median_ms r_allocated_bytes
1   read export_data_frame 100000  0.129519                 0
  family     operation   rows median_ms r_allocated_bytes
1   read export_tibble 100000   0.12095                 0
  family  operation   rows median_ms r_allocated_bytes
1   read arithmetic 100000  2.070787          15601768
  family         operation   rows median_ms r_allocated_bytes
1   read mutate_arithmetic 100000  2.768197          15684520
  family   operation   rows median_ms r_allocated_bytes
1   read filter_half 100000   13.7537          49893208
  family  operation   rows median_ms r_allocated_bytes
1   read row_subset 100000  0.915489           4690168
  family operation   rows median_ms r_allocated_bytes
1   read  read_dta 100000   2.56086           6481168
  family operation   rows median_ms r_allocated_bytes
1   read write_dta 100000  2.038397              2552
  family  operation   rows median_ms r_allocated_bytes
1   read read_arrow 100000  1.899571           6481168
  family   operation   rows median_ms r_allocated_bytes
1   read write_arrow 100000  10.94356              1680
  family operation    rows median_ms r_allocated_bytes
1   read       sum 1000000  1.123236                 0
  family operation    rows median_ms r_allocated_bytes
1   read      mean 1000000  1.149271                 0
  family operation    rows median_ms r_allocated_bytes
1   read     range 1000000   21.0264          16000096
  family       operation    rows median_ms r_allocated_bytes
1   read coercion_double 1000000  0.011644                 0
  family        operation    rows median_ms r_allocated_bytes
1   read coercion_integer 1000000  3.518128           4000048
  family         operation    rows median_ms r_allocated_bytes
1   read export_data_frame 1000000  0.131897                 0
  family     operation    rows median_ms r_allocated_bytes
1   read export_tibble 1000000  0.122918                 0
  family  operation    rows median_ms r_allocated_bytes
1   read arithmetic 1000000  21.45805         156001768
  family         operation    rows median_ms r_allocated_bytes
1   read mutate_arithmetic 1000000  22.48005         156084520
  family   operation    rows median_ms r_allocated_bytes
1   read filter_half 1000000  127.1962         498093208
  family  operation    rows median_ms r_allocated_bytes
1   read row_subset 1000000  5.124549          46090168
  family operation    rows median_ms r_allocated_bytes
1   read  read_dta 1000000  4.571213          64081168
  family operation    rows median_ms r_allocated_bytes
1   read write_dta 1000000   12.1624              2552
  family  operation    rows median_ms r_allocated_bytes
1   read read_arrow 1000000  13.75968          64081168
  family   operation    rows median_ms r_allocated_bytes
1   read write_arrow 1000000  48.85392              1680
All candidate operation, source preservation and captured-mask checks passed.
Candidate owned allocation and backing checks passed.
