  family operation   rows median_ms r_allocated_bytes
1 direct    rename 100000   0.48913             84056
           family operation   rows median_ms r_allocated_bytes
1 safe_delegation    rename 100000  0.476953             83776
  family operation   rows median_ms r_allocated_bytes
1 direct    select 100000  0.462521             84208
           family operation   rows median_ms r_allocated_bytes
1 safe_delegation    select 100000  0.485317             83928
  family operation   rows median_ms r_allocated_bytes
1 direct  relocate 100000  0.580888             86488
           family operation   rows median_ms r_allocated_bytes
1 safe_delegation  relocate 100000  0.566415             86424
  family     operation   rows median_ms r_allocated_bytes
1 direct pipeline_five 100000  2.713585            422240
           family     operation   rows median_ms r_allocated_bytes
1 safe_delegation pipeline_five 100000   1.40753             98248
  family operation    rows median_ms r_allocated_bytes
1 direct    rename 1000000  0.492164             84056
           family operation    rows median_ms r_allocated_bytes
1 safe_delegation    rename 1000000  0.474739             83776
  family operation    rows median_ms r_allocated_bytes
1 direct    select 1000000  0.460307             84208
           family operation    rows median_ms r_allocated_bytes
1 safe_delegation    select 1000000   0.49569             83928
  family operation    rows median_ms r_allocated_bytes
1 direct  relocate 1000000  0.583184             86488
           family operation    rows median_ms r_allocated_bytes
1 safe_delegation  relocate 1000000  0.632671             86424
  family     operation    rows median_ms r_allocated_bytes
1 direct pipeline_five 1000000  2.735643            422240
           family     operation    rows median_ms r_allocated_bytes
1 safe_delegation pipeline_five 1000000  1.365956             98248
  family operation   rows median_ms r_allocated_bytes
1   read       sum 100000  0.138703                 0
  family operation   rows median_ms r_allocated_bytes
1   read      mean 100000  0.132553                 0
  family operation   rows median_ms r_allocated_bytes
1   read     range 100000  2.130893           1600096
  family       operation   rows median_ms r_allocated_bytes
1   read coercion_double 100000  0.011726                 0
  family        operation   rows median_ms r_allocated_bytes
1   read coercion_integer 100000  0.362727            400048
  family         operation   rows median_ms r_allocated_bytes
1   read export_data_frame 100000  0.132348                 0
  family     operation   rows median_ms r_allocated_bytes
1   read export_tibble 100000  0.121155                 0
  family  operation   rows median_ms r_allocated_bytes
1   read arithmetic 100000  2.051927          15601768
  family         operation   rows median_ms r_allocated_bytes
1   read mutate_arithmetic 100000  2.709116          15684520
  family   operation   rows median_ms r_allocated_bytes
1   read filter_half 100000  13.74607          49893208
  family  operation   rows median_ms r_allocated_bytes
1   read row_subset 100000  0.898474           4690168
  family operation   rows median_ms r_allocated_bytes
1   read  read_dta 100000  2.552865           6481168
  family operation   rows median_ms r_allocated_bytes
1   read write_dta 100000  2.028557              2552
  family  operation   rows median_ms r_allocated_bytes
1   read read_arrow 100000  1.555622           6481168
  family   operation   rows median_ms r_allocated_bytes
1   read write_arrow 100000  11.04269              1680
  family operation    rows median_ms r_allocated_bytes
1   read       sum 1000000  1.123892                 0
  family operation    rows median_ms r_allocated_bytes
1   read      mean 1000000  1.148615                 0
  family operation    rows median_ms r_allocated_bytes
1   read     range 1000000  21.02181          16000096
  family       operation    rows  median_ms r_allocated_bytes
1   read coercion_double 1000000 0.01180801                 0
  family        operation    rows median_ms r_allocated_bytes
1   read coercion_integer 1000000  3.529526           4000048
  family         operation    rows median_ms r_allocated_bytes
1   read export_data_frame 1000000  0.131323                 0
  family     operation    rows median_ms r_allocated_bytes
1   read export_tibble 1000000  0.123615                 0
  family  operation    rows median_ms r_allocated_bytes
1   read arithmetic 1000000  21.13169         156001768
  family         operation    rows median_ms r_allocated_bytes
1   read mutate_arithmetic 1000000  21.98244         156084520
  family   operation    rows median_ms r_allocated_bytes
1   read filter_half 1000000  126.9479         498093208
  family  operation    rows median_ms r_allocated_bytes
1   read row_subset 1000000   5.20208          46090168
  family operation    rows median_ms r_allocated_bytes
1   read  read_dta 1000000  4.568671          64081168
  family operation    rows median_ms r_allocated_bytes
1   read write_dta 1000000  11.92604              2552
  family  operation    rows median_ms r_allocated_bytes
1   read read_arrow 1000000  13.81831          64081168
  family   operation    rows median_ms r_allocated_bytes
1   read write_arrow 1000000  48.13265              1680
All candidate operation, source preservation and captured-mask checks passed.
Candidate owned allocation and backing checks passed.
