source_sha ec10a6ac34602f3bd691e8043019c1b479babda4
library /private/tmp/dta-direct-stage4-validation/baseline-library
mode baseline
runner_md5 benchmarks/r-dibble-dplyr/helpers.R d6c0341379dd025e4e0492d6b14f4d22
runner_md5 benchmarks/r-dibble-dplyr/owned-double-helpers.R 4d31109f49d89bbcdbfbb989dccf5334
runner_md5 benchmarks/r-dibble-dplyr/owned-double.R ee0e2fa5ef4e447efaebbf89199e9939
runner_md5 benchmarks/r-dibble-dplyr/owned-double-memory.R 5edf6459397ea2166f0b578ed549a6de
R version 4.6.1 (2026-06-24)
Platform: aarch64-apple-darwin25.4.0
Running under: macOS Tahoe 26.6.2

Matrix products: default
BLAS:   /opt/homebrew/Cellar/openblas/0.3.34/lib/libopenblasp-r0.3.34.dylib 
LAPACK: /opt/homebrew/Cellar/r/4.6.1/lib/R/lib/libRlapack.dylib;  LAPACK version 3.12.1

locale:
[1] C.UTF-8/C.UTF-8/C.UTF-8/C/C.UTF-8/C.UTF-8

time zone: America/New_York
tzcode source: internal

attached base packages:
[1] stats     graphics  grDevices utils     datasets  methods   base     

other attached packages:
[1] dplyr_1.2.1    dtatools_0.7.1

loaded via a namespace (and not attached):
 [1] tidyselect_1.2.1 compiler_4.6.1   magrittr_2.0.5   R6_2.6.1        
 [5] generics_0.1.4   cli_3.6.6        tools_4.6.1      pillar_1.11.1   
 [9] glue_1.8.1       tibble_3.3.1     vctrs_0.7.3      lifecycle_1.0.5 
[13] pkgconfig_2.0.3  rlang_1.3.0      
operation pipeline_50 
rows 40 
retained_with_source_vector_heap_bytes 93360 
vector_heap_bytes_after_drop_source 9548400 
nominal_result_bytes 26272 
vector_heap_bytes_after_drop_result 9462392 
prefixture_vector_heap_bytes 9434160 
excess_after_drop_result_bytes 28232 
released_with_last_result_bytes 86008 
heap_source_sha ec10a6ac34602f3bd691e8043019c1b479babda4 
heap_library /private/tmp/dta-direct-stage4-validation/baseline-library 
heap_mode baseline 
heap_kind double 
heap_operation pipeline_50 
heap_rows 40 
heap_header_bytes_per_cell 56 
heap_runner_md5 benchmarks/r-dibble-dplyr/helpers.R d6c0341379dd025e4e0492d6b14f4d22
heap_runner_md5 benchmarks/r-dibble-dplyr/owned-double-helpers.R 4d31109f49d89bbcdbfbb989dccf5334
heap_runner_md5 benchmarks/r-dibble-dplyr/owned-atomic-helpers.R df5f3183107290847a82415124d44d49
heap_runner_md5 benchmarks/r-dibble-dplyr/owned-double.R ee0e2fa5ef4e447efaebbf89199e9939
heap_runner_md5 benchmarks/r-dibble-dplyr/owned-double-memory.R 5edf6459397ea2166f0b578ed549a6de
heap_runner_md5 benchmarks/r-dibble-dplyr/owned-atomic.R 7e87cb5f50a51ea4c571f27d3a329bca
heap_runner_md5 benchmarks/r-dibble-dplyr/owned-atomic-memory.R d8bd50bb040618201a2817031b47100c
heap_runner_md5 benchmarks/r-dibble-dplyr/owned-heap.R 03598c5f1a12332ef2cb17c0a8a2269c

heap_retained_header_cells 2385
heap_excess_header_cells_after_drop_result 2776
heap_retained_tracked_heap_bytes 226920
heap_excess_tracked_heap_bytes_after_drop_result 183688
heap_released_tracked_heap_bytes_with_last_result 94744
heap_checkpoint prefixture header_cells 690647 vector_bytes 9434160 header_reported_mb 36.9 
heap_checkpoint prior header_cells 691107 vector_bytes 9538960 header_reported_mb 37 
heap_checkpoint after_result header_cells 693492 vector_bytes 9632320 header_reported_mb 37.1 
heap_checkpoint after_drop_source header_cells 693579 vector_bytes 9548400 header_reported_mb 37.1 
heap_checkpoint after_drop_result header_cells 693423 vector_bytes 9462392 header_reported_mb 37.1 
heap_scope R header cells plus vector heap; excludes external native allocations and unused heap capacity
