    kind family operation   rows median_ms r_allocated_bytes
1 string direct    rename 100000  13.37022          12889752
  validation_scanned_values
1                        NA
    kind          family operation   rows median_ms r_allocated_bytes
1 string safe_delegation    rename 100000  13.02787          12884544
  validation_scanned_values
1                        NA
    kind family operation   rows median_ms r_allocated_bytes
1 string direct    select 100000  12.61049          12891168
  validation_scanned_values
1                        NA
    kind          family operation   rows median_ms r_allocated_bytes
1 string safe_delegation    select 100000  13.36965          12884696
  validation_scanned_values
1                        NA
    kind family operation   rows median_ms r_allocated_bytes
1 string direct  relocate 100000  13.09151          12892216
  validation_scanned_values
1                        NA
    kind          family operation   rows median_ms r_allocated_bytes
1 string safe_delegation  relocate 100000  13.02734          12887192
  validation_scanned_values
1                        NA
    kind family     operation   rows median_ms r_allocated_bytes
1 string direct pipeline_five 100000  69.26737          65253296
  validation_scanned_values
1                        NA
    kind          family     operation   rows median_ms r_allocated_bytes
1 string safe_delegation pipeline_five 100000  13.32533          12899016
  validation_scanned_values
1                        NA
    kind family operation    rows median_ms r_allocated_bytes
1 string direct    rename 1000000  137.0364         128084824
  validation_scanned_values
1                        NA
    kind          family operation    rows median_ms r_allocated_bytes
1 string safe_delegation    rename 1000000  126.0654         128084544
  validation_scanned_values
1                        NA
    kind family operation    rows median_ms r_allocated_bytes
1 string direct    select 1000000  127.9168         128084976
  validation_scanned_values
1                        NA
    kind          family operation    rows median_ms r_allocated_bytes
1 string safe_delegation    select 1000000  126.5775         128084696
  validation_scanned_values
1                        NA
    kind family operation    rows median_ms r_allocated_bytes
1 string direct  relocate 1000000  124.8263         128087256
  validation_scanned_values
1                        NA
    kind          family operation    rows median_ms r_allocated_bytes
1 string safe_delegation  relocate 1000000  124.8981         128087192
  validation_scanned_values
1                        NA
    kind family     operation    rows median_ms r_allocated_bytes
1 string direct pipeline_five 1000000  702.5273         648426176
  validation_scanned_values
1                        NA
    kind          family     operation    rows median_ms r_allocated_bytes
1 string safe_delegation pipeline_five 1000000   118.948         128099016
  validation_scanned_values
1                        NA
                kind family operation   rows median_ms r_allocated_bytes
1 declared_character direct    rename 100000   12.9551          12884824
  validation_scanned_values
1                        NA
                kind          family operation   rows median_ms
1 declared_character safe_delegation    rename 100000  12.89749
  r_allocated_bytes validation_scanned_values
1          12884544                        NA
                kind family operation   rows median_ms r_allocated_bytes
1 declared_character direct    select 100000  12.90135          12884976
  validation_scanned_values
1                        NA
                kind          family operation   rows median_ms
1 declared_character safe_delegation    select 100000  12.58487
  r_allocated_bytes validation_scanned_values
1          12884696                        NA
                kind family operation   rows median_ms r_allocated_bytes
1 declared_character direct  relocate 100000  12.67974          12887256
  validation_scanned_values
1                        NA
                kind          family operation   rows median_ms
1 declared_character safe_delegation  relocate 100000  12.65785
  r_allocated_bytes validation_scanned_values
1          12887192                        NA
                kind family     operation   rows median_ms r_allocated_bytes
1 declared_character direct pipeline_five 100000  65.21792          63226032
  validation_scanned_values
1                        NA
                kind          family     operation   rows median_ms
1 declared_character safe_delegation pipeline_five 100000  13.09294
  r_allocated_bytes validation_scanned_values
1          12098968                        NA
                kind family operation    rows median_ms r_allocated_bytes
1 declared_character direct    rename 1000000  136.9275         128084824
  validation_scanned_values
1                        NA
                kind          family operation    rows median_ms
1 declared_character safe_delegation    rename 1000000  126.6719
  r_allocated_bytes validation_scanned_values
1         128084544                        NA
                kind family operation    rows median_ms r_allocated_bytes
1 declared_character direct    select 1000000  129.4409         128084976
  validation_scanned_values
1                        NA
                kind          family operation    rows median_ms
1 declared_character safe_delegation    select 1000000   129.572
  r_allocated_bytes validation_scanned_values
1         128084696                        NA
                kind family operation    rows median_ms r_allocated_bytes
1 declared_character direct  relocate 1000000  126.8686         128087256
  validation_scanned_values
1                        NA
                kind          family operation    rows median_ms
1 declared_character safe_delegation  relocate 1000000  127.7048
  r_allocated_bytes validation_scanned_values
1         128087192                        NA
                kind family     operation    rows median_ms r_allocated_bytes
1 declared_character direct pipeline_five 1000000  683.8687         628426032
  validation_scanned_values
1                        NA
                kind          family     operation    rows median_ms
1 declared_character safe_delegation pipeline_five 1000000  116.8442
  r_allocated_bytes validation_scanned_values
1         120098968                        NA
     kind family operation   rows median_ms r_allocated_bytes
1 logical direct    rename 100000  0.592204           6484824
  validation_scanned_values
1                        NA
     kind          family operation   rows median_ms r_allocated_bytes
1 logical safe_delegation    rename 100000  0.573221           6484544
  validation_scanned_values
1                        NA
     kind family operation   rows median_ms r_allocated_bytes
1 logical direct    select 100000  0.559158           6484976
  validation_scanned_values
1                        NA
     kind          family operation   rows median_ms r_allocated_bytes
1 logical safe_delegation    select 100000  0.593229           6484696
  validation_scanned_values
1                        NA
     kind family operation   rows median_ms r_allocated_bytes
1 logical direct  relocate 100000  0.681625           6487256
  validation_scanned_values
1                        NA
     kind          family operation   rows median_ms r_allocated_bytes
1 logical safe_delegation  relocate 100000   0.66133           6487192
  validation_scanned_values
1                        NA
     kind family     operation   rows median_ms r_allocated_bytes
1 logical direct pipeline_five 100000  3.208701          31625984
  validation_scanned_values
1                        NA
     kind          family     operation   rows median_ms r_allocated_bytes
1 logical safe_delegation pipeline_five 100000  1.463864           6098968
  validation_scanned_values
1                        NA
     kind family operation    rows median_ms r_allocated_bytes
1 logical direct    rename 1000000  1.807895          64084824
  validation_scanned_values
1                        NA
     kind          family operation    rows median_ms r_allocated_bytes
1 logical safe_delegation    rename 1000000   1.31077          64084544
  validation_scanned_values
1                        NA
     kind family operation    rows median_ms r_allocated_bytes
1 logical direct    select 1000000  1.314788          64084976
  validation_scanned_values
1                        NA
     kind          family operation    rows median_ms r_allocated_bytes
1 logical safe_delegation    select 1000000  1.359314          64084696
  validation_scanned_values
1                        NA
     kind family operation    rows median_ms r_allocated_bytes
1 logical direct  relocate 1000000  1.425734          64087256
  validation_scanned_values
1                        NA
     kind          family operation    rows median_ms r_allocated_bytes
1 logical safe_delegation  relocate 1000000  1.451769          64087192
  validation_scanned_values
1                        NA
     kind family     operation    rows median_ms r_allocated_bytes
1 logical direct pipeline_five 1000000  21.54456         312425984
  validation_scanned_values
1                        NA
     kind          family     operation    rows median_ms r_allocated_bytes
1 logical safe_delegation pipeline_five 1000000  2.221257          60098968
  validation_scanned_values
1                        NA
    kind family operation   rows median_ms r_allocated_bytes
1 factor direct    rename 100000  0.586341           6484824
  validation_scanned_values
1                        NA
    kind          family operation   rows median_ms r_allocated_bytes
1 factor safe_delegation    rename 100000   0.57605           6484544
  validation_scanned_values
1                        NA
    kind family operation   rows median_ms r_allocated_bytes
1 factor direct    select 100000  0.567276           6484976
  validation_scanned_values
1                        NA
    kind          family operation   rows median_ms r_allocated_bytes
1 factor safe_delegation    select 100000  0.588842           6484696
  validation_scanned_values
1                        NA
    kind family operation   rows median_ms r_allocated_bytes
1 factor direct  relocate 100000  0.680067           6487256
  validation_scanned_values
1                        NA
    kind          family operation   rows median_ms r_allocated_bytes
1 factor safe_delegation  relocate 100000  0.682609           6487192
  validation_scanned_values
1                        NA
    kind family     operation   rows median_ms r_allocated_bytes
1 factor direct pipeline_five 100000  3.194966          31625984
  validation_scanned_values
1                        NA
    kind          family     operation   rows median_ms r_allocated_bytes
1 factor safe_delegation pipeline_five 100000  1.592481           6098968
  validation_scanned_values
1                        NA
    kind family operation    rows median_ms r_allocated_bytes
1 factor direct    rename 1000000  2.968072          64084824
  validation_scanned_values
1                        NA
    kind          family operation    rows median_ms r_allocated_bytes
1 factor safe_delegation    rename 1000000  1.374074          64084544
  validation_scanned_values
1                        NA
    kind family operation    rows median_ms r_allocated_bytes
1 factor direct    select 1000000   1.56333          64084976
  validation_scanned_values
1                        NA
    kind          family operation    rows median_ms r_allocated_bytes
1 factor safe_delegation    select 1000000   1.49445          64084696
  validation_scanned_values
1                        NA
    kind family operation    rows median_ms r_allocated_bytes
1 factor direct  relocate 1000000  1.494614          64087256
  validation_scanned_values
1                        NA
    kind          family operation    rows median_ms r_allocated_bytes
1 factor safe_delegation  relocate 1000000  1.480674          64087192
  validation_scanned_values
1                        NA
    kind family     operation    rows median_ms r_allocated_bytes
1 factor direct pipeline_five 1000000  10.06206         312425984
  validation_scanned_values
1                        NA
    kind          family     operation    rows median_ms r_allocated_bytes
1 factor safe_delegation pipeline_five 1000000  3.810991          60098968
  validation_scanned_values
1                        NA
     kind family operation   rows median_ms r_allocated_bytes
1 ordered direct    rename 100000  0.599789           6484824
  validation_scanned_values
1                        NA
     kind          family operation   rows median_ms r_allocated_bytes
1 ordered safe_delegation    rename 100000  0.589047           6484544
  validation_scanned_values
1                        NA
     kind family operation   rows median_ms r_allocated_bytes
1 ordered direct    select 100000  0.564652           6484976
  validation_scanned_values
1                        NA
     kind          family operation   rows median_ms r_allocated_bytes
1 ordered safe_delegation    select 100000   0.60229           6484696
  validation_scanned_values
1                        NA
     kind family operation   rows median_ms r_allocated_bytes
1 ordered direct  relocate 100000  0.699665           6487256
  validation_scanned_values
1                        NA
     kind          family operation   rows median_ms r_allocated_bytes
1 ordered safe_delegation  relocate 100000  0.679657           6487192
  validation_scanned_values
1                        NA
     kind family     operation   rows median_ms r_allocated_bytes
1 ordered direct pipeline_five 100000  3.182707          31625984
  validation_scanned_values
1                        NA
     kind          family     operation   rows median_ms r_allocated_bytes
1 ordered safe_delegation pipeline_five 100000  1.523109           6098968
  validation_scanned_values
1                        NA
     kind family operation    rows median_ms r_allocated_bytes
1 ordered direct    rename 1000000  1.925606          64084824
  validation_scanned_values
1                        NA
     kind          family operation    rows median_ms r_allocated_bytes
1 ordered safe_delegation    rename 1000000  2.982955          64084544
  validation_scanned_values
1                        NA
     kind family operation    rows median_ms r_allocated_bytes
1 ordered direct    select 1000000  3.030187          64084976
  validation_scanned_values
1                        NA
     kind          family operation    rows median_ms r_allocated_bytes
1 ordered safe_delegation    select 1000000  3.020511          64084696
  validation_scanned_values
1                        NA
     kind family operation    rows median_ms r_allocated_bytes
1 ordered direct  relocate 1000000  3.163068          64087256
  validation_scanned_values
1                        NA
     kind          family operation    rows median_ms r_allocated_bytes
1 ordered safe_delegation  relocate 1000000  3.031786          64087192
  validation_scanned_values
1                        NA
     kind family     operation    rows median_ms r_allocated_bytes
1 ordered direct pipeline_five 1000000  10.43237         312425984
  validation_scanned_values
1                        NA
     kind          family     operation    rows median_ms r_allocated_bytes
1 ordered safe_delegation pipeline_five 1000000  3.482212          60098968
  validation_scanned_values
1                        NA
    kind family operation   rows median_ms r_allocated_bytes
1 string   read    any_na 100000   0.26855           1200096
  validation_scanned_values
1                        NA
    kind family        operation   rows median_ms r_allocated_bytes
1 string   read nonmissing_count 100000  0.302949           1600144
  validation_scanned_values
1                        NA
    kind family          operation   rows median_ms r_allocated_bytes
1 string   read coercion_character 100000  0.215865            800048
  validation_scanned_values
1                        NA
    kind family         operation   rows  median_ms r_allocated_bytes
1 string   read export_data_frame 100000 0.06834701                 0
  validation_scanned_values
1                        NA
    kind family     operation   rows median_ms r_allocated_bytes
1 string   read export_tibble 100000  1.757916           6400384
  validation_scanned_values
1                        NA
    kind family   operation   rows median_ms r_allocated_bytes
1 string   read filter_half 100000  7.512676          21884728
  validation_scanned_values
1                        NA
    kind family  operation   rows median_ms r_allocated_bytes
1 string   read row_subset 100000  7.356917          20491080
  validation_scanned_values
1                        NA
    kind family operation   rows median_ms r_allocated_bytes
1 string   read  read_dta 100000  4.728571             80784
  validation_scanned_values
1                        NA
    kind family operation   rows median_ms r_allocated_bytes
1 string   read write_dta 100000  18.45705              2176
  validation_scanned_values
1                        NA
    kind family  operation   rows median_ms r_allocated_bytes
1 string   read read_arrow 100000  5.525816             80784
  validation_scanned_values
1                        NA
    kind family   operation   rows median_ms r_allocated_bytes
1 string   read write_arrow 100000  24.56347              1680
  validation_scanned_values
1                        NA
    kind family  operation   rows median_ms r_allocated_bytes
1 string   read byte_width 100000  0.362112           1200096
  validation_scanned_values
1                        NA
    kind family operation    rows median_ms r_allocated_bytes
1 string   read    any_na 1000000  3.179837          12000096
  validation_scanned_values
1                        NA
    kind family        operation    rows median_ms r_allocated_bytes
1 string   read nonmissing_count 1000000  3.040437          16000144
  validation_scanned_values
1                        NA
    kind family          operation    rows median_ms r_allocated_bytes
1 string   read coercion_character 1000000   2.18817           8000048
  validation_scanned_values
1                        NA
    kind family         operation    rows  median_ms r_allocated_bytes
1 string   read export_data_frame 1000000 0.07129901                 0
  validation_scanned_values
1                        NA
    kind family     operation    rows median_ms r_allocated_bytes
1 string   read export_tibble 1000000  17.21352          64000384
  validation_scanned_values
1                        NA
    kind family   operation    rows median_ms r_allocated_bytes
1 string   read filter_half 1000000  73.81177         218084728
  validation_scanned_values
1                        NA
    kind family  operation    rows median_ms r_allocated_bytes
1 string   read row_subset 1000000  71.68973         204091080
  validation_scanned_values
1                        NA
    kind family operation    rows median_ms r_allocated_bytes
1 string   read  read_dta 1000000  8.305329             80784
  validation_scanned_values
1                        NA
    kind family operation    rows median_ms r_allocated_bytes
1 string   read write_dta 1000000   178.844              2176
  validation_scanned_values
1                        NA
    kind family  operation    rows median_ms r_allocated_bytes
1 string   read read_arrow 1000000  50.61593             80784
  validation_scanned_values
1                        NA
    kind family   operation    rows median_ms r_allocated_bytes
1 string   read write_arrow 1000000  184.9247              1680
  validation_scanned_values
1                        NA
    kind family  operation    rows median_ms r_allocated_bytes
1 string   read byte_width 1000000  3.556709          12000096
  validation_scanned_values
1                        NA
                kind family operation   rows  median_ms r_allocated_bytes
1 declared_character   read    any_na 100000 0.03144701                 0
  validation_scanned_values
1                        NA
                kind family        operation   rows median_ms r_allocated_bytes
1 declared_character   read nonmissing_count 100000  0.104673            800096
  validation_scanned_values
1                        NA
                kind family          operation   rows median_ms
1 declared_character   read coercion_character 100000  0.219391
  r_allocated_bytes validation_scanned_values
1            800048                        NA
                kind family         operation   rows  median_ms
1 declared_character   read export_data_frame 100000 0.04358302
  r_allocated_bytes validation_scanned_values
1                 0                        NA
                kind family     operation   rows  median_ms r_allocated_bytes
1 declared_character   read export_tibble 100000 0.04641201                 0
  validation_scanned_values
1                        NA
                kind family   operation   rows median_ms r_allocated_bytes
1 declared_character   read filter_half 100000  4.727915           9083576
  validation_scanned_values
1                        NA
                kind family  operation   rows median_ms r_allocated_bytes
1 declared_character   read row_subset 100000  2.562623           6089928
  validation_scanned_values
1                        NA
                kind family operation   rows median_ms r_allocated_bytes
1 declared_character   read  read_dta 100000  4.784331             80784
  validation_scanned_values
1                        NA
                kind family operation   rows median_ms r_allocated_bytes
1 declared_character   read write_dta 100000  19.04946              2176
  validation_scanned_values
1                        NA
                kind family  operation   rows median_ms r_allocated_bytes
1 declared_character   read read_arrow 100000  5.644757             80784
  validation_scanned_values
1                        NA
                kind family   operation   rows median_ms r_allocated_bytes
1 declared_character   read write_arrow 100000  23.67525              1680
  validation_scanned_values
1                        NA
                kind family  operation   rows median_ms r_allocated_bytes
1 declared_character   read byte_width 100000  0.352108           1200096
  validation_scanned_values
1                        NA
                kind family operation    rows median_ms r_allocated_bytes
1 declared_character   read    any_na 1000000  0.286508                 0
  validation_scanned_values
1                        NA
                kind family        operation    rows median_ms
1 declared_character   read nonmissing_count 1000000  1.072068
  r_allocated_bytes validation_scanned_values
1           8000096                        NA
                kind family          operation    rows median_ms
1 declared_character   read coercion_character 1000000  2.189359
  r_allocated_bytes validation_scanned_values
1           8000048                        NA
                kind family         operation    rows  median_ms
1 declared_character   read export_data_frame 1000000 0.04411601
  r_allocated_bytes validation_scanned_values
1                 0                        NA
                kind family     operation    rows  median_ms r_allocated_bytes
1 declared_character   read export_tibble 1000000 0.04764201                 0
  validation_scanned_values
1                        NA
                kind family   operation    rows median_ms r_allocated_bytes
1 declared_character   read filter_half 1000000  45.62144          90083576
  validation_scanned_values
1                        NA
                kind family  operation    rows median_ms r_allocated_bytes
1 declared_character   read row_subset 1000000  23.54774          60089928
  validation_scanned_values
1                        NA
                kind family operation    rows median_ms r_allocated_bytes
1 declared_character   read  read_dta 1000000  8.746079             80784
  validation_scanned_values
1                        NA
                kind family operation    rows median_ms r_allocated_bytes
1 declared_character   read write_dta 1000000   176.928              2176
  validation_scanned_values
1                        NA
                kind family  operation    rows median_ms r_allocated_bytes
1 declared_character   read read_arrow 1000000  50.65833             80784
  validation_scanned_values
1                        NA
                kind family   operation    rows median_ms r_allocated_bytes
1 declared_character   read write_arrow 1000000  184.7064              1680
  validation_scanned_values
1                        NA
                kind family  operation    rows median_ms r_allocated_bytes
1 declared_character   read byte_width 1000000  3.548345          12000096
  validation_scanned_values
1                        NA
     kind family operation   rows   median_ms r_allocated_bytes
1 logical   read    any_na 100000 0.002050016                 0
  validation_scanned_values
1                        NA
     kind family        operation   rows median_ms r_allocated_bytes
1 logical   read nonmissing_count 100000  0.104345            800096
  validation_scanned_values
1                        NA
     kind family          operation   rows median_ms r_allocated_bytes
1 logical   read coercion_character 100000  0.305573            800048
  validation_scanned_values
1                        NA
     kind family         operation   rows median_ms r_allocated_bytes
1 logical   read export_data_frame 100000  0.043911                 0
  validation_scanned_values
1                        NA
     kind family     operation   rows median_ms r_allocated_bytes
1 logical   read export_tibble 100000  0.046904                 0
  validation_scanned_values
1                        NA
     kind family   operation   rows median_ms r_allocated_bytes
1 logical   read filter_half 100000  0.828118           5883576
  validation_scanned_values
1                        NA
     kind family  operation   rows median_ms r_allocated_bytes
1 logical   read row_subset 100000  0.692777           2889544
  validation_scanned_values
1                        NA
     kind family operation   rows median_ms r_allocated_bytes
1 logical   read  read_dta 100000   2.83228            881168
  validation_scanned_values
1                        NA
     kind family operation   rows median_ms r_allocated_bytes
1 logical   read write_dta 100000  2.560368              2552
  validation_scanned_values
1                        NA
     kind family  operation   rows median_ms r_allocated_bytes
1 logical   read read_arrow 100000  0.945337           3281168
  validation_scanned_values
1                        NA
     kind family   operation   rows median_ms r_allocated_bytes
1 logical   read write_arrow 100000  8.063347              1680
  validation_scanned_values
1                        NA
     kind family        operation   rows  median_ms r_allocated_bytes
1 logical   read coercion_integer 100000 0.02923301            400048
  validation_scanned_values
1                        NA
     kind family operation   rows  median_ms r_allocated_bytes
1 logical   read       sum 100000 0.06330399                 0
  validation_scanned_values
1                        NA
     kind family operation   rows median_ms r_allocated_bytes
1 logical   read      mean 100000  0.176136           1800248
  validation_scanned_values
1                        NA
     kind family operation    rows   median_ms r_allocated_bytes
1 logical   read    any_na 1000000 0.001968001                 0
  validation_scanned_values
1                        NA
     kind family        operation    rows median_ms r_allocated_bytes
1 logical   read nonmissing_count 1000000  1.017415           8000096
  validation_scanned_values
1                        NA
     kind family          operation    rows median_ms r_allocated_bytes
1 logical   read coercion_character 1000000  3.009359           8000048
  validation_scanned_values
1                        NA
     kind family         operation    rows  median_ms r_allocated_bytes
1 logical   read export_data_frame 1000000 0.04378801                 0
  validation_scanned_values
1                        NA
     kind family     operation    rows  median_ms r_allocated_bytes
1 logical   read export_tibble 1000000 0.04612499                 0
  validation_scanned_values
1                        NA
     kind family   operation    rows median_ms r_allocated_bytes
1 logical   read filter_half 1000000  5.207205          58083576
  validation_scanned_values
1                        NA
     kind family  operation    rows median_ms r_allocated_bytes
1 logical   read row_subset 1000000  4.267403          28089544
  validation_scanned_values
1                        NA
     kind family operation    rows median_ms r_allocated_bytes
1 logical   read  read_dta 1000000   4.25375           8081168
  validation_scanned_values
1                        NA
     kind family operation    rows median_ms r_allocated_bytes
1 logical   read write_dta 1000000  6.114371              2552
  validation_scanned_values
1                        NA
     kind family  operation    rows median_ms r_allocated_bytes
1 logical   read read_arrow 1000000   6.26849          32081168
  validation_scanned_values
1                        NA
     kind family   operation    rows median_ms r_allocated_bytes
1 logical   read write_arrow 1000000  31.91051              1680
  validation_scanned_values
1                        NA
     kind family        operation    rows median_ms r_allocated_bytes
1 logical   read coercion_integer 1000000  0.266869           4000048
  validation_scanned_values
1                        NA
     kind family operation    rows median_ms r_allocated_bytes
1 logical   read       sum 1000000  0.602823                 0
  validation_scanned_values
1                        NA
     kind family operation    rows median_ms r_allocated_bytes
1 logical   read      mean 1000000  1.830691          18000248
  validation_scanned_values
1                        NA
    kind family operation   rows median_ms r_allocated_bytes
1 factor   read    any_na 100000  0.027634            400048
  validation_scanned_values
1                        NA
    kind family        operation   rows median_ms r_allocated_bytes
1 factor   read nonmissing_count 100000  0.104468            800096
  validation_scanned_values
1                        NA
    kind family          operation   rows median_ms r_allocated_bytes
1 factor   read coercion_character 100000  0.247025            800048
  validation_scanned_values
1                        NA
    kind family         operation   rows  median_ms r_allocated_bytes
1 factor   read export_data_frame 100000 0.05178299                 0
  validation_scanned_values
1                        NA
    kind family     operation   rows  median_ms r_allocated_bytes
1 factor   read export_tibble 100000 0.05084001                 0
  validation_scanned_values
1                        NA
    kind family   operation   rows median_ms r_allocated_bytes
1 factor   read filter_half 100000  0.835498           5883576
  validation_scanned_values
1                        NA
    kind family  operation   rows median_ms r_allocated_bytes
1 factor   read row_subset 100000  0.693269           2889544
  validation_scanned_values
1                        NA
    kind family operation   rows median_ms r_allocated_bytes
1 factor   read  read_dta 100000  2.791116           3281168
  validation_scanned_values
1                        NA
    kind family operation   rows median_ms r_allocated_bytes
1 factor   read write_dta 100000  2.251433              4712
  validation_scanned_values
1                        NA
    kind family  operation   rows median_ms r_allocated_bytes
1 factor   read read_arrow 100000  1.732701           3281168
  validation_scanned_values
1                        NA
    kind family   operation   rows median_ms r_allocated_bytes
1 factor   read write_arrow 100000  8.161296              1680
  validation_scanned_values
1                        NA
    kind family        operation   rows   median_ms r_allocated_bytes
1 factor   read coercion_integer 100000 0.008036004            400048
  validation_scanned_values
1                        NA
    kind family operation    rows median_ms r_allocated_bytes
1 factor   read    any_na 1000000  0.250715           4000048
  validation_scanned_values
1                        NA
    kind family        operation    rows median_ms r_allocated_bytes
1 factor   read nonmissing_count 1000000  1.016185           8000096
  validation_scanned_values
1                        NA
    kind family          operation    rows median_ms r_allocated_bytes
1 factor   read coercion_character 1000000  2.243807           8000048
  validation_scanned_values
1                        NA
    kind family         operation    rows  median_ms r_allocated_bytes
1 factor   read export_data_frame 1000000 0.05186499                 0
  validation_scanned_values
1                        NA
    kind family     operation    rows median_ms r_allocated_bytes
1 factor   read export_tibble 1000000  0.051619                 0
  validation_scanned_values
1                        NA
    kind family   operation    rows median_ms r_allocated_bytes
1 factor   read filter_half 1000000  4.918483          58083576
  validation_scanned_values
1                        NA
    kind family  operation    rows median_ms r_allocated_bytes
1 factor   read row_subset 1000000  4.955424          28089544
  validation_scanned_values
1                        NA
    kind family operation    rows median_ms r_allocated_bytes
1 factor   read  read_dta 1000000  4.737673          32081168
  validation_scanned_values
1                        NA
    kind family operation    rows median_ms r_allocated_bytes
1 factor   read write_dta 1000000  9.141606              4712
  validation_scanned_values
1                        NA
    kind family  operation    rows median_ms r_allocated_bytes
1 factor   read read_arrow 1000000  14.43536          32081168
  validation_scanned_values
1                        NA
    kind family   operation    rows median_ms r_allocated_bytes
1 factor   read write_arrow 1000000  22.11913              1680
  validation_scanned_values
1                        NA
    kind family        operation    rows  median_ms r_allocated_bytes
1 factor   read coercion_integer 1000000 0.04739601           4000048
  validation_scanned_values
1                        NA
     kind family operation   rows  median_ms r_allocated_bytes
1 ordered   read    any_na 100000 0.02788001            400048
  validation_scanned_values
1                        NA
     kind family        operation   rows median_ms r_allocated_bytes
1 ordered   read nonmissing_count 100000  0.104796            800096
  validation_scanned_values
1                        NA
     kind family          operation   rows median_ms r_allocated_bytes
1 ordered   read coercion_character 100000  0.229108            800048
  validation_scanned_values
1                        NA
     kind family         operation   rows  median_ms r_allocated_bytes
1 ordered   read export_data_frame 100000 0.05301299                 0
  validation_scanned_values
1                        NA
     kind family     operation   rows median_ms r_allocated_bytes
1 ordered   read export_tibble 100000  0.050758                 0
  validation_scanned_values
1                        NA
     kind family   operation   rows median_ms r_allocated_bytes
1 ordered   read filter_half 100000  0.840049           5883576
  validation_scanned_values
1                        NA
     kind family  operation   rows median_ms r_allocated_bytes
1 ordered   read row_subset 100000  0.704544           2889544
  validation_scanned_values
1                        NA
     kind family operation   rows median_ms r_allocated_bytes
1 ordered   read  read_dta 100000  2.783736           3281168
  validation_scanned_values
1                        NA
     kind family operation   rows median_ms r_allocated_bytes
1 ordered   read write_dta 100000  2.268448              4488
  validation_scanned_values
1                        NA
     kind family  operation   rows median_ms r_allocated_bytes
1 ordered   read read_arrow 100000  1.710684           3281168
  validation_scanned_values
1                        NA
     kind family   operation   rows median_ms r_allocated_bytes
1 ordered   read write_arrow 100000  8.604219              1680
  validation_scanned_values
1                        NA
     kind family        operation   rows   median_ms r_allocated_bytes
1 ordered   read coercion_integer 100000 0.008036004            400048
  validation_scanned_values
1                        NA
     kind family operation   rows median_ms r_allocated_bytes
1 ordered   read     range 100000  0.273101           2600344
  validation_scanned_values
1                        NA
     kind family operation    rows median_ms r_allocated_bytes
1 ordered   read    any_na 1000000  0.251781           4000048
  validation_scanned_values
1                        NA
     kind family        operation    rows median_ms r_allocated_bytes
1 ordered   read nonmissing_count 1000000  1.014668           8000096
  validation_scanned_values
1                        NA
     kind family          operation    rows median_ms r_allocated_bytes
1 ordered   read coercion_character 1000000   2.44565           8000048
  validation_scanned_values
1                        NA
     kind family         operation    rows  median_ms r_allocated_bytes
1 ordered   read export_data_frame 1000000 0.05502201                 0
  validation_scanned_values
1                        NA
     kind family     operation    rows median_ms r_allocated_bytes
1 ordered   read export_tibble 1000000  0.050717                 0
  validation_scanned_values
1                        NA
     kind family   operation    rows median_ms r_allocated_bytes
1 ordered   read filter_half 1000000  4.951652          58083576
  validation_scanned_values
1                        NA
     kind family  operation    rows median_ms r_allocated_bytes
1 ordered   read row_subset 1000000  4.760633          28089544
  validation_scanned_values
1                        NA
     kind family operation    rows median_ms r_allocated_bytes
1 ordered   read  read_dta 1000000  4.935211          32081168
  validation_scanned_values
1                        NA
     kind family operation    rows median_ms r_allocated_bytes
1 ordered   read write_dta 1000000   9.45747              4712
  validation_scanned_values
1                        NA
     kind family  operation    rows median_ms r_allocated_bytes
1 ordered   read read_arrow 1000000  14.27403          32081168
  validation_scanned_values
1                        NA
     kind family   operation    rows median_ms r_allocated_bytes
1 ordered   read write_arrow 1000000  21.42849              1680
  validation_scanned_values
1                        NA
     kind family        operation    rows median_ms r_allocated_bytes
1 ordered   read coercion_integer 1000000  0.047847           4000048
  validation_scanned_values
1                        NA
     kind family operation    rows median_ms r_allocated_bytes
1 ordered   read     range 1000000  2.756307          26000344
  validation_scanned_values
1                        NA
All baseline atomic operation, value, metadata, alias, backing and scan checks passed.
