library /private/tmp/dta-direct-stage1-validation/exact/library 
kind string 
retained_vector_heap_bytes 128000328 
nominal_result_bytes 128019112 
        0.69 real         0.65 user         0.02 sys
           447119360  maximum resident set size
                   0  average shared memory size
                   0  average unshared data size
                   0  average unshared stack size
               31155  page reclaims
                  37  page faults
                   0  swaps
                   0  block input operations
                   0  block output operations
                   0  messages sent
                   0  messages received
                   0  signals received
                   9  voluntary context switches
                  69  involuntary context switches
         13670961783  instructions retired
          2958584560  cycles elapsed
           430818192  peak memory footprint
