source_sha ec10a6ac34602f3bd691e8043019c1b479babda4
library /private/tmp/dta-direct-stage4-validation/baseline-library
mode baseline
runner_md5 benchmarks/r-dibble-dplyr/helpers.R d6c0341379dd025e4e0492d6b14f4d22
runner_md5 benchmarks/r-dibble-dplyr/owned-double-helpers.R 4d31109f49d89bbcdbfbb989dccf5334
runner_md5 benchmarks/r-dibble-dplyr/owned-atomic-helpers.R df5f3183107290847a82415124d44d49
runner_md5 benchmarks/r-dibble-dplyr/owned-atomic.R 7e87cb5f50a51ea4c571f27d3a329bca
runner_md5 benchmarks/r-dibble-dplyr/owned-atomic-memory.R d8bd50bb040618201a2817031b47100c
R version 4.6.1 (2026-06-24)
Platform: aarch64-apple-darwin25.4.0
Running under: macOS Tahoe 26.6.2

Matrix products: default
BLAS:   /opt/homebrew/Cellar/openblas/0.3.34/lib/libopenblasp-r0.3.34.dylib 
LAPACK: /opt/homebrew/Cellar/r/4.6.1/lib/R/lib/libRlapack.dylib;  LAPACK version 3.12.1

locale:
[1] C.UTF-8/C.UTF-8/C.UTF-8/C/C.UTF-8/C.UTF-8

time zone: America/New_York
tzcode source: internal

attached base packages:
[1] stats     graphics  grDevices utils     datasets  methods   base     

other attached packages:
[1] dplyr_1.2.1    dtatools_0.7.1

loaded via a namespace (and not attached):
 [1] tidyselect_1.2.1 compiler_4.6.1   magrittr_2.0.5   R6_2.6.1        
 [5] generics_0.1.4   cli_3.6.6        tools_4.6.1      pillar_1.11.1   
 [9] glue_1.8.1       tibble_3.3.1     vctrs_0.7.3      lifecycle_1.0.5 
[13] pkgconfig_2.0.3  rlang_1.3.0      
kind factor 
operation pipeline_five 
rows 1000000 
retained_with_source_vector_heap_bytes 60084384 
vector_heap_bytes_after_drop_source 69434984 
nominal_result_bytes 64016288 
vector_heap_bytes_after_drop_result 9354136 
prefixture_vector_heap_bytes 9325848 
excess_after_drop_result_bytes 28288 
released_with_last_result_bytes 60080848 
heap_source_sha ec10a6ac34602f3bd691e8043019c1b479babda4 
heap_library /private/tmp/dta-direct-stage4-validation/baseline-library 
heap_mode baseline 
heap_kind factor 
heap_operation pipeline_five 
heap_rows 1000000 
heap_header_bytes_per_cell 56 
heap_runner_md5 benchmarks/r-dibble-dplyr/helpers.R d6c0341379dd025e4e0492d6b14f4d22
heap_runner_md5 benchmarks/r-dibble-dplyr/owned-double-helpers.R 4d31109f49d89bbcdbfbb989dccf5334
heap_runner_md5 benchmarks/r-dibble-dplyr/owned-atomic-helpers.R df5f3183107290847a82415124d44d49
heap_runner_md5 benchmarks/r-dibble-dplyr/owned-double.R ee0e2fa5ef4e447efaebbf89199e9939
heap_runner_md5 benchmarks/r-dibble-dplyr/owned-double-memory.R 5edf6459397ea2166f0b578ed549a6de
heap_runner_md5 benchmarks/r-dibble-dplyr/owned-atomic.R 7e87cb5f50a51ea4c571f27d3a329bca
heap_runner_md5 benchmarks/r-dibble-dplyr/owned-atomic-memory.R d8bd50bb040618201a2817031b47100c
heap_runner_md5 benchmarks/r-dibble-dplyr/owned-heap.R afa138d1036683b4b27ace1c77d970e6

heap_retained_header_cells 318
heap_excess_header_cells_after_drop_result 1153
heap_retained_tracked_heap_bytes 60102192
heap_excess_tracked_heap_bytes_after_drop_result 92856
heap_released_tracked_heap_bytes_with_last_result 60087008
heap_checkpoint prefixture header_cells 683746 vector_bytes 9325848 header_reported_mb 36.6 
heap_checkpoint prior header_cells 684592 vector_bytes 213428816 header_reported_mb 36.6 
heap_checkpoint after_result header_cells 684910 vector_bytes 273513200 header_reported_mb 36.6 
heap_checkpoint after_drop_source header_cells 685009 vector_bytes 69434984 header_reported_mb 36.6 
heap_checkpoint after_drop_result header_cells 684899 vector_bytes 9354136 header_reported_mb 36.6 
heap_scope R header cells plus vector heap; excludes external native allocations and unused heap capacity
