  family operation   rows median_ms r_allocated_bytes
1 direct    rename 100000  0.497084             84056
           family operation   rows median_ms r_allocated_bytes
1 safe_delegation    rename 100000  0.485358             83776
  family operation   rows median_ms r_allocated_bytes
1 direct    select 100000  0.462726             84208
           family operation   rows median_ms r_allocated_bytes
1 safe_delegation    select 100000  0.497371             83928
  family operation   rows median_ms r_allocated_bytes
1 direct  relocate 100000  0.595443             86488
           family operation   rows median_ms r_allocated_bytes
1 safe_delegation  relocate 100000  0.570351             86424
  family     operation   rows median_ms r_allocated_bytes
1 direct pipeline_five 100000  2.732568            422240
           family     operation   rows median_ms r_allocated_bytes
1 safe_delegation pipeline_five 100000  1.426021             98248
  family operation    rows median_ms r_allocated_bytes
1 direct    rename 1000000  0.486137             84056
           family operation    rows median_ms r_allocated_bytes
1 safe_delegation    rename 1000000  0.480438             83776
  family operation    rows median_ms r_allocated_bytes
1 direct    select 1000000  0.457314             84208
           family operation    rows median_ms r_allocated_bytes
1 safe_delegation    select 1000000  0.494542             83928
  family operation    rows median_ms r_allocated_bytes
1 direct  relocate 1000000  0.586833             86488
           family operation    rows median_ms r_allocated_bytes
1 safe_delegation  relocate 1000000  0.572032             86424
  family     operation    rows median_ms r_allocated_bytes
1 direct pipeline_five 1000000  2.735725            422240
           family     operation    rows median_ms r_allocated_bytes
1 safe_delegation pipeline_five 1000000  1.368662             98248
  family operation   rows median_ms r_allocated_bytes
1   read       sum 100000   0.13899                 0
  family operation   rows median_ms r_allocated_bytes
1   read      mean 100000  0.136407                 0
  family operation   rows median_ms r_allocated_bytes
1   read     range 100000  0.677525           1600096
  family       operation   rows  median_ms r_allocated_bytes
1   read coercion_double 100000 0.01172601                 0
  family        operation   rows median_ms r_allocated_bytes
1   read coercion_integer 100000  0.057482            400048
  family         operation   rows median_ms r_allocated_bytes
1   read export_data_frame 100000  0.130339                 0
  family     operation   rows median_ms r_allocated_bytes
1   read export_tibble 100000  0.122057                 0
  family  operation   rows median_ms r_allocated_bytes
1   read arithmetic 100000  1.700844          15601768
  family         operation   rows median_ms r_allocated_bytes
1   read mutate_arithmetic 100000  2.356844          15684520
  family   operation   rows median_ms r_allocated_bytes
1   read filter_half 100000  3.625712           5083096
  family  operation   rows median_ms r_allocated_bytes
1   read row_subset 100000  0.901713           4690168
  family operation   rows median_ms r_allocated_bytes
1   read  read_dta 100000  2.577014           6481168
  family operation   rows median_ms r_allocated_bytes
1   read write_dta 100000  2.010353              2552
  family  operation   rows median_ms r_allocated_bytes
1   read read_arrow 100000  1.543158           6481168
  family   operation   rows median_ms r_allocated_bytes
1   read write_arrow 100000  10.98677              1680
  family operation    rows median_ms r_allocated_bytes
1   read       sum 1000000  1.122375                 0
  family operation    rows median_ms r_allocated_bytes
1   read      mean 1000000  1.165138                 0
  family operation    rows median_ms r_allocated_bytes
1   read     range 1000000  6.470661          16000096
  family       operation    rows median_ms r_allocated_bytes
1   read coercion_double 1000000   0.01189                 0
  family        operation    rows median_ms r_allocated_bytes
1   read coercion_integer 1000000  0.453296           4000048
  family         operation    rows median_ms r_allocated_bytes
1   read export_data_frame 1000000  0.131979                 0
  family     operation    rows median_ms r_allocated_bytes
1   read export_tibble 1000000  0.125091                 0
  family  operation    rows median_ms r_allocated_bytes
1   read arithmetic 1000000  17.57629         156001768
  family         operation    rows median_ms r_allocated_bytes
1   read mutate_arithmetic 1000000  18.16726         156084520
  family   operation    rows median_ms r_allocated_bytes
1   read filter_half 1000000  27.23999          50083096
  family  operation    rows median_ms r_allocated_bytes
1   read row_subset 1000000  5.001713          46090168
  family operation    rows median_ms r_allocated_bytes
1   read  read_dta 1000000  4.820329          64081168
  family operation    rows median_ms r_allocated_bytes
1   read write_dta 1000000   11.8401              2552
  family  operation    rows median_ms r_allocated_bytes
1   read read_arrow 1000000   13.4298          64081168
  family   operation    rows median_ms r_allocated_bytes
1   read write_arrow 1000000  46.88567              1680
All candidate operation, source preservation and captured-mask checks passed.
Candidate owned allocation and backing checks passed.
