DEVELOPMENT ONLY working17-rebuilt /private/tmp/dta-direct-stage4-validation/working-library/dtatools 
/private/tmp/dta-direct-stage4-validation/working-library/dtatools/libs/dtatools.so 
                                                 "4c8d10d0ca8530a8f2a2f551359d9fae" 
                 kind  operation          ms    bytes
1              string     any_na 0.751120002  4000048
2              string nonmissing 1.083793999  8000096
3              string  character 0.003403002        0
4  declared_character     any_na 2.622688000        0
5  declared_character nonmissing 3.397465000  8000096
6  declared_character  character 0.001845001        0
7             logical     any_na 0.001763001        0
8             logical nonmissing 3.206568996  8000096
9             logical  character 4.989371999  8000048
10            logical    integer 2.223347998  4000048
11            logical       mean 5.198389998 18000248
12             factor     any_na 2.444338003  4000048
13             factor nonmissing 3.423171998  8000096
14             factor  character 4.500980001  8000048
15             factor    integer 0.002050001        0
16            ordered     any_na 2.437245006  4000048
17            ordered nonmissing 3.245437008  8000096
18            ordered  character 4.622298999  8000048
19            ordered    integer 0.002173001        0
/private/tmp/dta-direct-stage4-validation/working-library/dtatools/libs/dtatools.so 
                                                 "4c8d10d0ca8530a8f2a2f551359d9fae" 
