  family operation   rows median_ms r_allocated_bytes
1 direct    rename 100000  0.718402          12844648
           family operation   rows median_ms r_allocated_bytes
1 safe_delegation    rename 100000  0.654811          12844368
  family operation   rows median_ms r_allocated_bytes
1 direct    select 100000  0.646242          12844800
           family operation   rows median_ms r_allocated_bytes
1 safe_delegation    select 100000  0.669776          12844520
  family operation   rows median_ms r_allocated_bytes
1 direct  relocate 100000  0.774121          12847080
           family operation   rows median_ms r_allocated_bytes
1 safe_delegation  relocate 100000  0.755958          12847016
  family     operation   rows median_ms r_allocated_bytes
1 direct pipeline_five 100000  4.526154          63425152
           family     operation   rows median_ms r_allocated_bytes
1 safe_delegation pipeline_five 100000  1.651972          12858840
  family operation    rows median_ms r_allocated_bytes
1 direct    rename 1000000  2.205636         128044648
           family operation    rows median_ms r_allocated_bytes
1 safe_delegation    rename 1000000  2.183988         128044368
  family operation    rows median_ms r_allocated_bytes
1 direct    select 1000000  2.168531         128044800
           family operation    rows median_ms r_allocated_bytes
1 safe_delegation    select 1000000  2.171975         128044520
  family operation    rows median_ms r_allocated_bytes
1 direct  relocate 1000000  2.346676         128047080
           family operation    rows median_ms r_allocated_bytes
1 safe_delegation  relocate 1000000  2.312195         128047016
  family     operation    rows median_ms r_allocated_bytes
1 direct pipeline_five 1000000  26.22647         632225152
           family     operation    rows median_ms r_allocated_bytes
1 safe_delegation pipeline_five 1000000  3.091154         128058840
  family operation   rows median_ms r_allocated_bytes
1   read       sum 100000  0.140056            800048
  family operation   rows median_ms r_allocated_bytes
1   read      mean 100000  0.135464            800048
  family operation   rows median_ms r_allocated_bytes
1   read     range 100000  0.729841           1600096
  family       operation   rows median_ms r_allocated_bytes
1   read coercion_double 100000  0.021935            800048
  family        operation   rows median_ms r_allocated_bytes
1   read coercion_integer 100000  0.065723           1200096
  family         operation   rows median_ms r_allocated_bytes
1   read export_data_frame 100000  0.131405                 0
  family     operation   rows median_ms r_allocated_bytes
1   read export_tibble 100000   0.24108           6400384
  family  operation   rows median_ms r_allocated_bytes
1   read arithmetic 100000  1.712119          16401816
  family         operation   rows median_ms r_allocated_bytes
1   read mutate_arithmetic 100000  2.541754          25244984
  family   operation   rows median_ms r_allocated_bytes
1   read filter_half 100000  8.076385          72255016
  family  operation   rows median_ms r_allocated_bytes
1   read row_subset 100000  0.903804           4650056
  family operation   rows median_ms r_allocated_bytes
1   read  read_dta 100000  2.708132          19241544
  family operation   rows median_ms r_allocated_bytes
1   read write_dta 100000  2.060004              2552
  family  operation   rows median_ms r_allocated_bytes
1   read read_arrow 100000  1.659065          12841160
  family   operation   rows median_ms r_allocated_bytes
1   read write_arrow 100000  11.10985              1680
  family operation    rows median_ms r_allocated_bytes
1   read       sum 1000000  1.216347           8000048
  family operation    rows median_ms r_allocated_bytes
1   read      mean 1000000  1.238733           8000048
  family operation    rows median_ms r_allocated_bytes
1   read     range 1000000  7.118461          16000096
  family       operation    rows median_ms r_allocated_bytes
1   read coercion_double 1000000  0.110987           8000048
  family        operation    rows median_ms r_allocated_bytes
1   read coercion_integer 1000000  0.554402          12000096
  family         operation    rows median_ms r_allocated_bytes
1   read export_data_frame 1000000  0.129478                 0
  family     operation    rows median_ms r_allocated_bytes
1   read export_tibble 1000000  0.950749          64000384
  family  operation    rows median_ms r_allocated_bytes
1   read arithmetic 1000000   17.6842         164001816
  family         operation    rows median_ms r_allocated_bytes
1   read mutate_arithmetic 1000000  20.05425         252044984
  family   operation    rows median_ms r_allocated_bytes
1   read filter_half 1000000   68.2272         722055016
  family  operation    rows median_ms r_allocated_bytes
1   read row_subset 1000000  5.409909          46050056
  family operation    rows median_ms r_allocated_bytes
1   read  read_dta 1000000  6.849911         192041544
  family operation    rows median_ms r_allocated_bytes
1   read write_dta 1000000  12.37442              2552
  family  operation    rows median_ms r_allocated_bytes
1   read read_arrow 1000000  15.17845         128041160
  family   operation    rows median_ms r_allocated_bytes
1   read write_arrow 1000000  48.72842              1680
All baseline operation, source preservation and captured-mask checks passed.
