  family operation   rows median_ms r_allocated_bytes
1 direct    rename 100000  0.499216             84056
           family operation   rows median_ms r_allocated_bytes
1 safe_delegation    rename 100000  0.479782             83776
  family operation   rows median_ms r_allocated_bytes
1 direct    select 100000   0.47109             84208
           family operation   rows median_ms r_allocated_bytes
1 safe_delegation    select 100000  0.493722             83928
  family operation   rows median_ms r_allocated_bytes
1 direct  relocate 100000  0.583143             86488
           family operation   rows median_ms r_allocated_bytes
1 safe_delegation  relocate 100000  0.571048             86424
  family     operation   rows median_ms r_allocated_bytes
1 direct pipeline_five 100000  2.736545            422240
           family     operation   rows median_ms r_allocated_bytes
1 safe_delegation pipeline_five 100000  1.413352             98248
  family operation    rows median_ms r_allocated_bytes
1 direct    rename 1000000  0.494665             84056
           family operation    rows median_ms r_allocated_bytes
1 safe_delegation    rename 1000000  0.485317             83776
  family operation    rows median_ms r_allocated_bytes
1 direct    select 1000000  0.462931             84208
           family operation    rows median_ms r_allocated_bytes
1 safe_delegation    select 1000000  0.494706             83928
  family operation    rows median_ms r_allocated_bytes
1 direct  relocate 1000000  0.587366             86488
           family operation    rows median_ms r_allocated_bytes
1 safe_delegation  relocate 1000000  0.589211             86424
  family     operation    rows median_ms r_allocated_bytes
1 direct pipeline_five 1000000  2.747615            422240
           family     operation    rows median_ms r_allocated_bytes
1 safe_delegation pipeline_five 1000000  1.370015             98248
  family operation   rows median_ms r_allocated_bytes
1   read       sum 100000  0.139113                 0
  family operation   rows median_ms r_allocated_bytes
1   read      mean 100000  0.133988                 0
  family operation   rows median_ms r_allocated_bytes
1   read     range 100000  0.737508           1600096
  family       operation   rows  median_ms r_allocated_bytes
1   read coercion_double 100000 0.01148001                 0
  family        operation   rows median_ms r_allocated_bytes
1   read coercion_integer 100000   0.05699            400048
  family         operation   rows median_ms r_allocated_bytes
1   read export_data_frame 100000  0.129437                 0
  family     operation   rows median_ms r_allocated_bytes
1   read export_tibble 100000  0.120745                 0
  family  operation   rows median_ms r_allocated_bytes
1   read arithmetic 100000  1.685018          15601768
  family         operation   rows median_ms r_allocated_bytes
1   read mutate_arithmetic 100000  2.380542          15684520
  family   operation   rows median_ms r_allocated_bytes
1   read filter_half 100000  3.573314           5083096
  family  operation   rows median_ms r_allocated_bytes
1   read row_subset 100000  0.900524           4690168
  family operation   rows median_ms r_allocated_bytes
1   read  read_dta 100000  2.571192           6481168
  family operation   rows median_ms r_allocated_bytes
1   read write_dta 100000  2.042948              2928
  family  operation   rows median_ms r_allocated_bytes
1   read read_arrow 100000  1.554761           6481168
  family   operation   rows median_ms r_allocated_bytes
1   read write_arrow 100000  11.04831              1744
  family operation    rows median_ms r_allocated_bytes
1   read       sum 1000000  1.122703                 0
  family operation    rows median_ms r_allocated_bytes
1   read      mean 1000000  1.152387                 0
  family operation    rows median_ms r_allocated_bytes
1   read     range 1000000  7.112926          16000096
  family       operation    rows  median_ms r_allocated_bytes
1   read coercion_double 1000000 0.01221801                 0
  family        operation    rows median_ms r_allocated_bytes
1   read coercion_integer 1000000  0.452804           4000048
  family         operation    rows median_ms r_allocated_bytes
1   read export_data_frame 1000000  0.131159                 0
  family     operation    rows median_ms r_allocated_bytes
1   read export_tibble 1000000  0.124476                 0
  family  operation    rows median_ms r_allocated_bytes
1   read arithmetic 1000000  17.62647         156001768
  family         operation    rows median_ms r_allocated_bytes
1   read mutate_arithmetic 1000000  18.75365         156084520
  family   operation    rows median_ms r_allocated_bytes
1   read filter_half 1000000  27.14569          50083096
  family  operation    rows median_ms r_allocated_bytes
1   read row_subset 1000000  5.336396          46090168
  family operation    rows median_ms r_allocated_bytes
1   read  read_dta 1000000  4.631565          64081168
  family operation    rows median_ms r_allocated_bytes
1   read write_dta 1000000  12.58495              2928
  family  operation    rows median_ms r_allocated_bytes
1   read read_arrow 1000000  13.85107          64081168
  family   operation    rows median_ms r_allocated_bytes
1   read write_arrow 1000000  48.84334              1744
All candidate operation, source preservation and captured-mask checks passed.
Candidate owned allocation and backing checks passed.
