library /private/tmp/dta-direct-stage1-validation/final/library
kind string
retained_vector_heap_bytes 128000440
nominal_result_bytes 128019112
        0.79 real         0.75 user         0.02 sys
           450904064  maximum resident set size
                   0  average shared memory size
                   0  average unshared data size
                   0  average unshared stack size
               31384  page reclaims
                  37  page faults
                   0  swaps
                   0  block input operations
                   0  block output operations
                   0  messages sent
                   0  messages received
                   0  signals received
                  10  voluntary context switches
                  67  involuntary context switches
         18101216210  instructions retired
          3461226838  cycles elapsed
           434619304  peak memory footprint
