
Attaching package: ‘dplyr’

The following objects are masked from ‘package:dtatools’:

    recode, replace_values

The following objects are masked from ‘package:stats’:

    filter, lag

The following objects are masked from ‘package:base’:

    intersect, setdiff, setequal, union


CASE transmute_error
BASELINE
$value
transmute(list(x = c(1, 2, 3)), y = (stop("sample")))

$warnings
list()

$messages
list()

CANDIDATE
$value
mutate()

$warnings
list()

$messages
list()


CASE groupby_error
BASELINE
$value
group_by(list(x = c(1, 2, 3)), y = (stop("sample")), .add = FALSE, 
    .drop = TRUE)

$warnings
list()

$messages
list()

CANDIDATE
$value
mutate()

$warnings
list()

$messages
list()


CASE transmute_warning
BASELINE
$value
NULL

$warnings
list()

$messages
list()

CANDIDATE
$value
NULL

$warnings
list()

$messages
list()


CASE groupby_warning
BASELINE
$value
NULL

$warnings
list()

$messages
list()

CANDIDATE
$value
NULL

$warnings
list()

$messages
list()


CASE zero_group_key
BASELINE
$value
# A dibble: 0 × 2
# Groups:   g [0]
# ℹ 2 variables: g <long>, x <long>

$warnings
list()

$messages
list()

CANDIDATE
$value
# A dibble: 0 × 2
# Groups:   g [0]
# ℹ 2 variables: g <long>, x <long>

$warnings
list()

$messages
list()


CASE expression_lists
BASELINE
$value
# A dibble: 3 × 2
       x y           
  <long> <named list>
1      1 <dbl [1]>   
2      2 <dbl [1]>   
3      3 <dbl [1]>   

$warnings
list()

$messages
list()

CANDIDATE
$value
# A dibble: 3 × 2
       x y           
  <long> <named list>
1      1 <dbl [1]>   
2      2 <dbl [1]>   
3      3 <dbl [1]>   

$warnings
list()

$messages
list()


CASE column_sized_names
BASELINE
$value
$value$y
<dta_numeric[3]>
[1] 1 2 3

$value$z
<dta_numeric[3]>
[1] 1 2 3


$warnings
list()

$messages
list()

CANDIDATE
$value
$value$y
<dta_numeric[3]>
[1] 1 2 3

$value$z
<dta_numeric[3]>
[1] 1 2 3


$warnings
list()

$messages
list()


CASE full_data_symbol
BASELINE
$value
$value$stata.storage
[1] "double"

$value$class
[1] "dta_numeric" "dta_double"  "vctrs_vctr"  "double"     

$value$other
[1] "retained"


$warnings
$warnings[[1]]
[1] "There were 2 warnings in `mutate()`.\nThe first warning was:\nℹ In argument: `x`.\nCaused by warning:\n! Dropped unknown attribute during Stata vector restoration: other\nℹ Run `dplyr::last_dplyr_warnings()` to see the 1 remaining warning."


$messages
list()

CANDIDATE
$value
$value$stata.storage
[1] "double"

$value$class
[1] "dta_numeric" "dta_double"  "vctrs_vctr"  "double"     


$warnings
$warnings[[1]]
[1] "There were 2 warnings in `mutate()`.\nThe first warning was:\nℹ In argument: `x`.\nℹ In group 2: `g = 2`.\nCaused by warning:\n! Dropped unknown attribute during Stata vector restoration: other\nℹ Run `dplyr::last_dplyr_warnings()` to see the 1 remaining warning."


$messages
list()

