
Attaching package: ‘dplyr’

The following objects are masked from ‘package:dtatools’:

    recode, replace_values

The following objects are masked from ‘package:stats’:

    filter, lag

The following objects are masked from ‘package:base’:

    intersect, setdiff, setequal, union


CASE rowwise_nested_df
BASELINE
$value
# A dibble: 3 × 2
# Rowwise: 
    x$a    $b y           
  <int> <int> <list>      
1     1     4 <df [1 × 2]>
2     2     5 <df [1 × 2]>
3     3     6 <df [1 × 2]>

$warnings
list()

$messages
list()

CANDIDATE
$value
$value$error
[1] "ℹ In argument: `y = list(x)`.\nℹ In row 1.\nCaused by error in `.subset2()`:\n! subscript out of bounds"

$value$class
[1] "dplyr:::mutate_error" "rlang_error"          "error"               
[4] "condition"           


$warnings
list()

$messages
list()


CASE rowwise_nested_df_next
BASELINE
$value
# A dibble: 3 × 3
# Rowwise: 
       x    z$a     $b q           
  <long> <long> <long> <list>      
1      1      1      2 <df [1 × 2]>
2      2      2      3 <df [1 × 2]>
3      3      3      4 <df [1 × 2]>

$warnings
list()

$messages
list()

CANDIDATE
$value
$value$error
[1] "ℹ In argument: `q = list(z)`.\nℹ In row 1.\nCaused by error in `.subset2()`:\n! subscript out of bounds"

$value$class
[1] "dplyr:::mutate_error" "rlang_error"          "error"               
[4] "condition"           


$warnings
list()

$messages
list()


CASE rowwise_nested_pick
BASELINE
$value
# A dibble: 3 × 2
# Rowwise: 
    x$a    $b y               
  <int> <int> <list>          
1     1     4 <tibble [1 × 1]>
2     2     5 <tibble [1 × 1]>
3     3     6 <tibble [1 × 1]>

$warnings
list()

$messages
list()

CANDIDATE
$value
$value$error
[1] "ℹ In argument: `y = list(pick(x))`.\nℹ In row 1.\nCaused by error in `.subset2()`:\n! subscript out of bounds"

$value$class
[1] "dplyr:::mutate_error" "rlang_error"          "error"               
[4] "condition"           


$warnings
list()

$messages
list()


CASE rowwise_matrix
BASELINE
$value
# A dibble: 3 × 2
# Rowwise: 
     x[,1]     [,2] y               
  <I<int>> <I<int>> <list>          
1        1        4 <I(int [1 × 2])>
2        2        5 <I(int [1 × 2])>
3        3        6 <I(int [1 × 2])>

$warnings
list()

$messages
list()

CANDIDATE
$value
# A dibble: 3 × 2
# Rowwise: 
     x[,1]     [,2] y               
  <I<int>> <I<int>> <list>          
1        1        4 <I(int [1 × 2])>
2        2        5 <I(int [1 × 2])>
3        3        6 <I(int [1 × 2])>

$warnings
list()

$messages
list()


CASE grouped_names_metadata
BASELINE
$value
$value$stata.storage
[1] "double"

$value$class
[1] "dta_numeric" "dta_double"  "vctrs_vctr"  "double"     

$value$other
$value$other$a
[1] 1 2 3



$warnings
$warnings[[1]]
[1] "There were 2 warnings in `mutate()`.\nThe first warning was:\nℹ In argument: `y = x`.\nCaused by warning:\n! Dropped unknown attribute during Stata vector restoration: other\nℹ Run `dplyr::last_dplyr_warnings()` to see the 1 remaining warning."


$messages
list()

CANDIDATE
$value
$value$stata.storage
[1] "double"

$value$class
[1] "dta_numeric" "dta_double"  "vctrs_vctr"  "double"     


$warnings
$warnings[[1]]
[1] "There were 2 warnings in `mutate()`.\nThe first warning was:\nℹ In argument: `y = x`.\nℹ In group 2: `g = 2`.\nCaused by warning:\n! Dropped unknown attribute during Stata vector restoration: other\nℹ Run `dplyr::last_dplyr_warnings()` to see the 1 remaining warning."


$messages
list()


CASE retained_mask
BASELINE
$value
$value[[1]]
[1] "Obsolete data mask.\n✖ Too late to resolve `x` after the end of `dplyr::mutate()`.\nℹ Did you save an object that uses `x` lazily in a column in the\n  `dplyr::mutate()` expression ?"

$value[[2]]
[1] "Obsolete data mask.\n✖ Too late to resolve `x` after the end of `dplyr::mutate()`.\nℹ Did you save an object that uses `x` lazily in a column in the\n  `dplyr::mutate()` expression ?"


$warnings
$warnings[[1]]
[1] "restarting interrupted promise evaluation"


$messages
list()

CANDIDATE
$value
$value[[1]]
[1] "Obsolete data mask.\n✖ Too late to resolve `x` after the end of `dplyr::mutate()`.\nℹ Did you save an object that uses `x` lazily in a column in the `dplyr::mutate()` expression ?"

$value[[2]]
[1] "Obsolete data mask.\n✖ Too late to resolve `x` after the end of `dplyr::mutate()`.\nℹ Did you save an object that uses `x` lazily in a column in the `dplyr::mutate()` expression ?"


$warnings
list()

$messages
list()


CASE duplicate_df
BASELINE
$value
# A dibble: 3 × 2
       x      a
  <long> <long>
1      1      4
2      2      5
3      3      6

$warnings
list()

$messages
list()

CANDIDATE
$value
# A dibble: 3 × 2
       x      a
  <long> <long>
1      1      4
2      2      5
3      3      6

$warnings
list()

$messages
list()

