* using log directory ‘/private/tmp/direct-dibble-readers/dtatools.Rcheck’
* using R version 4.6.1 (2026-06-24)
* using platform: aarch64-apple-darwin25.4.0
* R was compiled by
    Apple clang version 21.0.0 (clang-2100.0.123.102)
    GNU Fortran (Homebrew GCC 16.1.0) 16.1.0
* running under: macOS Tahoe 26.6.2
* using session charset: UTF-8
* current time: 2026-09-11 19:36:25 UTC
* using options ‘--no-manual --no-build-vignettes’
* checking for file ‘dtatools/DESCRIPTION’ ... OK
* this is package ‘dtatools’ version ‘0.9.0’
* package encoding: UTF-8
* checking package namespace information ... OK
* checking package dependencies ... OK
* checking if this is a source package ... OK
* checking if there is a namespace ... OK
* checking for executable files ... OK
* checking for hidden files and directories ... OK
* checking for portable file names ... OK
* checking for sufficient/correct file permissions ... OK
* checking whether package ‘dtatools’ can be installed ... WARNING
Found the following significant warnings:
  ld: warning: object file (/private/tmp/direct-dibble-readers/dtatools.Rcheck/00_pkg_src/dtatools/src/rust/target/64254bf2167ffc03e851b9f4b66bf429/release/libdtatools_r.a[209](44ff4c55aa9e5133-entropy_common.o)) was built for newer 'macOS' version (26.5) than being linked (26.0)
  ld: warning: object file (/private/tmp/direct-dibble-readers/dtatools.Rcheck/00_pkg_src/dtatools/src/rust/target/64254bf2167ffc03e851b9f4b66bf429/release/libdtatools_r.a[210](44ff4c55aa9e5133-error_private.o)) was built for newer 'macOS' version (26.5) than being linked (26.0)
  ld: warning: object file (/private/tmp/direct-dibble-readers/dtatools.Rcheck/00_pkg_src/dtatools/src/rust/target/64254bf2167ffc03e851b9f4b66bf429/release/libdtatools_r.a[211](44ff4c55aa9e5133-fse_decompress.o)) was built for newer 'macOS' version (26.5) than being linked (26.0)
  ld: warning: object file (/private/tmp/direct-dibble-readers/dtatools.Rcheck/00_pkg_src/dtatools/src/rust/target/64254bf2167ffc03e851b9f4b66bf429/release/libdtatools_r.a[214](44ff4c55aa9e5133-zstd_common.o)) was built for newer 'macOS' version (26.5) than being linked (26.0)
  ld: warning: object file (/private/tmp/direct-dibble-readers/dtatools.Rcheck/00_pkg_src/dtatools/src/rust/target/64254bf2167ffc03e851b9f4b66bf429/release/libdtatools_r.a[215](fb80479a5fb81f6a-fse_compress.o)) was built for newer 'macOS' version (26.5) than being linked (26.0)
  ld: warning: object file (/private/tmp/direct-dibble-readers/dtatools.Rcheck/00_pkg_src/dtatools/src/rust/target/64254bf2167ffc03e851b9f4b66bf429/release/libdtatools_r.a[216](fb80479a5fb81f6a-hist.o)) was built for newer 'macOS' version (26.5) than being linked (26.0)
  ld: warning: object file (/private/tmp/direct-dibble-readers/dtatools.Rcheck/00_pkg_src/dtatools/src/rust/target/64254bf2167ffc03e851b9f4b66bf429/release/libdtatools_r.a[217](fb80479a5fb81f6a-huf_compress.o)) was built for newer 'macOS' version (26.5) than being linked (26.0)
  ld: warning: object file (/private/tmp/direct-dibble-readers/dtatools.Rcheck/00_pkg_src/dtatools/src/rust/target/64254bf2167ffc03e851b9f4b66bf429/release/libdtatools_r.a[218](fb80479a5fb81f6a-zstd_compress.o)) was built for newer 'macOS' version (26.5) than being linked (26.0)
  ld: warning: object file (/private/tmp/direct-dibble-readers/dtatools.Rcheck/00_pkg_src/dtatools/src/rust/target/64254bf2167ffc03e851b9f4b66bf429/release/libdtatools_r.a[219](fb80479a5fb81f6a-zstd_compress_literals.o)) was built for newer 'macOS' version (26.5) than being linked (26.0)
  ld: warning: object file (/private/tmp/direct-dibble-readers/dtatools.Rcheck/00_pkg_src/dtatools/src/rust/target/64254bf2167ffc03e851b9f4b66bf429/release/libdtatools_r.a[220](fb80479a5fb81f6a-zstd_compress_sequences.o)) was built for newer 'macOS' version (26.5) than being linked (26.0)
  ld: warning: object file (/private/tmp/direct-dibble-readers/dtatools.Rcheck/00_pkg_src/dtatools/src/rust/target/64254bf2167ffc03e851b9f4b66bf429/release/libdtatools_r.a[221](fb80479a5fb81f6a-zstd_compress_superblock.o)) was built for newer 'macOS' version (26.5) than being linked (26.0)
  ld: warning: object file (/private/tmp/direct-dibble-readers/dtatools.Rcheck/00_pkg_src/dtatools/src/rust/target/64254bf2167ffc03e851b9f4b66bf429/release/libdtatools_r.a[222](fb80479a5fb81f6a-zstd_double_fast.o)) was built for newer 'macOS' version (26.5) than being linked (26.0)
  ld: warning: object file (/private/tmp/direct-dibble-readers/dtatools.Rcheck/00_pkg_src/dtatools/src/rust/target/64254bf2167ffc03e851b9f4b66bf429/release/libdtatools_r.a[223](fb80479a5fb81f6a-zstd_fast.o)) was built for newer 'macOS' version (26.5) than being linked (26.0)
  ld: warning: object file (/private/tmp/direct-dibble-readers/dtatools.Rcheck/00_pkg_src/dtatools/src/rust/target/64254bf2167ffc03e851b9f4b66bf429/release/libdtatools_r.a[224](fb80479a5fb81f6a-zstd_lazy.o)) was built for newer 'macOS' version (26.5) than being linked (26.0)
  ld: warning: object file (/private/tmp/direct-dibble-readers/dtatools.Rcheck/00_pkg_src/dtatools/src/rust/target/64254bf2167ffc03e851b9f4b66bf429/release/libdtatools_r.a[225](fb80479a5fb81f6a-zstd_ldm.o)) was built for newer 'macOS' version (26.5) than being linked (26.0)
  ld: warning: object file (/private/tmp/direct-dibble-readers/dtatools.Rcheck/00_pkg_src/dtatools/src/rust/target/64254bf2167ffc03e851b9f4b66bf429/release/libdtatools_r.a[226](fb80479a5fb81f6a-zstd_opt.o)) was built for newer 'macOS' version (26.5) than being linked (26.0)
  ld: warning: object file (/private/tmp/direct-dibble-readers/dtatools.Rcheck/00_pkg_src/dtatools/src/rust/target/64254bf2167ffc03e851b9f4b66bf429/release/libdtatools_r.a[227](fb80479a5fb81f6a-zstd_preSplit.o)) was built for newer 'macOS' version (26.5) than being linked (26.0)
  ld: warning: object file (/private/tmp/direct-dibble-readers/dtatools.Rcheck/00_pkg_src/dtatools/src/rust/target/64254bf2167ffc03e851b9f4b66bf429/release/libdtatools_r.a[229](88f362f13b0528ed-huf_decompress.o)) was built for newer 'macOS' version (26.5) than being linked (26.0)
  ld: warning: object file (/private/tmp/direct-dibble-readers/dtatools.Rcheck/00_pkg_src/dtatools/src/rust/target/64254bf2167ffc03e851b9f4b66bf429/release/libdtatools_r.a[230](88f362f13b0528ed-zstd_ddict.o)) was built for newer 'macOS' version (26.5) than being linked (26.0)
  ld: warning: object file (/private/tmp/direct-dibble-readers/dtatools.Rcheck/00_pkg_src/dtatools/src/rust/target/64254bf2167ffc03e851b9f4b66bf429/release/libdtatools_r.a[231](88f362f13b0528ed-zstd_decompress.o)) was built for newer 'macOS' version (26.5) than being linked (26.0)
  ld: warning: object file (/private/tmp/direct-dibble-readers/dtatools.Rcheck/00_pkg_src/dtatools/src/rust/target/64254bf2167ffc03e851b9f4b66bf429/release/libdtatools_r.a[232](88f362f13b0528ed-zstd_decompress_block.o)) was built for newer 'macOS' version (26.5) than being linked (26.0)
  ld: warning: object file (/private/tmp/direct-dibble-readers/dtatools.Rcheck/00_pkg_src/dtatools/src/rust/target/64254bf2167ffc03e851b9f4b66bf429/release/libdtatools_r.a[237](3f451b2306bc13c8-zstd_v01.o)) was built for newer 'macOS' version (26.5) than being linked (26.0)
  ld: warning: object file (/private/tmp/direct-dibble-readers/dtatools.Rcheck/00_pkg_src/dtatools/src/rust/target/64254bf2167ffc03e851b9f4b66bf429/release/libdtatools_r.a[238](3f451b2306bc13c8-zstd_v02.o)) was built for newer 'macOS' version (26.5) than being linked (26.0)
  ld: warning: object file (/private/tmp/direct-dibble-readers/dtatools.Rcheck/00_pkg_src/dtatools/src/rust/target/64254bf2167ffc03e851b9f4b66bf429/release/libdtatools_r.a[239](3f451b2306bc13c8-zstd_v03.o)) was built for newer 'macOS' version (26.5) than being linked (26.0)
  ld: warning: object file (/private/tmp/direct-dibble-readers/dtatools.Rcheck/00_pkg_src/dtatools/src/rust/target/64254bf2167ffc03e851b9f4b66bf429/release/libdtatools_r.a[240](3f451b2306bc13c8-zstd_v04.o)) was built for newer 'macOS' version (26.5) than being linked (26.0)
  ld: warning: object file (/private/tmp/direct-dibble-readers/dtatools.Rcheck/00_pkg_src/dtatools/src/rust/target/64254bf2167ffc03e851b9f4b66bf429/release/libdtatools_r.a[241](3f451b2306bc13c8-zstd_v05.o)) was built for newer 'macOS' version (26.5) than being linked (26.0)
  ld: warning: object file (/private/tmp/direct-dibble-readers/dtatools.Rcheck/00_pkg_src/dtatools/src/rust/target/64254bf2167ffc03e851b9f4b66bf429/release/libdtatools_r.a[242](3f451b2306bc13c8-zstd_v06.o)) was built for newer 'macOS' version (26.5) than being linked (26.0)
  ld: warning: object file (/private/tmp/direct-dibble-readers/dtatools.Rcheck/00_pkg_src/dtatools/src/rust/target/64254bf2167ffc03e851b9f4b66bf429/release/libdtatools_r.a[243](3f451b2306bc13c8-zstd_v07.o)) was built for newer 'macOS' version (26.5) than being linked (26.0)
See ‘/private/tmp/direct-dibble-readers/dtatools.Rcheck/00install.out’ for details.
* used C compiler: ‘Apple clang version 21.0.0 (clang-2100.1.1.101)’
* used SDK: ‘MacOSX26.5.sdk’
* checking installed package size ... INFO
  installed size is 11.4Mb
  sub-directories of 1Mb or more:
    libs   8.6Mb
    R      2.1Mb
* checking package directory ... OK
* checking DESCRIPTION meta-information ... OK
* checking top-level files ... OK
* checking for left-over files ... OK
* checking index information ... OK
* checking package subdirectories ... NOTE
Found the following CITATION file in a non-standard place:
  src/rust/v/chrono/CITATION.cff
Most likely ‘inst/CITATION’ should be used instead.
* checking code files for non-ASCII characters ... OK
* checking R files for syntax errors ... OK
* checking whether the package can be loaded ... OK
* checking whether the package can be loaded with stated dependencies ... OK
* checking whether the package can be unloaded cleanly ... OK
* checking whether the namespace can be loaded with stated dependencies ... OK
* checking whether the namespace can be unloaded cleanly ... OK
* checking loading without being on the library search path ... OK
* checking whether startup messages can be suppressed ... OK
* checking dependencies in R code ... OK
* checking S3 generic/method consistency ... OK
* checking replacement functions ... OK
* checking foreign function calls ... OK
* checking R code for possible problems ... OK
* checking Rd files ... OK
* checking Rd metadata ... OK
* checking Rd cross-references ... OK
* checking for missing documentation entries ... OK
* checking for code/documentation mismatches ... OK
* checking Rd \usage sections ... OK
* checking Rd contents ... OK
* checking for unstated dependencies in examples ... OK
* checking line endings in shell scripts ... OK
* checking line endings in C/C++/Fortran sources/headers ... NOTE
Found the following sources/headers not terminated with a newline:
  src/rust/target/64254bf2167ffc03e851b9f4b66bf429/release/build/zstd-sys-c96b5299f8b2fb23/out/flag_check.c
Some compilers warn on such files.
* checking line endings in Makefiles ... OK
* checking compilation flags in Makevars ... OK
* checking for GNU extensions in Makefiles ... WARNING
Found the following file(s) containing GNU extensions:
  src/rust/v/r-efi-5.3.0/Makefile
  src/rust/v/r-efi/Makefile
  src/rust/v/unicode-general-category/Makefile
Portable Makefiles do not use GNU extensions such as +=, :=, $(shell),
$(wildcard), ifeq ... endif, .NOTPARALLEL See section ‘Writing portable
packages’ in the ‘Writing R Extensions’ manual.
* checking for portable use of $(BLAS_LIBS) and $(LAPACK_LIBS) ... OK
* checking use of PKG_*FLAGS in Makefiles ... OK
* checking include directives in Makefiles ... OK
* checking compiled code ... WARNING
File ‘dtatools/libs/dtatools.so’:
  Found ‘_abort’, possibly from ‘abort’ (C)
    Object:
      ‘rust/target/64254bf2167ffc03e851b9f4b66bf429/release/libdtatools_r.a’

Compiled code should not call entry points which might terminate R nor
write to stdout/stderr instead of to the console, nor use Fortran I/O
nor system RNGs nor [v]sprintf.

See ‘Writing portable packages’ in the ‘Writing R Extensions’ manual.
* checking examples ... OK
* checking for unstated dependencies in ‘tests’ ... OK
* checking tests ... OK
  Running ‘testthat.R’
* DONE
Status: 3 WARNINGs, 2 NOTEs
