heap-double-rename-100000.log passed
heap-double-pipeline_five-100000.log passed
heap-double-pipeline_50-100000.log passed
heap-double-rename-1000000.log passed
heap-double-pipeline_five-1000000.log passed
heap-double-pipeline_50-1000000.log passed
heap-string-rename-100000.log passed
heap-string-pipeline_five-100000.log passed
heap-string-pipeline_50-100000.log passed
heap-string-rename-1000000.log passed
heap-string-pipeline_five-1000000.log passed
heap-string-pipeline_50-1000000.log passed
heap-declared_character-rename-100000.log passed
heap-declared_character-pipeline_five-100000.log passed
heap-declared_character-pipeline_50-100000.log passed
heap-declared_character-rename-1000000.log passed
heap-declared_character-pipeline_five-1000000.log passed
heap-declared_character-pipeline_50-1000000.log passed
heap-logical-rename-100000.log passed
heap-logical-pipeline_five-100000.log passed
heap-logical-pipeline_50-100000.log passed
heap-logical-rename-1000000.log passed
heap-logical-pipeline_five-1000000.log passed
heap-logical-pipeline_50-1000000.log passed
heap-factor-rename-100000.log passed
heap-factor-pipeline_five-100000.log passed
heap-factor-pipeline_50-100000.log passed
heap-factor-rename-1000000.log passed
heap-factor-pipeline_five-1000000.log passed
heap-factor-pipeline_50-1000000.log passed
heap-ordered-rename-100000.log passed
heap-ordered-pipeline_five-100000.log passed
heap-ordered-pipeline_50-100000.log passed
heap-ordered-rename-1000000.log passed
heap-ordered-pipeline_five-1000000.log passed
heap-ordered-pipeline_50-1000000.log passed
baseline heap supplement complete: /private/tmp/dta-direct-stage4-validation/root-c8ca0a4-performance/heap-baseline
