    kind family operation   rows median_ms r_allocated_bytes
1 string direct    rename 100000  12.68319          12889752
  validation_scanned_values
1                        NA
    kind          family operation   rows median_ms r_allocated_bytes
1 string safe_delegation    rename 100000  12.94181          12884544
  validation_scanned_values
1                        NA
    kind family operation   rows median_ms r_allocated_bytes
1 string direct    select 100000  12.67232          12891168
  validation_scanned_values
1                        NA
    kind          family operation   rows median_ms r_allocated_bytes
1 string safe_delegation    select 100000  12.60069          12884696
  validation_scanned_values
1                        NA
    kind family operation   rows median_ms r_allocated_bytes
1 string direct  relocate 100000  13.36461          12892216
  validation_scanned_values
1                        NA
    kind          family operation   rows median_ms r_allocated_bytes
1 string safe_delegation  relocate 100000  13.05629          12887192
  validation_scanned_values
1                        NA
    kind family     operation   rows median_ms r_allocated_bytes
1 string direct pipeline_five 100000  69.12977          65253296
  validation_scanned_values
1                        NA
    kind          family     operation   rows median_ms r_allocated_bytes
1 string safe_delegation pipeline_five 100000  13.74709          12899016
  validation_scanned_values
1                        NA
    kind family operation    rows median_ms r_allocated_bytes
1 string direct    rename 1000000  137.5713         128084824
  validation_scanned_values
1                        NA
    kind          family operation    rows median_ms r_allocated_bytes
1 string safe_delegation    rename 1000000  136.0209         128084544
  validation_scanned_values
1                        NA
    kind family operation    rows median_ms r_allocated_bytes
1 string direct    select 1000000  127.8041         128084976
  validation_scanned_values
1                        NA
    kind          family operation    rows median_ms r_allocated_bytes
1 string safe_delegation    select 1000000  128.3113         128084696
  validation_scanned_values
1                        NA
    kind family operation    rows median_ms r_allocated_bytes
1 string direct  relocate 1000000   126.618         128087256
  validation_scanned_values
1                        NA
    kind          family operation    rows median_ms r_allocated_bytes
1 string safe_delegation  relocate 1000000  128.5506         128087192
  validation_scanned_values
1                        NA
    kind family     operation    rows median_ms r_allocated_bytes
1 string direct pipeline_five 1000000  715.7274         648426176
  validation_scanned_values
1                        NA
    kind          family     operation    rows median_ms r_allocated_bytes
1 string safe_delegation pipeline_five 1000000  122.8274         128099016
  validation_scanned_values
1                        NA
                kind family operation   rows median_ms r_allocated_bytes
1 declared_character direct    rename 100000   13.0701          12884824
  validation_scanned_values
1                        NA
                kind          family operation   rows median_ms
1 declared_character safe_delegation    rename 100000  13.26284
  r_allocated_bytes validation_scanned_values
1          12884544                        NA
                kind family operation   rows median_ms r_allocated_bytes
1 declared_character direct    select 100000  12.89507          12884976
  validation_scanned_values
1                        NA
                kind          family operation   rows median_ms
1 declared_character safe_delegation    select 100000  13.27933
  r_allocated_bytes validation_scanned_values
1          12884696                        NA
                kind family operation   rows median_ms r_allocated_bytes
1 declared_character direct  relocate 100000  13.65398          12887256
  validation_scanned_values
1                        NA
                kind          family operation   rows median_ms
1 declared_character safe_delegation  relocate 100000  13.04628
  r_allocated_bytes validation_scanned_values
1          12887192                        NA
                kind family     operation   rows median_ms r_allocated_bytes
1 declared_character direct pipeline_five 100000  65.17335          63226032
  validation_scanned_values
1                        NA
                kind          family     operation   rows median_ms
1 declared_character safe_delegation pipeline_five 100000   13.4348
  r_allocated_bytes validation_scanned_values
1          12098968                        NA
                kind family operation    rows median_ms r_allocated_bytes
1 declared_character direct    rename 1000000  140.0221         128084824
  validation_scanned_values
1                        NA
                kind          family operation    rows median_ms
1 declared_character safe_delegation    rename 1000000  128.5558
  r_allocated_bytes validation_scanned_values
1         128084544                        NA
                kind family operation    rows median_ms r_allocated_bytes
1 declared_character direct    select 1000000  133.6915         128084976
  validation_scanned_values
1                        NA
                kind          family operation    rows median_ms
1 declared_character safe_delegation    select 1000000   128.053
  r_allocated_bytes validation_scanned_values
1         128084696                        NA
                kind family operation    rows median_ms r_allocated_bytes
1 declared_character direct  relocate 1000000  128.3867         128087256
  validation_scanned_values
1                        NA
                kind          family operation    rows median_ms
1 declared_character safe_delegation  relocate 1000000   128.914
  r_allocated_bytes validation_scanned_values
1         128087192                        NA
                kind family     operation    rows median_ms r_allocated_bytes
1 declared_character direct pipeline_five 1000000  709.6934         628426032
  validation_scanned_values
1                        NA
                kind          family     operation    rows median_ms
1 declared_character safe_delegation pipeline_five 1000000  120.2537
  r_allocated_bytes validation_scanned_values
1         120098968                        NA
     kind family operation   rows median_ms r_allocated_bytes
1 logical direct    rename 100000  0.594336           6484824
  validation_scanned_values
1                        NA
     kind          family operation   rows median_ms r_allocated_bytes
1 logical safe_delegation    rename 100000  0.572975           6484544
  validation_scanned_values
1                        NA
     kind family operation   rows median_ms r_allocated_bytes
1 logical direct    select 100000  0.556083           6484976
  validation_scanned_values
1                        NA
     kind          family operation   rows median_ms r_allocated_bytes
1 logical safe_delegation    select 100000  0.593516           6484696
  validation_scanned_values
1                        NA
     kind family operation   rows median_ms r_allocated_bytes
1 logical direct  relocate 100000  0.674368           6487256
  validation_scanned_values
1                        NA
     kind          family operation   rows median_ms r_allocated_bytes
1 logical safe_delegation  relocate 100000  0.696959           6487192
  validation_scanned_values
1                        NA
     kind family     operation   rows median_ms r_allocated_bytes
1 logical direct pipeline_five 100000  3.193941          31625984
  validation_scanned_values
1                        NA
     kind          family     operation   rows median_ms r_allocated_bytes
1 logical safe_delegation pipeline_five 100000  1.459149           6098968
  validation_scanned_values
1                        NA
     kind family operation    rows median_ms r_allocated_bytes
1 logical direct    rename 1000000  1.839383          64084824
  validation_scanned_values
1                        NA
     kind          family operation    rows median_ms r_allocated_bytes
1 logical safe_delegation    rename 1000000  1.322332          64084544
  validation_scanned_values
1                        NA
     kind family operation    rows median_ms r_allocated_bytes
1 logical direct    select 1000000  1.323726          64084976
  validation_scanned_values
1                        NA
     kind          family operation    rows median_ms r_allocated_bytes
1 logical safe_delegation    select 1000000  1.368457          64084696
  validation_scanned_values
1                        NA
     kind family operation    rows median_ms r_allocated_bytes
1 logical direct  relocate 1000000  1.445619          64087256
  validation_scanned_values
1                        NA
     kind          family operation    rows median_ms r_allocated_bytes
1 logical safe_delegation  relocate 1000000  1.431105          64087192
  validation_scanned_values
1                        NA
     kind family     operation    rows median_ms r_allocated_bytes
1 logical direct pipeline_five 1000000  21.57108         312425984
  validation_scanned_values
1                        NA
     kind          family     operation    rows median_ms r_allocated_bytes
1 logical safe_delegation pipeline_five 1000000  2.216829          60098968
  validation_scanned_values
1                        NA
    kind family operation   rows median_ms r_allocated_bytes
1 factor direct    rename 100000   0.58261           6484824
  validation_scanned_values
1                        NA
    kind          family operation   rows median_ms r_allocated_bytes
1 factor safe_delegation    rename 100000  0.582159           6484544
  validation_scanned_values
1                        NA
    kind family operation   rows median_ms r_allocated_bytes
1 factor direct    select 100000  0.561782           6484976
  validation_scanned_values
1                        NA
    kind          family operation   rows median_ms r_allocated_bytes
1 factor safe_delegation    select 100000  0.586177           6484696
  validation_scanned_values
1                        NA
    kind family operation   rows median_ms r_allocated_bytes
1 factor direct  relocate 100000   0.68634           6487256
  validation_scanned_values
1                        NA
    kind          family operation   rows median_ms r_allocated_bytes
1 factor safe_delegation  relocate 100000  0.681748           6487192
  validation_scanned_values
1                        NA
    kind family     operation   rows median_ms r_allocated_bytes
1 factor direct pipeline_five 100000   3.21768          31625984
  validation_scanned_values
1                        NA
    kind          family     operation   rows median_ms r_allocated_bytes
1 factor safe_delegation pipeline_five 100000  1.527906           6098968
  validation_scanned_values
1                        NA
    kind family operation    rows median_ms r_allocated_bytes
1 factor direct    rename 1000000  2.998371          64084824
  validation_scanned_values
1                        NA
    kind          family operation    rows median_ms r_allocated_bytes
1 factor safe_delegation    rename 1000000  1.367637          64084544
  validation_scanned_values
1                        NA
    kind family operation    rows median_ms r_allocated_bytes
1 factor direct    select 1000000  1.365546          64084976
  validation_scanned_values
1                        NA
    kind          family operation    rows median_ms r_allocated_bytes
1 factor safe_delegation    select 1000000  1.550784          64084696
  validation_scanned_values
1                        NA
    kind family operation    rows median_ms r_allocated_bytes
1 factor direct  relocate 1000000  1.510686          64087256
  validation_scanned_values
1                        NA
    kind          family operation    rows median_ms r_allocated_bytes
1 factor safe_delegation  relocate 1000000  1.482068          64087192
  validation_scanned_values
1                        NA
    kind family     operation    rows median_ms r_allocated_bytes
1 factor direct pipeline_five 1000000  10.19998         312425984
  validation_scanned_values
1                        NA
    kind          family     operation    rows median_ms r_allocated_bytes
1 factor safe_delegation pipeline_five 1000000  3.490084          60098968
  validation_scanned_values
1                        NA
     kind family operation   rows median_ms r_allocated_bytes
1 ordered direct    rename 100000   0.59573           6484824
  validation_scanned_values
1                        NA
     kind          family operation   rows median_ms r_allocated_bytes
1 ordered safe_delegation    rename 100000  0.593803           6484544
  validation_scanned_values
1                        NA
     kind family operation   rows median_ms r_allocated_bytes
1 ordered direct    select 100000  0.562479           6484976
  validation_scanned_values
1                        NA
     kind          family operation   rows median_ms r_allocated_bytes
1 ordered safe_delegation    select 100000  0.599379           6484696
  validation_scanned_values
1                        NA
     kind family operation   rows median_ms r_allocated_bytes
1 ordered direct  relocate 100000  0.680231           6487256
  validation_scanned_values
1                        NA
     kind          family operation   rows median_ms r_allocated_bytes
1 ordered safe_delegation  relocate 100000  0.675229           6487192
  validation_scanned_values
1                        NA
     kind family     operation   rows median_ms r_allocated_bytes
1 ordered direct pipeline_five 100000  3.194638          31625984
  validation_scanned_values
1                        NA
     kind          family     operation   rows median_ms r_allocated_bytes
1 ordered safe_delegation pipeline_five 100000  1.516098           6098968
  validation_scanned_values
1                        NA
     kind family operation    rows median_ms r_allocated_bytes
1 ordered direct    rename 1000000  1.830486          64084824
  validation_scanned_values
1                        NA
     kind          family operation    rows median_ms r_allocated_bytes
1 ordered safe_delegation    rename 1000000  2.971475          64084544
  validation_scanned_values
1                        NA
     kind family operation    rows median_ms r_allocated_bytes
1 ordered direct    select 1000000  2.977461          64084976
  validation_scanned_values
1                        NA
     kind          family operation    rows median_ms r_allocated_bytes
1 ordered safe_delegation    select 1000000  3.002922          64084696
  validation_scanned_values
1                        NA
     kind family operation    rows median_ms r_allocated_bytes
1 ordered direct  relocate 1000000  3.132933          64087256
  validation_scanned_values
1                        NA
     kind          family operation    rows median_ms r_allocated_bytes
1 ordered safe_delegation  relocate 1000000  3.269258          64087192
  validation_scanned_values
1                        NA
     kind family     operation    rows median_ms r_allocated_bytes
1 ordered direct pipeline_five 1000000  10.15287         312425984
  validation_scanned_values
1                        NA
     kind          family     operation    rows median_ms r_allocated_bytes
1 ordered safe_delegation pipeline_five 1000000  3.470773          60098968
  validation_scanned_values
1                        NA
    kind family operation   rows median_ms r_allocated_bytes
1 string   read    any_na 100000  0.271748           1200096
  validation_scanned_values
1                        NA
    kind family        operation   rows median_ms r_allocated_bytes
1 string   read nonmissing_count 100000  0.321399           1600144
  validation_scanned_values
1                        NA
    kind family          operation   rows median_ms r_allocated_bytes
1 string   read coercion_character 100000  0.218817            800048
  validation_scanned_values
1                        NA
    kind family         operation   rows median_ms r_allocated_bytes
1 string   read export_data_frame 100000  0.070315                 0
  validation_scanned_values
1                        NA
    kind family     operation   rows median_ms r_allocated_bytes
1 string   read export_tibble 100000  1.568742           6400384
  validation_scanned_values
1                        NA
    kind family   operation   rows median_ms r_allocated_bytes
1 string   read filter_half 100000  7.542196          21884728
  validation_scanned_values
1                        NA
    kind family  operation   rows median_ms r_allocated_bytes
1 string   read row_subset 100000  7.452447          20491080
  validation_scanned_values
1                        NA
    kind family operation   rows median_ms r_allocated_bytes
1 string   read  read_dta 100000  4.641733             80784
  validation_scanned_values
1                        NA
    kind family operation   rows median_ms r_allocated_bytes
1 string   read write_dta 100000  19.09276              2176
  validation_scanned_values
1                        NA
    kind family  operation   rows median_ms r_allocated_bytes
1 string   read read_arrow 100000  5.546767             80784
  validation_scanned_values
1                        NA
    kind family   operation   rows median_ms r_allocated_bytes
1 string   read write_arrow 100000  24.59627              1680
  validation_scanned_values
1                        NA
    kind family  operation   rows median_ms r_allocated_bytes
1 string   read byte_width 100000  0.328943           1200096
  validation_scanned_values
1                        NA
    kind family operation    rows median_ms r_allocated_bytes
1 string   read    any_na 1000000  2.881767          12000096
  validation_scanned_values
1                        NA
    kind family        operation    rows median_ms r_allocated_bytes
1 string   read nonmissing_count 1000000  2.982914          16000144
  validation_scanned_values
1                        NA
    kind family          operation    rows median_ms r_allocated_bytes
1 string   read coercion_character 1000000  2.191163           8000048
  validation_scanned_values
1                        NA
    kind family         operation    rows  median_ms r_allocated_bytes
1 string   read export_data_frame 1000000 0.06941301                 0
  validation_scanned_values
1                        NA
    kind family     operation    rows median_ms r_allocated_bytes
1 string   read export_tibble 1000000  17.49843          64000384
  validation_scanned_values
1                        NA
    kind family   operation    rows median_ms r_allocated_bytes
1 string   read filter_half 1000000  70.89367         218084728
  validation_scanned_values
1                        NA
    kind family  operation    rows median_ms r_allocated_bytes
1 string   read row_subset 1000000   71.1742         204091080
  validation_scanned_values
1                        NA
    kind family operation    rows median_ms r_allocated_bytes
1 string   read  read_dta 1000000  8.479169             80784
  validation_scanned_values
1                        NA
    kind family operation    rows median_ms r_allocated_bytes
1 string   read write_dta 1000000  181.3257              2176
  validation_scanned_values
1                        NA
    kind family  operation    rows median_ms r_allocated_bytes
1 string   read read_arrow 1000000  53.63677             80784
  validation_scanned_values
1                        NA
    kind family   operation    rows median_ms r_allocated_bytes
1 string   read write_arrow 1000000  187.0201              1680
  validation_scanned_values
1                        NA
    kind family  operation    rows median_ms r_allocated_bytes
1 string   read byte_width 1000000  3.361262          12000096
  validation_scanned_values
1                        NA
                kind family operation   rows  median_ms r_allocated_bytes
1 declared_character   read    any_na 100000 0.03062701                 0
  validation_scanned_values
1                        NA
                kind family        operation   rows median_ms r_allocated_bytes
1 declared_character   read nonmissing_count 100000  0.126403            800096
  validation_scanned_values
1                        NA
                kind family          operation   rows median_ms
1 declared_character   read coercion_character 100000  0.213897
  r_allocated_bytes validation_scanned_values
1            800048                        NA
                kind family         operation   rows  median_ms
1 declared_character   read export_data_frame 100000 0.04350102
  r_allocated_bytes validation_scanned_values
1                 0                        NA
                kind family     operation   rows  median_ms r_allocated_bytes
1 declared_character   read export_tibble 100000 0.04797001                 0
  validation_scanned_values
1                        NA
                kind family   operation   rows median_ms r_allocated_bytes
1 declared_character   read filter_half 100000  4.658215           9083576
  validation_scanned_values
1                        NA
                kind family  operation   rows median_ms r_allocated_bytes
1 declared_character   read row_subset 100000  2.631134           6089928
  validation_scanned_values
1                        NA
                kind family operation   rows median_ms r_allocated_bytes
1 declared_character   read  read_dta 100000  4.645833             80784
  validation_scanned_values
1                        NA
                kind family operation   rows median_ms r_allocated_bytes
1 declared_character   read write_dta 100000  18.82708              2176
  validation_scanned_values
1                        NA
                kind family  operation   rows median_ms r_allocated_bytes
1 declared_character   read read_arrow 100000  5.825116             80784
  validation_scanned_values
1                        NA
                kind family   operation   rows median_ms r_allocated_bytes
1 declared_character   read write_arrow 100000  24.52067              1680
  validation_scanned_values
1                        NA
                kind family  operation   rows median_ms r_allocated_bytes
1 declared_character   read byte_width 100000  0.352231           1200096
  validation_scanned_values
1                        NA
                kind family operation    rows median_ms r_allocated_bytes
1 declared_character   read    any_na 1000000  0.285442                 0
  validation_scanned_values
1                        NA
                kind family        operation    rows median_ms
1 declared_character   read nonmissing_count 1000000  1.015857
  r_allocated_bytes validation_scanned_values
1           8000096                        NA
                kind family          operation    rows median_ms
1 declared_character   read coercion_character 1000000  2.177305
  r_allocated_bytes validation_scanned_values
1           8000048                        NA
                kind family         operation    rows  median_ms
1 declared_character   read export_data_frame 1000000 0.04329599
  r_allocated_bytes validation_scanned_values
1                 0                        NA
                kind family     operation    rows median_ms r_allocated_bytes
1 declared_character   read export_tibble 1000000  0.047642                 0
  validation_scanned_values
1                        NA
                kind family   operation    rows median_ms r_allocated_bytes
1 declared_character   read filter_half 1000000  45.33333          90083576
  validation_scanned_values
1                        NA
                kind family  operation    rows median_ms r_allocated_bytes
1 declared_character   read row_subset 1000000  23.52047          60089928
  validation_scanned_values
1                        NA
                kind family operation    rows median_ms r_allocated_bytes
1 declared_character   read  read_dta 1000000  8.493109             80784
  validation_scanned_values
1                        NA
                kind family operation    rows median_ms r_allocated_bytes
1 declared_character   read write_dta 1000000  178.6763              2176
  validation_scanned_values
1                        NA
                kind family  operation    rows median_ms r_allocated_bytes
1 declared_character   read read_arrow 1000000  51.64503             80784
  validation_scanned_values
1                        NA
                kind family   operation    rows median_ms r_allocated_bytes
1 declared_character   read write_arrow 1000000  183.8381              1680
  validation_scanned_values
1                        NA
                kind family  operation    rows median_ms r_allocated_bytes
1 declared_character   read byte_width 1000000  3.341377          12000096
  validation_scanned_values
1                        NA
     kind family operation   rows   median_ms r_allocated_bytes
1 logical   read    any_na 100000 0.001927008                 0
  validation_scanned_values
1                        NA
     kind family        operation   rows median_ms r_allocated_bytes
1 logical   read nonmissing_count 100000  0.105411            800096
  validation_scanned_values
1                        NA
     kind family          operation   rows median_ms r_allocated_bytes
1 logical   read coercion_character 100000    0.2788            800048
  validation_scanned_values
1                        NA
     kind family         operation   rows  median_ms r_allocated_bytes
1 logical   read export_data_frame 100000 0.04358302                 0
  validation_scanned_values
1                        NA
     kind family     operation   rows median_ms r_allocated_bytes
1 logical   read export_tibble 100000  0.047314                 0
  validation_scanned_values
1                        NA
     kind family   operation   rows median_ms r_allocated_bytes
1 logical   read filter_half 100000  0.830291           5883576
  validation_scanned_values
1                        NA
     kind family  operation   rows median_ms r_allocated_bytes
1 logical   read row_subset 100000  0.697902           2889544
  validation_scanned_values
1                        NA
     kind family operation   rows median_ms r_allocated_bytes
1 logical   read  read_dta 100000  2.838594            881168
  validation_scanned_values
1                        NA
     kind family operation   rows median_ms r_allocated_bytes
1 logical   read write_dta 100000   2.78062              2552
  validation_scanned_values
1                        NA
     kind family  operation   rows median_ms r_allocated_bytes
1 logical   read read_arrow 100000  0.937834           3281168
  validation_scanned_values
1                        NA
     kind family   operation   rows median_ms r_allocated_bytes
1 logical   read write_arrow 100000  8.086963              1680
  validation_scanned_values
1                        NA
     kind family        operation   rows  median_ms r_allocated_bytes
1 logical   read coercion_integer 100000 0.02886399            400048
  validation_scanned_values
1                        NA
     kind family operation   rows  median_ms r_allocated_bytes
1 logical   read       sum 100000 0.07847401                 0
  validation_scanned_values
1                        NA
     kind family operation   rows median_ms r_allocated_bytes
1 logical   read      mean 100000  0.190076           1800248
  validation_scanned_values
1                        NA
     kind family operation    rows   median_ms r_allocated_bytes
1 logical   read    any_na 1000000 0.001845008                 0
  validation_scanned_values
1                        NA
     kind family        operation    rows median_ms r_allocated_bytes
1 logical   read nonmissing_count 1000000  1.014668           8000096
  validation_scanned_values
1                        NA
     kind family          operation    rows median_ms r_allocated_bytes
1 logical   read coercion_character 1000000  3.017067           8000048
  validation_scanned_values
1                        NA
     kind family         operation    rows  median_ms r_allocated_bytes
1 logical   read export_data_frame 1000000 0.04370599                 0
  validation_scanned_values
1                        NA
     kind family     operation    rows  median_ms r_allocated_bytes
1 logical   read export_tibble 1000000 0.04633001                 0
  validation_scanned_values
1                        NA
     kind family   operation    rows median_ms r_allocated_bytes
1 logical   read filter_half 1000000  5.267106          58083576
  validation_scanned_values
1                        NA
     kind family  operation    rows median_ms r_allocated_bytes
1 logical   read row_subset 1000000  4.375807          28089544
  validation_scanned_values
1                        NA
     kind family operation    rows median_ms r_allocated_bytes
1 logical   read  read_dta 1000000  4.534026           8081168
  validation_scanned_values
1                        NA
     kind family operation    rows median_ms r_allocated_bytes
1 logical   read write_dta 1000000  6.364512              2552
  validation_scanned_values
1                        NA
     kind family  operation    rows median_ms r_allocated_bytes
1 logical   read read_arrow 1000000   6.33983          32081168
  validation_scanned_values
1                        NA
     kind family   operation    rows median_ms r_allocated_bytes
1 logical   read write_arrow 1000000  31.39928              1680
  validation_scanned_values
1                        NA
     kind family        operation    rows median_ms r_allocated_bytes
1 logical   read coercion_integer 1000000  0.270149           4000048
  validation_scanned_values
1                        NA
     kind family operation    rows median_ms r_allocated_bytes
1 logical   read       sum 1000000  0.688923                 0
  validation_scanned_values
1                        NA
     kind family operation    rows median_ms r_allocated_bytes
1 logical   read      mean 1000000  1.831675          18000248
  validation_scanned_values
1                        NA
    kind family operation   rows  median_ms r_allocated_bytes
1 factor   read    any_na 100000 0.02787999            400048
  validation_scanned_values
1                        NA
    kind family        operation   rows median_ms r_allocated_bytes
1 factor   read nonmissing_count 100000  0.104591            800096
  validation_scanned_values
1                        NA
    kind family          operation   rows median_ms r_allocated_bytes
1 factor   read coercion_character 100000  0.247025            800048
  validation_scanned_values
1                        NA
    kind family         operation   rows  median_ms r_allocated_bytes
1 factor   read export_data_frame 100000 0.05198801                 0
  validation_scanned_values
1                        NA
    kind family     operation   rows  median_ms r_allocated_bytes
1 factor   read export_tibble 100000 0.05125001                 0
  validation_scanned_values
1                        NA
    kind family   operation   rows median_ms r_allocated_bytes
1 factor   read filter_half 100000  0.849438           5883576
  validation_scanned_values
1                        NA
    kind family  operation   rows median_ms r_allocated_bytes
1 factor   read row_subset 100000  0.693392           2889544
  validation_scanned_values
1                        NA
    kind family operation   rows median_ms r_allocated_bytes
1 factor   read  read_dta 100000  2.701531           3281168
  validation_scanned_values
1                        NA
    kind family operation   rows median_ms r_allocated_bytes
1 factor   read write_dta 100000  2.415884              4712
  validation_scanned_values
1                        NA
    kind family  operation   rows median_ms r_allocated_bytes
1 factor   read read_arrow 100000  1.729052           3281168
  validation_scanned_values
1                        NA
    kind family   operation   rows median_ms r_allocated_bytes
1 factor   read write_arrow 100000  8.489706              1680
  validation_scanned_values
1                        NA
    kind family        operation   rows   median_ms r_allocated_bytes
1 factor   read coercion_integer 100000 0.007462004            400048
  validation_scanned_values
1                        NA
    kind family operation    rows median_ms r_allocated_bytes
1 factor   read    any_na 1000000  0.250305           4000048
  validation_scanned_values
1                        NA
    kind family        operation    rows median_ms r_allocated_bytes
1 factor   read nonmissing_count 1000000  1.016021           8000096
  validation_scanned_values
1                        NA
    kind family          operation    rows median_ms r_allocated_bytes
1 factor   read coercion_character 1000000  2.453276           8000048
  validation_scanned_values
1                        NA
    kind family         operation    rows  median_ms r_allocated_bytes
1 factor   read export_data_frame 1000000 0.05358701                 0
  validation_scanned_values
1                        NA
    kind family     operation    rows median_ms r_allocated_bytes
1 factor   read export_tibble 1000000  0.050963                 0
  validation_scanned_values
1                        NA
    kind family   operation    rows median_ms r_allocated_bytes
1 factor   read filter_half 1000000  5.062885          58083576
  validation_scanned_values
1                        NA
    kind family  operation    rows median_ms r_allocated_bytes
1 factor   read row_subset 1000000  4.758337          28089544
  validation_scanned_values
1                        NA
    kind family operation    rows median_ms r_allocated_bytes
1 factor   read  read_dta 1000000  4.637879          32081168
  validation_scanned_values
1                        NA
    kind family operation    rows median_ms r_allocated_bytes
1 factor   read write_dta 1000000  9.307246              4712
  validation_scanned_values
1                        NA
    kind family  operation    rows median_ms r_allocated_bytes
1 factor   read read_arrow 1000000  14.35533          32081168
  validation_scanned_values
1                        NA
    kind family   operation    rows median_ms r_allocated_bytes
1 factor   read write_arrow 1000000  22.98116              1680
  validation_scanned_values
1                        NA
    kind family        operation    rows  median_ms r_allocated_bytes
1 factor   read coercion_integer 1000000 0.04829801           4000048
  validation_scanned_values
1                        NA
     kind family operation   rows  median_ms r_allocated_bytes
1 ordered   read    any_na 100000 0.02800301            400048
  validation_scanned_values
1                        NA
     kind family        operation   rows median_ms r_allocated_bytes
1 ordered   read nonmissing_count 100000  0.104345            800096
  validation_scanned_values
1                        NA
     kind family          operation   rows median_ms r_allocated_bytes
1 ordered   read coercion_character 100000  0.262154            800048
  validation_scanned_values
1                        NA
     kind family         operation   rows median_ms r_allocated_bytes
1 ordered   read export_data_frame 100000  0.053218                 0
  validation_scanned_values
1                        NA
     kind family     operation   rows median_ms r_allocated_bytes
1 ordered   read export_tibble 100000   0.05084                 0
  validation_scanned_values
1                        NA
     kind family   operation   rows median_ms r_allocated_bytes
1 ordered   read filter_half 100000  0.833448           5883576
  validation_scanned_values
1                        NA
     kind family  operation   rows median_ms r_allocated_bytes
1 ordered   read row_subset 100000  0.692572           2889544
  validation_scanned_values
1                        NA
     kind family operation   rows median_ms r_allocated_bytes
1 ordered   read  read_dta 100000  2.609199           3281168
  validation_scanned_values
1                        NA
     kind family operation   rows median_ms r_allocated_bytes
1 ordered   read write_dta 100000  2.482837              4488
  validation_scanned_values
1                        NA
     kind family  operation   rows median_ms r_allocated_bytes
1 ordered   read read_arrow 100000  1.712201           3281168
  validation_scanned_values
1                        NA
     kind family   operation   rows median_ms r_allocated_bytes
1 ordered   read write_arrow 100000  8.566417              1680
  validation_scanned_values
1                        NA
     kind family        operation   rows   median_ms r_allocated_bytes
1 ordered   read coercion_integer 100000 0.007830997            400048
  validation_scanned_values
1                        NA
     kind family operation   rows median_ms r_allocated_bytes
1 ordered   read     range 100000  0.272322           2600344
  validation_scanned_values
1                        NA
     kind family operation    rows median_ms r_allocated_bytes
1 ordered   read    any_na 1000000  0.250469           4000048
  validation_scanned_values
1                        NA
     kind family        operation    rows median_ms r_allocated_bytes
1 ordered   read nonmissing_count 1000000  1.016882           8000096
  validation_scanned_values
1                        NA
     kind family          operation    rows median_ms r_allocated_bytes
1 ordered   read coercion_character 1000000  2.454875           8000048
  validation_scanned_values
1                        NA
     kind family         operation    rows  median_ms r_allocated_bytes
1 ordered   read export_data_frame 1000000 0.05305401                 0
  validation_scanned_values
1                        NA
     kind family     operation    rows median_ms r_allocated_bytes
1 ordered   read export_tibble 1000000  0.053218                 0
  validation_scanned_values
1                        NA
     kind family   operation    rows median_ms r_allocated_bytes
1 ordered   read filter_half 1000000  4.966986          58083576
  validation_scanned_values
1                        NA
     kind family  operation    rows median_ms r_allocated_bytes
1 ordered   read row_subset 1000000  4.940008          28089544
  validation_scanned_values
1                        NA
     kind family operation    rows median_ms r_allocated_bytes
1 ordered   read  read_dta 1000000  4.494625          32081168
  validation_scanned_values
1                        NA
     kind family operation    rows median_ms r_allocated_bytes
1 ordered   read write_dta 1000000    10.099              4712
  validation_scanned_values
1                        NA
     kind family  operation    rows median_ms r_allocated_bytes
1 ordered   read read_arrow 1000000  14.90813          32081168
  validation_scanned_values
1                        NA
     kind family   operation    rows median_ms r_allocated_bytes
1 ordered   read write_arrow 1000000  24.33584              1680
  validation_scanned_values
1                        NA
     kind family        operation    rows median_ms r_allocated_bytes
1 ordered   read coercion_integer 1000000  0.050061           4000048
  validation_scanned_values
1                        NA
     kind family operation    rows median_ms r_allocated_bytes
1 ordered   read     range 1000000  2.844211          26000344
  validation_scanned_values
1                        NA
All baseline atomic operation, value, metadata, alias, backing and scan checks passed.
