  family operation   rows median_ms r_allocated_bytes
1 direct    rename 100000  0.493845             84056
           family operation   rows median_ms r_allocated_bytes
1 safe_delegation    rename 100000  0.483062             83776
  family operation   rows median_ms r_allocated_bytes
1 direct    select 100000  0.462029             84208
           family operation   rows median_ms r_allocated_bytes
1 safe_delegation    select 100000  0.488597             83928
  family operation   rows median_ms r_allocated_bytes
1 direct  relocate 100000  0.584127             86488
           family operation   rows median_ms r_allocated_bytes
1 safe_delegation  relocate 100000  0.571294             86424
  family     operation   rows median_ms r_allocated_bytes
1 direct pipeline_five 100000  2.725926            422240
           family     operation   rows median_ms r_allocated_bytes
1 safe_delegation pipeline_five 100000  1.413352             98248
  family operation    rows median_ms r_allocated_bytes
1 direct    rename 1000000  0.496879             84056
           family operation    rows median_ms r_allocated_bytes
1 safe_delegation    rename 1000000  0.479085             83776
  family operation    rows median_ms r_allocated_bytes
1 direct    select 1000000  0.459692             84208
           family operation    rows median_ms r_allocated_bytes
1 safe_delegation    select 1000000  0.491057             83928
  family operation    rows median_ms r_allocated_bytes
1 direct  relocate 1000000  0.641445             86488
           family operation    rows median_ms r_allocated_bytes
1 safe_delegation  relocate 1000000  0.579617             86424
  family     operation    rows median_ms r_allocated_bytes
1 direct pipeline_five 1000000  2.743802            422240
           family     operation    rows median_ms r_allocated_bytes
1 safe_delegation pipeline_five 1000000  1.378461             98248
  family operation   rows median_ms r_allocated_bytes
1   read       sum 100000  0.139687                 0
  family operation   rows median_ms r_allocated_bytes
1   read      mean 100000  0.131651                 0
  family operation   rows median_ms r_allocated_bytes
1   read     range 100000   0.73718           1600096
  family       operation   rows  median_ms r_allocated_bytes
1   read coercion_double 100000 0.01143901                 0
  family        operation   rows median_ms r_allocated_bytes
1   read coercion_integer 100000  0.059819            400048
  family         operation   rows median_ms r_allocated_bytes
1   read export_data_frame 100000  0.130749                 0
  family     operation   rows median_ms r_allocated_bytes
1   read export_tibble 100000  0.123615                 0
  family  operation   rows median_ms r_allocated_bytes
1   read arithmetic 100000  1.813061          15601768
  family         operation   rows median_ms r_allocated_bytes
1   read mutate_arithmetic 100000  2.507437          15684520
  family   operation   rows median_ms r_allocated_bytes
1   read filter_half 100000  3.570813           5083096
  family  operation   rows median_ms r_allocated_bytes
1   read row_subset 100000  0.942918           4690168
  family operation   rows median_ms r_allocated_bytes
1   read  read_dta 100000  2.568978           6481168
  family operation   rows median_ms r_allocated_bytes
1   read write_dta 100000  1.981735              2552
  family  operation   rows median_ms r_allocated_bytes
1   read read_arrow 100000  1.542215           6481168
  family   operation   rows median_ms r_allocated_bytes
1   read write_arrow 100000  11.06934              1680
  family operation    rows median_ms r_allocated_bytes
1   read       sum 1000000   1.12299                 0
  family operation    rows median_ms r_allocated_bytes
1   read      mean 1000000  1.149148                 0
  family operation    rows median_ms r_allocated_bytes
1   read     range 1000000  6.485585          16000096
  family       operation    rows  median_ms r_allocated_bytes
1   read coercion_double 1000000 0.01168501                 0
  family        operation    rows median_ms r_allocated_bytes
1   read coercion_integer 1000000     0.451           4000048
  family         operation    rows median_ms r_allocated_bytes
1   read export_data_frame 1000000  0.130749                 0
  family     operation    rows median_ms r_allocated_bytes
1   read export_tibble 1000000  0.124066                 0
  family  operation    rows median_ms r_allocated_bytes
1   read arithmetic 1000000  18.62577         156001768
  family         operation    rows median_ms r_allocated_bytes
1   read mutate_arithmetic 1000000  19.42313         156084520
  family   operation    rows median_ms r_allocated_bytes
1   read filter_half 1000000  27.16008          50083096
  family  operation    rows median_ms r_allocated_bytes
1   read row_subset 1000000  5.117415          46090168
  family operation    rows median_ms r_allocated_bytes
1   read  read_dta 1000000  4.518733          64081168
  family operation    rows median_ms r_allocated_bytes
1   read write_dta 1000000  12.31546              2552
  family  operation    rows median_ms r_allocated_bytes
1   read read_arrow 1000000  13.22029          64081168
  family   operation    rows median_ms r_allocated_bytes
1   read write_arrow 1000000  48.82235              1680
All candidate operation, source preservation and captured-mask checks passed.
Candidate owned allocation and backing checks passed.
