* installing *source* package ‘utf8’ ...
** this is package ‘utf8’ version ‘1.2.6’
** package ‘utf8’ successfully unpacked and MD5 sums checked
** using staged installation
** libs
using C compiler: ‘Apple clang version 21.0.0 (clang-2100.1.1.101)’
using SDK: ‘MacOSX26.5.sdk’
gcc -std=gnu23 -I"/private/tmp/dta-direct-stage5-minimum-preflight/r460-clean-install/lib/R/include" -DNDEBUG   -I/opt/homebrew/include   -Iutf8lite/src -fPIC  -g -O2  -c as_utf8.c -o as_utf8.o
gcc -std=gnu23 -I"/private/tmp/dta-direct-stage5-minimum-preflight/r460-clean-install/lib/R/include" -DNDEBUG   -I/opt/homebrew/include   -Iutf8lite/src -fPIC  -g -O2  -c bytes.c -o bytes.o
gcc -std=gnu23 -I"/private/tmp/dta-direct-stage5-minimum-preflight/r460-clean-install/lib/R/include" -DNDEBUG   -I/opt/homebrew/include   -Iutf8lite/src -fPIC  -g -O2  -c context.c -o context.o
gcc -std=gnu23 -I"/private/tmp/dta-direct-stage5-minimum-preflight/r460-clean-install/lib/R/include" -DNDEBUG   -I/opt/homebrew/include   -Iutf8lite/src -fPIC  -g -O2  -c init.c -o init.o
gcc -std=gnu23 -I"/private/tmp/dta-direct-stage5-minimum-preflight/r460-clean-install/lib/R/include" -DNDEBUG   -I/opt/homebrew/include   -Iutf8lite/src -fPIC  -g -O2  -c render.c -o render.o
gcc -std=gnu23 -I"/private/tmp/dta-direct-stage5-minimum-preflight/r460-clean-install/lib/R/include" -DNDEBUG   -I/opt/homebrew/include   -Iutf8lite/src -fPIC  -g -O2  -c render_table.c -o render_table.o
gcc -std=gnu23 -I"/private/tmp/dta-direct-stage5-minimum-preflight/r460-clean-install/lib/R/include" -DNDEBUG   -I/opt/homebrew/include   -Iutf8lite/src -fPIC  -g -O2  -c string.c -o string.o
gcc -std=gnu23 -I"/private/tmp/dta-direct-stage5-minimum-preflight/r460-clean-install/lib/R/include" -DNDEBUG   -I/opt/homebrew/include   -Iutf8lite/src -fPIC  -g -O2  -c text.c -o text.o
gcc -std=gnu23 -I"/private/tmp/dta-direct-stage5-minimum-preflight/r460-clean-install/lib/R/include" -DNDEBUG   -I/opt/homebrew/include   -Iutf8lite/src -fPIC  -g -O2  -c utf8_encode.c -o utf8_encode.o
gcc -std=gnu23 -I"/private/tmp/dta-direct-stage5-minimum-preflight/r460-clean-install/lib/R/include" -DNDEBUG   -I/opt/homebrew/include   -Iutf8lite/src -fPIC  -g -O2  -c utf8_format.c -o utf8_format.o
gcc -std=gnu23 -I"/private/tmp/dta-direct-stage5-minimum-preflight/r460-clean-install/lib/R/include" -DNDEBUG   -I/opt/homebrew/include   -Iutf8lite/src -fPIC  -g -O2  -c utf8_normalize.c -o utf8_normalize.o
gcc -std=gnu23 -I"/private/tmp/dta-direct-stage5-minimum-preflight/r460-clean-install/lib/R/include" -DNDEBUG   -I/opt/homebrew/include   -Iutf8lite/src -fPIC  -g -O2  -c utf8_valid.c -o utf8_valid.o
gcc -std=gnu23 -I"/private/tmp/dta-direct-stage5-minimum-preflight/r460-clean-install/lib/R/include" -DNDEBUG   -I/opt/homebrew/include   -Iutf8lite/src -fPIC  -g -O2  -c utf8_width.c -o utf8_width.o
gcc -std=gnu23 -I"/private/tmp/dta-direct-stage5-minimum-preflight/r460-clean-install/lib/R/include" -DNDEBUG   -I/opt/homebrew/include   -Iutf8lite/src -fPIC  -g -O2  -c util.c -o util.o
gcc -std=gnu23 -I"/private/tmp/dta-direct-stage5-minimum-preflight/r460-clean-install/lib/R/include" -DNDEBUG   -I/opt/homebrew/include   -Iutf8lite/src -fPIC  -g -O2  -c utf8lite/src/array.c -o utf8lite/src/array.o
gcc -std=gnu23 -I"/private/tmp/dta-direct-stage5-minimum-preflight/r460-clean-install/lib/R/include" -DNDEBUG   -I/opt/homebrew/include   -Iutf8lite/src -fPIC  -g -O2  -c utf8lite/src/char.c -o utf8lite/src/char.o
gcc -std=gnu23 -I"/private/tmp/dta-direct-stage5-minimum-preflight/r460-clean-install/lib/R/include" -DNDEBUG   -I/opt/homebrew/include   -Iutf8lite/src -fPIC  -g -O2  -c utf8lite/src/encode.c -o utf8lite/src/encode.o
gcc -std=gnu23 -I"/private/tmp/dta-direct-stage5-minimum-preflight/r460-clean-install/lib/R/include" -DNDEBUG   -I/opt/homebrew/include   -Iutf8lite/src -fPIC  -g -O2  -c utf8lite/src/error.c -o utf8lite/src/error.o
gcc -std=gnu23 -I"/private/tmp/dta-direct-stage5-minimum-preflight/r460-clean-install/lib/R/include" -DNDEBUG   -I/opt/homebrew/include   -Iutf8lite/src -fPIC  -g -O2  -c utf8lite/src/escape.c -o utf8lite/src/escape.o
gcc -std=gnu23 -I"/private/tmp/dta-direct-stage5-minimum-preflight/r460-clean-install/lib/R/include" -DNDEBUG   -I/opt/homebrew/include   -Iutf8lite/src -fPIC  -g -O2  -c utf8lite/src/graph.c -o utf8lite/src/graph.o
gcc -std=gnu23 -I"/private/tmp/dta-direct-stage5-minimum-preflight/r460-clean-install/lib/R/include" -DNDEBUG   -I/opt/homebrew/include   -Iutf8lite/src -fPIC  -g -O2  -c utf8lite/src/graphscan.c -o utf8lite/src/graphscan.o
gcc -std=gnu23 -I"/private/tmp/dta-direct-stage5-minimum-preflight/r460-clean-install/lib/R/include" -DNDEBUG   -I/opt/homebrew/include   -Iutf8lite/src -fPIC  -g -O2  -c utf8lite/src/normalize.c -o utf8lite/src/normalize.o
gcc -std=gnu23 -I"/private/tmp/dta-direct-stage5-minimum-preflight/r460-clean-install/lib/R/include" -DNDEBUG   -I/opt/homebrew/include   -Iutf8lite/src -fPIC  -g -O2  -c utf8lite/src/render.c -o utf8lite/src/render.o
gcc -std=gnu23 -I"/private/tmp/dta-direct-stage5-minimum-preflight/r460-clean-install/lib/R/include" -DNDEBUG   -I/opt/homebrew/include   -Iutf8lite/src -fPIC  -g -O2  -c utf8lite/src/text.c -o utf8lite/src/text.o
gcc -std=gnu23 -I"/private/tmp/dta-direct-stage5-minimum-preflight/r460-clean-install/lib/R/include" -DNDEBUG   -I/opt/homebrew/include   -Iutf8lite/src -fPIC  -g -O2  -c utf8lite/src/textassign.c -o utf8lite/src/textassign.o
gcc -std=gnu23 -I"/private/tmp/dta-direct-stage5-minimum-preflight/r460-clean-install/lib/R/include" -DNDEBUG   -I/opt/homebrew/include   -Iutf8lite/src -fPIC  -g -O2  -c utf8lite/src/textiter.c -o utf8lite/src/textiter.o
gcc -std=gnu23 -I"/private/tmp/dta-direct-stage5-minimum-preflight/r460-clean-install/lib/R/include" -DNDEBUG   -I/opt/homebrew/include   -Iutf8lite/src -fPIC  -g -O2  -c utf8lite/src/textmap.c -o utf8lite/src/textmap.o
ar rcs libcutf8lite.a utf8lite/src/array.o utf8lite/src/char.o utf8lite/src/encode.o utf8lite/src/error.o utf8lite/src/escape.o utf8lite/src/graph.o utf8lite/src/graphscan.o utf8lite/src/normalize.o utf8lite/src/render.o utf8lite/src/text.o utf8lite/src/textassign.o utf8lite/src/textiter.o utf8lite/src/textmap.o
gcc -std=gnu23 -dynamiclib -Wl,-headerpad_max_install_names -undefined dynamic_lookup -L/private/tmp/dta-direct-stage5-minimum-preflight/r460-clean-install/lib/R/lib -L/opt/homebrew/opt/gettext/lib -L/opt/homebrew/opt/pcre2/lib -L/opt/homebrew/opt/libdeflate/lib -L/opt/homebrew/opt/zstd/lib -L/opt/homebrew/opt/xz/lib -o utf8.so as_utf8.o bytes.o context.o init.o render.o render_table.o string.o text.o utf8_encode.o utf8_format.o utf8_normalize.o utf8_valid.o utf8_width.o util.o -L. -lcutf8lite -L/private/tmp/dta-direct-stage5-minimum-preflight/r460-clean-install/lib/R/lib -lR
installing to /private/tmp/dta-direct-stage5-minimum-preflight/r460-clean-dependencies/00LOCK-utf8/00new/utf8/libs
** R
** inst
** byte-compile and prepare package for lazy loading
** help
*** installing help indices
** building package indices
** installing vignettes
** testing if installed package can be loaded from temporary location
** checking absolute paths in shared objects and dynamic libraries
** testing if installed package can be loaded from final location
** testing if installed package keeps a record of temporary installation path
* DONE (utf8)
