{
  "sources": {
    "R-4.6.0": 5125,
    "dplyr-1.1.0": 535,
    "dplyr-1.1.1": 536,
    "dplyr-1.1.2": 536,
    "dplyr-1.1.3": 537,
    "dplyr-1.1.4": 540,
    "dplyr-1.2.0": 463,
    "dplyr-1.2.1": 468
  },
  "installed_files": 2447,
  "release_results": [
    [
      "1.1.0",
      1,
      null
    ],
    [
      "1.1.1",
      1,
      null
    ],
    [
      "1.1.2",
      1,
      null
    ],
    [
      "1.1.3",
      1,
      null
    ],
    [
      "1.1.4",
      1,
      null
    ],
    [
      "1.2.0",
      1,
      null
    ],
    [
      "1.2.1",
      0,
      0
    ]
  ],
  "guards": "PASS"
}
