* installing *source* package ‘dplyr’ ...
** this is package ‘dplyr’ version ‘1.2.1’
** using staged installation
** libs
using C++ compiler: ‘Apple clang version 21.0.0 (clang-2100.1.1.101)’
using SDK: ‘MacOSX26.5.sdk’
g++ -std=gnu++20 -I"/private/tmp/dta-direct-stage5-minimum-preflight/r460-install/lib/R/include" -DNDEBUG   -I/opt/homebrew/include    -fPIC  -g -O2   -c chop.cpp -o chop.o
g++ -std=gnu++20 -I"/private/tmp/dta-direct-stage5-minimum-preflight/r460-install/lib/R/include" -DNDEBUG   -I/opt/homebrew/include    -fPIC  -g -O2   -c filter.cpp -o filter.o
g++ -std=gnu++20 -I"/private/tmp/dta-direct-stage5-minimum-preflight/r460-install/lib/R/include" -DNDEBUG   -I/opt/homebrew/include    -fPIC  -g -O2   -c funs.cpp -o funs.o
g++ -std=gnu++20 -I"/private/tmp/dta-direct-stage5-minimum-preflight/r460-install/lib/R/include" -DNDEBUG   -I/opt/homebrew/include    -fPIC  -g -O2   -c group_by.cpp -o group_by.o
g++ -std=gnu++20 -I"/private/tmp/dta-direct-stage5-minimum-preflight/r460-install/lib/R/include" -DNDEBUG   -I/opt/homebrew/include    -fPIC  -g -O2   -c group_data.cpp -o group_data.o
g++ -std=gnu++20 -I"/private/tmp/dta-direct-stage5-minimum-preflight/r460-install/lib/R/include" -DNDEBUG   -I/opt/homebrew/include    -fPIC  -g -O2   -c imports.cpp -o imports.o
g++ -std=gnu++20 -I"/private/tmp/dta-direct-stage5-minimum-preflight/r460-install/lib/R/include" -DNDEBUG   -I/opt/homebrew/include    -fPIC  -g -O2   -c init.cpp -o init.o
g++ -std=gnu++20 -I"/private/tmp/dta-direct-stage5-minimum-preflight/r460-install/lib/R/include" -DNDEBUG   -I/opt/homebrew/include    -fPIC  -g -O2   -c mask.cpp -o mask.o
g++ -std=gnu++20 -I"/private/tmp/dta-direct-stage5-minimum-preflight/r460-install/lib/R/include" -DNDEBUG   -I/opt/homebrew/include    -fPIC  -g -O2   -c mutate.cpp -o mutate.o
g++ -std=gnu++20 -I"/private/tmp/dta-direct-stage5-minimum-preflight/r460-install/lib/R/include" -DNDEBUG   -I/opt/homebrew/include    -fPIC  -g -O2   -c reconstruct.cpp -o reconstruct.o
g++ -std=gnu++20 -I"/private/tmp/dta-direct-stage5-minimum-preflight/r460-install/lib/R/include" -DNDEBUG   -I/opt/homebrew/include    -fPIC  -g -O2   -c slice.cpp -o slice.o
g++ -std=gnu++20 -I"/private/tmp/dta-direct-stage5-minimum-preflight/r460-install/lib/R/include" -DNDEBUG   -I/opt/homebrew/include    -fPIC  -g -O2   -c summarise.cpp -o summarise.o
g++ -std=gnu++20 -dynamiclib -Wl,-headerpad_max_install_names -undefined dynamic_lookup -L/private/tmp/dta-direct-stage5-minimum-preflight/r460-install/lib/R/lib -L/opt/homebrew/lib -o dplyr.so chop.o filter.o funs.o group_by.o group_data.o imports.o init.o mask.o mutate.o reconstruct.o slice.o summarise.o -L/private/tmp/dta-direct-stage5-minimum-preflight/r460-install/lib/R/lib -lR
installing to /private/tmp/dta-direct-stage5-minimum-preflight/r460-dplyr-libraries/1.2.1/00LOCK-dplyr/00new/dplyr/libs
** R
** data
*** moving datasets to lazyload DB
** byte-compile and prepare package for lazy loading
** help
*** installing help indices
*** copying figures
** building package indices
** installing vignettes
** testing if installed package can be loaded from temporary location
** checking absolute paths in shared objects and dynamic libraries
** testing if installed package can be loaded from final location
** testing if installed package keeps a record of temporary installation path
* DONE (dplyr)
