0000000000105cc8 T _ALTREP
00000000000f162c T _ALTREP_CLASS
0000000000014454 T _ALTREP_LENGTH
0000000000014ce0 T _ALTSTRING_ELT
0000000000014468 T _ALTVEC_DATAPTR
000000000001453c T _ALTVEC_DATAPTR_RO
0000000000105c58 T _ANY_ATTRIB
0000000000105c50 T _ATTRIB
0000000000107cdc T _BODY
00000000001072fc T _CAAR
00000000001073f8 T _CAD4R
000000000010742c T _CAD5R
00000000001073c8 T _CADDDR
000000000010739c T _CADDR
0000000000107358 T _CADR
00000000000f0918 T _CAR
0000000000107330 T _CDAR
000000000010738c T _CDDDR
0000000000107380 T _CDDR
00000000001072f4 T _CDR
00000000000f093c T _CHKVEC
000000000010605c T _CLEAR_ATTRIB
0000000000107d3c T _CLOENV
0000000000106cbc T _COMPLEX
00000000000f1240 T _COMPLEX0
00000000000f1a4c T _COMPLEX_ELT
0000000000014c10 T _COMPLEX_GET_REGION
00000000000f0b48 T _COMPLEX_OR_NULL
0000000000106d20 T _COMPLEX_RO
00000000000f0988 T _DATAPTR
00000000000f0a50 T _DATAPTR_OR_NULL
00000000000f09f8 T _DATAPTR_RO
00000000001068ac T _DATAPTR_RW
0000000000108348 T _DDVAL
0000000000105f8c T _DUPLICATE_ATTRIB
0000000000108738 T _ENCLOS
00000000001091a4 T _ENC_KNOWN
00000000001061e0 T _ENSURE_NAMEDMAX
0000000000108818 T _ENVFLAGS
0000000000107c7c T _FORMALS
00000000001086c8 T _FRAME
0000000000090c3c T _GECap
0000000000090374 T _GECircle
000000000012971c T _GEExpressionHeight
00000000001297a4 T _GEExpressionMetric
000000000012599c T _GEExpressionWidth
0000000000096958 T _GEFill
00000000000969bc T _GEFillStroke
000000000009700c T _GEGlyph
000000000008f8d4 T _GELine
000000000012987c T _GEMathText
0000000000091b78 T _GEMetricInfo
0000000000092eb8 T _GEMode
00000000000947d8 T _GENewPage
0000000000090a24 T _GEPath
000000000008fd68 T _GEPolygon
000000000008fa5c T _GEPolyline
0000000000093fd0 T _GEPretty
0000000000090bfc T _GERaster
00000000000907c0 T _GERect
000000000008f7ac T _GESetClip
0000000000091d4c T _GEStrHeight
000000000009418c T _GEStrMetric
000000000009195c T _GEStrWidth
00000000000968f4 T _GEStroke
0000000000092f0c T _GESymbol
0000000000090c78 T _GEText
0000000000091f14 T _GEXspline
000000000008f3ac T _GE_LENDget
000000000008f12c T _GE_LENDpar
000000000008f6ec T _GE_LJOINget
000000000008f46c T _GE_LJOINpar
0000000000095b38 T _GE_LTYget
00000000000956c8 T _GE_LTYpar
0000000000081a54 T _GEaddDevice
0000000000081c74 T _GEaddDevice2
0000000000081d48 T _GEaddDevice2f
0000000000094804 T _GEcheckState
00000000001242c0 T _GEcontourLines
0000000000094de8 T _GEcopyDisplayList
00000000000817f8 T _GEcreateDD
0000000000081ec4 T _GEcreateDevDesc
00000000000949fc T _GEcreateSnapshot
0000000000080bd0 T _GEcurrentDevice
000000000008e9b8 T _GEdestroyDevDesc
00000000000947e8 T _GEdeviceDirty
0000000000080fac T _GEdeviceNumber
00000000000947f0 T _GEdirtyDevice
0000000000081a10 T _GEfreeDD
000000000008f068 T _GEfromDeviceHeight
000000000008efa4 T _GEfromDeviceWidth
000000000008edac T _GEfromDeviceX
000000000008eea8 T _GEfromDeviceY
0000000000080e8c T _GEgetDevice
000000000008ed28 T _GEhandleEvent
000000000009498c T _GEinitDisplayList
0000000000081244 T _GEkillDevice
00000000000954f8 T _GEonExit
0000000000094bdc T _GEplayDisplayList
0000000000094ef4 T _GEplaySnapshot
00000000000948b4 T _GErecordGraphicOperation
0000000000094888 T _GErecording
000000000008eb2c T _GEregisterSystem
000000000008ea4c T _GEregisterWithDevice
000000000009557c T _GEstring_to_pch
000000000008ea3c T _GEsystemState
000000000008f0c8 T _GEtoDeviceHeight
000000000008f004 T _GEtoDeviceWidth
000000000008ee44 T _GEtoDeviceX
000000000008ef40 T _GEtoDeviceY
000000000008ec24 T _GEunregisterSystem
0000000000009f2c T _GetRNGstate
00000000001087a8 T _HASHTAB
00000000001069e4 T _INTEGER
00000000000f0e4c T _INTEGER0
00000000000f1668 T _INTEGER_ELT
00000000000145b8 T _INTEGER_GET_REGION
0000000000014738 T _INTEGER_IS_SORTED
0000000000014754 T _INTEGER_NO_NA
00000000000f0adc T _INTEGER_OR_NULL
0000000000106a88 T _INTEGER_RO
00000000001082d4 T _INTERNAL
0000000000109144 T _IS_ASCII
00000000001091c4 T _IS_CACHED
0000000000106558 T _IS_LONG_VEC
00000000001061f0 T _IS_S4_OBJECT
0000000000105d04 T _IS_SCALAR
0000000000109154 T _IS_UTF8
00000000001062f0 T _LENGTH
00000000000f0bd8 T _LENGTH_EX
0000000000105ca0 T _LEVELS
000000000010691c T _LOGICAL
00000000000f0c5c T _LOGICAL0
00000000000f17c4 T _LOGICAL_ELT
00000000000148e4 T _LOGICAL_GET_REGION
0000000000014a80 T _LOGICAL_NO_NA
00000000000f0aa8 T _LOGICAL_OR_NULL
0000000000106980 T _LOGICAL_RO
0000000000105cd4 T _MARK_NOT_MUTABLE
0000000000105ce4 T _MAYBE_SHARED
0000000000288d90 D _N01_kind
0000000000105c8c T _NAMED
0000000000105cf4 T _NO_REFERENCES
0000000000105c74 T _OBJECT
000000000027eea0 D _OutDec
0000000000108c60 T _PRCODE
0000000000108c68 T _PRENV
00000000001081ec T _PRINTNAME
0000000000108c70 T _PRVALUE
000000000000a888 T _PutRNGstate
0000000000106b2c T _RAW
00000000000f143c T _RAW0
00000000000f1b94 T _RAW_ELT
0000000000014a9c T _RAW_GET_REGION
00000000000f0b7c T _RAW_OR_NULL
0000000000106b90 T _RAW_RO
00000000001850ac T _RC_fopen
0000000000107d9c T _RDEBUG
0000000000106bf4 T _REAL
00000000000f1048 T _REAL0
00000000000f1908 T _REAL_ELT
000000000001477c T _REAL_GET_REGION
00000000000148ac T _REAL_IS_SORTED
00000000000148c8 T _REAL_NO_NA
00000000000f0b14 T _REAL_OR_NULL
0000000000106c58 T _REAL_RO
0000000000105ca8 T _REFCNT
0000000000136e7c T _REprintf
00000000001390e8 T _REvprintf
0000000000392f30 S _R_AccuracyInfo
00000000000a43b8 T _R_ActiveBindingFunction
00000000001091ec T _R_AllocStringBuffer
0000000000392f78 S _R_AsCharacterSymbol
0000000000392f80 S _R_AtsignSymbol
0000000000392f90 S _R_BCNodeStackEnd
0000000000392f98 S _R_BCNodeStackTop
00000000001093bc T _R_BadLongVector
0000000000392fa8 S _R_BaseEnv
0000000000392fb0 S _R_BaseNamespace
0000000000392fb8 S _R_BaseSymbol
00000000000a40c8 T _R_BindingIsActive
00000000000a3f98 T _R_BindingIsLocked
0000000000392fc0 S _R_BlankScalarString
0000000000392fc8 S _R_BlankString
0000000000392fd0 S _R_BraceSymbol
0000000000392fd8 S _R_Bracket2Symbol
0000000000392fe0 S _R_BracketSymbol
00000000001de400 T _R_Busy
00000000000ba404 T _R_BytecodeExpr
0000000000106610 T _R_CHAR
000000000027ee88 D _R_CStackDir
000000000027ee78 D _R_CStackLimit
000000000027ee80 D _R_CStackStart
0000000000081a14 T _R_CheckDeviceAvailable
0000000000081a40 T _R_CheckDeviceAvailableBool
00000000000a803c T _R_CheckStack
00000000000a8094 T _R_CheckStack2
00000000000a8100 T _R_CheckUserInterrupt
0000000000392fe8 S _R_ClassSymbol
000000000011fba0 T _R_CleanTempDir
00000000001de410 T _R_CleanUp
000000000010582c T _R_ClearExternalPtr
00000000001de3f0 T _R_ClearerrConsole
0000000000107e14 T _R_ClosureBody
0000000000107e74 T _R_ClosureEnv
00000000000b6e98 T _R_ClosureExpr
0000000000107db4 T _R_ClosureFormals
0000000000392bd0 S _R_Consolefile
000000000006ea44 T _R_ContinueUnwind
0000000000393050 S _R_CurrentExpression
000000000016d910 T _R_DefParams
000000000016d6d0 T _R_DefParamsEx
0000000000099acc T _R_DelayedBindingEnvironment
00000000000999d4 T _R_DelayedBindingExpression
0000000000393058 S _R_DeviceSymbol
0000000000393068 S _R_DimNamesSymbol
0000000000393070 S _R_DimSymbol
0000000000392e18 S _R_DirtyImage
0000000000393078 S _R_DollarSymbol
000000000009c590 T _R_DotDelayedEnvironment
000000000009c4d0 T _R_DotDelayedExpression
000000000009c650 T _R_DotForcedExpression
000000000009bc84 T _R_DotsElt
000000000009b968 T _R_DotsExist
000000000009c000 T _R_DotsLength
000000000009c1a4 T _R_DotsNames
0000000000393088 S _R_DotsSymbol
0000000000393090 S _R_DoubleColonSymbol
0000000000393098 S _R_DropSymbol
00000000001df0bc T _R_EditFiles
00000000003930a0 S _R_EmptyEnv
00000000000a3800 T _R_EnvironmentIsLocked
00000000003930a8 S _R_EvalSymbol
000000000006e80c T _R_ExecWithCleanup
00000000001dc658 T _R_ExpandFileName
000000000010570c T _R_ExternalPtrAddr
0000000000105bf0 T _R_ExternalPtrAddrFn
00000000001057cc T _R_ExternalPtrProtected
000000000010576c T _R_ExternalPtrTag
0000000000392e70 S _R_FalseValue
0000000000185004 T _R_FileExists
00000000000a4edc T _R_FindNamespace
00000000000062a4 T _R_FindSymbol
00000000001de3e0 T _R_FlushConsole
0000000000099cb0 T _R_ForcedBindingExpression
00000000001092a8 T _R_FreeStringBuffer
000000000027ef40 D _R_FunTab
00000000003930c8 S _R_FunctionSymbol
000000000008e994 T _R_GE_checkVersionOrDie
0000000000048b9c T _R_GE_clipPathFillRule
000000000008e98c T _R_GE_getVersion
0000000000096a58 T _R_GE_glyphColour
0000000000096a48 T _R_GE_glyphFont
0000000000096b44 T _R_GE_glyphFontFamily
0000000000096ae0 T _R_GE_glyphFontFile
0000000000096b14 T _R_GE_glyphFontIndex
0000000000096c0c T _R_GE_glyphFontNumVar
0000000000096bd8 T _R_GE_glyphFontPSname
0000000000096ba8 T _R_GE_glyphFontStyle
0000000000096c84 T _R_GE_glyphFontVarAxis
0000000000096ec4 T _R_GE_glyphFontVarFormatted
0000000000096dc4 T _R_GE_glyphFontVarValue
0000000000096b78 T _R_GE_glyphFontWeight
0000000000096a30 T _R_GE_glyphID
0000000000096a28 T _R_GE_glyphInfoFonts
0000000000096a20 T _R_GE_glyphInfoGlyphs
0000000000096a60 T _R_GE_glyphRotation
0000000000096a50 T _R_GE_glyphSize
0000000000096a38 T _R_GE_glyphX
0000000000096a40 T _R_GE_glyphY
0000000000096a68 T _R_GE_hasGlyphRotation
000000000011a068 T _R_GE_isPattern
000000000011a454 T _R_GE_linearGradientColour
000000000011a4bc T _R_GE_linearGradientExtend
000000000011a320 T _R_GE_linearGradientNumStops
000000000011a3d8 T _R_GE_linearGradientStop
000000000011a140 T _R_GE_linearGradientX1
000000000011a230 T _R_GE_linearGradientX2
000000000011a1b8 T _R_GE_linearGradientY1
000000000011a2a8 T _R_GE_linearGradientY2
00000000000fdd6c T _R_GE_maskType
000000000011a110 T _R_GE_patternType
000000000011a534 T _R_GE_radialGradientCX1
000000000011a69c T _R_GE_radialGradientCX2
000000000011a5ac T _R_GE_radialGradientCY1
000000000011a714 T _R_GE_radialGradientCY2
000000000011a938 T _R_GE_radialGradientColour
000000000011a9a0 T _R_GE_radialGradientExtend
000000000011a804 T _R_GE_radialGradientNumStops
000000000011a624 T _R_GE_radialGradientR1
000000000011a78c T _R_GE_radialGradientR2
000000000011a8bc T _R_GE_radialGradientStop
0000000000095f3c T _R_GE_rasterInterpolate
00000000000963b0 T _R_GE_rasterResizeForRotation
000000000009660c T _R_GE_rasterRotate
00000000000962bc T _R_GE_rasterRotatedOffset
00000000000961d0 T _R_GE_rasterRotatedSize
0000000000095ea4 T _R_GE_rasterScale
0000000000053190 T _R_GE_str2col
000000000011ac54 T _R_GE_tilingPatternExtend
000000000011aa18 T _R_GE_tilingPatternFunction
000000000011abdc T _R_GE_tilingPatternHeight
000000000011ab64 T _R_GE_tilingPatternWidth
000000000011aa74 T _R_GE_tilingPatternX
000000000011aaec T _R_GE_tilingPatternY
000000000027eeb0 D _R_GUIType
0000000000099710 T _R_GetBindingType
000000000000862c T _R_GetCCallable
0000000000065c7c T _R_GetConnection
000000000006e6bc T _R_GetCurrentEnv
00000000000aded0 T _R_GetCurrentSrcref
000000000009c3e4 T _R_GetDotType
000000000016d3fc T _R_GetSaveAction
00000000000ae038 T _R_GetSrcFilename
000000000009a750 T _R_GetVarLocMISSING
00000000001dad90 T _R_GetX11Image
00000000003930d0 S _R_GlobalContext
00000000003930d8 S _R_GlobalEnv
00000000001957e4 T _R_HashtabSEXP
00000000003930e8 S _R_HistoryFile
00000000003930f0 S _R_HistorySize
00000000003930f8 S _R_Home
0000000000185274 T _R_HomeDir
0000000000393100 S _R_InBCInterpreter
000000000015d258 T _R_InitFileInPStream
000000000015d164 T _R_InitFileOutPStream
000000000015d0a4 T _R_InitInPStream
000000000015d0c0 T _R_InitOutPStream
0000000000288d98 D _R_InputHandlers
000000000027ee8c D _R_Interactive
0000000000018340 T _R_IsNA
0000000000018358 T _R_IsNaN
00000000000a4bb8 T _R_IsNamespaceEnv
00000000000a4964 T _R_IsPackageEnv
0000000000393110 S _R_LastvalueSymbol
0000000000393118 S _R_LevelsSymbol
00000000000a3974 T _R_LockBinding
00000000000a35a0 T _R_LockEnvironment
0000000000392e78 S _R_LogicalNAValue
0000000000392e40 S _R_MB_CUR_MAX
00000000000a3db8 T _R_MakeActiveBinding
00000000000a3c58 T _R_MakeDelayedBinding
0000000000105680 T _R_MakeExternalPtr
0000000000105b64 T _R_MakeExternalPtrFn
00000000000a3ce0 T _R_MakeForcedBinding
00000000000a3d58 T _R_MakeMissingBinding
000000000006ea08 T _R_MakeUnwindCont
00000000000ff2a4 T _R_MakeWeakRef
00000000000ff488 T _R_MakeWeakRefC
0000000000393120 S _R_MethodsNamespace
0000000000393128 S _R_MissingArg
00000000000af000 T _R_MissingArgError
00000000000aeec4 T _R_MissingArgError_c
0000000000393130 S _R_ModeSymbol
0000000000393140 S _R_NaInt
0000000000393148 S _R_NaN
0000000000393150 S _R_NaReal
0000000000393158 S _R_NaRmSymbol
0000000000393160 S _R_NaString
0000000000393168 S _R_NameSymbol
0000000000393170 S _R_NamesSymbol
00000000000a4d68 T _R_NamespaceEnvSpec
0000000000393178 S _R_NamespaceEnvSymbol
0000000000393180 S _R_NamespaceRegistry
0000000000393188 S _R_NegInf
00000000000a48a0 T _R_NewEnv
0000000000098d48 T _R_NewHashedEnv
0000000000104d8c T _R_NewPreciousMSet
0000000000393190 S _R_NilValue
0000000000392bcc S _R_NoEcho
0000000000392bb8 S _R_OldCStackLimit
0000000000392bd8 S _R_Outputfile
00000000003931a0 S _R_PPStack
000000000027ee5c D _R_PPStackSize
00000000003931a8 S _R_PPStackTop
0000000000130f18 T _R_PV
00000000000a4a08 T _R_PackageEnvName
00000000003931b0 S _R_PackageSymbol
0000000000108888 T _R_ParentEnv
0000000000392d14 S _R_ParseContext
0000000000392e14 S _R_ParseContextLast
00000000003931b8 S _R_ParseContextLine
0000000000392c10 S _R_ParseError
0000000000392c14 S _R_ParseErrorMsg
00000000000bc370 T _R_ParseEvalString
00000000000bc500 T _R_ParseString
00000000000daa38 T _R_ParseVector
0000000000288da0 D _R_PolledEvents
00000000003931c8 S _R_PosInf
0000000000104ec0 T _R_PreserveInMSet
0000000000104b18 T _R_PreserveObject
00000000003931d0 S _R_PreviousSymbol
00000000001ddd74 T _R_ProcessEvents
00000000000ba4bc T _R_PromiseExpr
00000000000f1d38 T _R_ProtectWithIndex
00000000003931d8 S _R_QuoteSymbol
0000000000065c2c T _R_ReadConnection
00000000001de378 T _R_ReadConsole
00000000000084b4 T _R_RegisterCCallable
00000000000ffdd0 T _R_RegisterCFinalizer
00000000000ffdb8 T _R_RegisterCFinalizerEx
00000000000ffd64 T _R_RegisterFinalizer
00000000000ffd10 T _R_RegisterFinalizerEx
00000000001053cc T _R_ReleaseFromMSet
0000000000104c20 T _R_ReleaseObject
00000000000fadb4 T _R_ReplDLLdo1
00000000000fac88 T _R_ReplDLLinit
00000000000f1d84 T _R_Reprotect
00000000001de3d0 T _R_ResetConsole
000000000016d448 T _R_RestoreGlobalEnv
000000000014cce0 T _R_RestoreGlobalEnvFromFile
00000000003931f8 S _R_RestoreHistory
0000000000393208 S _R_RowNamesSymbol
00000000000ff9bc T _R_RunExitFinalizers
00000000000ffcf8 T _R_RunPendingFinalizers
00000000000ff620 T _R_RunWeakRefFinalizer
000000000016d6c4 T _R_SaveGlobalEnv
000000000014cad4 T _R_SaveGlobalEnvToFile
0000000000393210 S _R_SeedsSymbol
00000000001db0b4 T _R_SelectEx
000000000015aaec T _R_Serialize
000000000010588c T _R_SetExternalPtrAddr
0000000000105a28 T _R_SetExternalPtrProtected
00000000001058ec T _R_SetExternalPtrTag
000000000016d958 T _R_SetParams
000000000016d408 T _R_SetSaveAction
00000000001de368 T _R_ShowMessage
00000000000a7dbc T _R_SignalCStackOverflow
000000000027ef00 D _R_SignalHandlers
000000000016d74c T _R_SizeFromEnv
0000000000393220 S _R_SortListSymbol
0000000000393228 S _R_SourceSymbol
0000000000393230 S _R_SpecSymbol
0000000000393238 S _R_SrcfileSymbol
0000000000393240 S _R_Srcref
0000000000393248 S _R_SrcrefSymbol
00000000001ef538 T _R_Suicide
0000000000392be0 S _R_TempDir
000000000006e3a4 T _R_ToplevelExec
0000000000393418 S _R_TripleColonSymbol
0000000000392e68 S _R_TrueValue
0000000000393420 S _R_TspSymbol
0000000000393428 S _R_UnboundValue
000000000015c524 T _R_Unserialize
000000000006ea6c T _R_UnwindProtect
0000000000393438 S _R_Visible
00000000000ff5c0 T _R_WeakRefKey
00000000000ff5f0 T _R_WeakRefValue
0000000000065bdc T _R_WriteConnection
00000000001de388 T _R_WriteConsole
00000000001de3ac T _R_WriteConsoleEx
0000000000101538 T _R_alloc
00000000001015f8 T _R_allocLD
00000000001094f4 T _R_allocResizableVector
00000000000156cc T _R_altrep_class_name
0000000000015710 T _R_altrep_class_package
00000000000f1634 T _R_altrep_data1
00000000000f1658 T _R_altrep_data2
00000000000156ac T _R_altrep_inherits
00000000001956b0 T _R_asHashtable
000000000019d16c T _R_atof
0000000000393450 S _R_baseSymbol
00000000000074f0 T _R_cairoCdynload
00000000001018f8 T _R_calloc_gc
00000000001db39c T _R_checkActivity
0000000000112034 T _R_check_class_etc
00000000001049f4 T _R_chk_calloc
0000000000104a8c T _R_chk_free
0000000000104a98 T _R_chk_memcpy
0000000000104ad8 T _R_chk_memset
0000000000104a38 T _R_chk_realloc
0000000000035030 T _R_class
000000000011e330 T _R_closedir
000000000019559c T _R_clrhash
00000000000043e8 T _R_common_command_line
0000000000392ee8 S _R_compact_intseq_class
0000000000392ef0 S _R_compact_realseq_class
00000000000efc64 T _R_compute_identical
0000000000163bdc T _R_csort
00000000000a95b0 T _R_curErrorBuf
000000000003429c T _R_data_class
0000000000112e7c T _R_deferred_default_method
0000000000113610 T _R_do_MAKE_CLASS
0000000000113b48 T _R_do_new_object
00000000000374ec T _R_do_slot
0000000000036fac T _R_do_slot_assign
0000000000393460 S _R_dot_Generic
00000000000fc404 T _R_dot_Last
0000000000393480 S _R_dot_Method
0000000000393490 S _R_dot_defined
0000000000393498 S _R_dot_packageName
00000000003934a0 S _R_dot_target
000000000010958c T _R_duplicateAsResizable
000000000008ddcc T _R_duplicate_attr
00000000000a13d0 T _R_envSymbols
00000000000b36bc T _R_execMethod
000000000009ae10 T _R_existsVarInFrame
000000000009b8b8 T _R_findDotsEnv
000000000009b674 T _R_findVarLoc
000000000009a25c T _R_findVarLocInFrame
000000000001837c T _R_finite
00000000001850a0 T _R_fopen
00000000000b31c4 T _R_forceAndCall
0000000000005008 T _R_forceSymbols
000000000018afec T _R_free_tmpnam
0000000000100bbc T _R_gc
0000000000037d20 T _R_getAttribCount
0000000000037e54 T _R_getAttribNames
0000000000035be4 T _R_getAttributes
0000000000111f54 T _R_getClassDef
0000000000004f08 T _R_getEmbeddingDllInfo
00000000000a53fc T _R_getRegisteredNamespace
000000000009f754 T _R_getVar
000000000009f5f8 T _R_getVarEx
00000000001947f0 T _R_gethash
000000000005a9f8 T _R_gzclose
000000000005a694 T _R_gzgets
0000000000059dd8 T _R_gzopen
000000000003806c T _R_hasAttrib
0000000000037398 T _R_has_slot
0000000000392e80 S _R_ignore_SIGPIPE
0000000000392b84 S _R_interrupts_pending
0000000000392b80 S _R_interrupts_suspended
0000000000392e48 S _R_isForkedChild
00000000001957e8 T _R_isHashtable
00000000001093e8 T _R_isResizable
0000000000197bf4 T _R_isTRUE
0000000000018370 T _R_isnancpp
0000000000163a08 T _R_isort
00000000000a13c8 T _R_lsInternal
00000000000a0cf0 T _R_lsInternal3
00000000000af860 T _R_makePartialMatchWarningCondition
00000000000154d8 T _R_make_altcomplex_class
0000000000015488 T _R_make_altinteger_class
0000000000015474 T _R_make_altlist_class
00000000000154b0 T _R_make_altlogical_class
00000000000154c4 T _R_make_altraw_class
000000000001549c T _R_make_altreal_class
0000000000015010 T _R_make_altstring_class
00000000001018a0 T _R_malloc_gc
0000000000037bf4 T _R_mapAttrib
00000000001950bc T _R_maphash
00000000001953cc T _R_maphashC
0000000000109440 T _R_maxLength
00000000001aa040 T _R_max_col
000000000027eeec D _R_max_num_math_threads
000000000008a950 T _R_mkClosure
0000000000194684 T _R_mkhashtab
00000000000073f4 T _R_moduleCdynload
00000000000383b4 T _R_ncol
000000000001562c T _R_new_altrep
0000000000069098 T _R_new_custom_connection
00000000000381b4 T _R_nrow
000000000027eee8 D _R_num_math_threads
0000000000195064 T _R_numhash
000000000011e27c T _R_opendir
00000000001651d0 T _R_orderVector
0000000000165718 T _R_orderVector1
0000000000185ad0 T _R_popen
0000000000018400 T _R_pow
00000000000186e4 T _R_pow_di
0000000000112db4 T _R_primitive_generic
0000000000112d68 T _R_primitive_methods
00000000003934a8 S _R_print
000000000013a5d4 T _R_qsort
000000000013a140 T _R_qsort_I
000000000013a3e8 T _R_qsort_int
0000000000139e90 T _R_qsort_int_I
000000000011e2e0 T _R_readdir
0000000000101958 T _R_realloc_gc
0000000000005018 T _R_registerRoutines
0000000000194f08 T _R_remhash
000000000009e758 T _R_removeVarFromFrame
0000000000109634 T _R_resizeVector
0000000000163b00 T _R_rsort
00000000001db580 T _R_runHandlers
0000000000392ea0 S _R_running_as_main_program
000000000000babc T _R_sample_kind
00000000000f541c T _R_setInternetRoutines
00000000000f6c20 T _R_setLapackRoutines
00000000001dc890 T _R_setStartTime
00000000000155ec T _R_set_altcomplex_Elt_method
00000000000155f4 T _R_set_altcomplex_Get_region_method
0000000000015544 T _R_set_altinteger_Elt_method
000000000001554c T _R_set_altinteger_Get_region_method
0000000000015554 T _R_set_altinteger_Is_sorted_method
0000000000015574 T _R_set_altinteger_Max_method
000000000001556c T _R_set_altinteger_Min_method
000000000001555c T _R_set_altinteger_No_NA_method
0000000000015564 T _R_set_altinteger_Sum_method
000000000001561c T _R_set_altlist_Elt_method
0000000000015624 T _R_set_altlist_Set_elt_method
00000000000155b4 T _R_set_altlogical_Elt_method
00000000000155bc T _R_set_altlogical_Get_region_method
00000000000155c4 T _R_set_altlogical_Is_sorted_method
00000000000155cc T _R_set_altlogical_No_NA_method
00000000000155d4 T _R_set_altlogical_Sum_method
00000000000155dc T _R_set_altraw_Elt_method
00000000000155e4 T _R_set_altraw_Get_region_method
000000000001557c T _R_set_altreal_Elt_method
0000000000015584 T _R_set_altreal_Get_region_method
000000000001558c T _R_set_altreal_Is_sorted_method
00000000000155ac T _R_set_altreal_Max_method
00000000000155a4 T _R_set_altreal_Min_method
0000000000015594 T _R_set_altreal_No_NA_method
000000000001559c T _R_set_altreal_Sum_method
0000000000015514 T _R_set_altrep_Coerce_method
0000000000015504 T _R_set_altrep_DuplicateEX_method
000000000001550c T _R_set_altrep_Duplicate_method
000000000001551c T _R_set_altrep_Inspect_method
0000000000015524 T _R_set_altrep_Length_method
00000000000154fc T _R_set_altrep_Serialized_state_method
00000000000154ec T _R_set_altrep_UnserializeEX_method
00000000000154f4 T _R_set_altrep_Unserialize_method
00000000000f1660 T _R_set_altrep_data1
00000000000f1664 T _R_set_altrep_data2
00000000000155fc T _R_set_altstring_Elt_method
000000000001560c T _R_set_altstring_Is_sorted_method
0000000000015614 T _R_set_altstring_No_NA_method
0000000000015604 T _R_set_altstring_Set_elt_method
000000000001552c T _R_set_altvec_Dataptr_method
0000000000015534 T _R_set_altvec_Dataptr_or_null_method
000000000001553c T _R_set_altvec_Extract_subset_method
0000000000004260 T _R_set_command_line_arguments
0000000000112798 T _R_set_prim_method
0000000000112eb0 T _R_set_quick_method_check
000000000011203c T _R_set_standardGeneric_ptr
0000000000194acc T _R_sethash
00000000001de458 T _R_setupHistory
00000000001046f4 T _R_signal_protect_error
00000000001049a4 T _R_signal_reprotect_error
00000000001047a0 T _R_signal_unprotect_error
000000000019d15c T _R_strtod
000000000019cb24 T _R_strtod5
0000000000175208 T _R_subassign3_dflt
0000000000185ad4 T _R_system
0000000000393500 S _R_timeout_handler
0000000000393508 S _R_timeout_val
000000000018afe0 T _R_tmpnam
0000000000185990 T _R_tmpnam2
00000000000ae218 T _R_tryCatch
00000000000ae11c T _R_tryCatchError
000000000006e6f0 T _R_tryEval
000000000006e790 T _R_tryEvalSilent
0000000000010460 T _R_tryWrap
0000000000198000 T _R_typeToChar
0000000000195090 T _R_typhash
00000000000a3b24 T _R_unLockBinding
000000000000b9a8 T _R_unif_index
0000000000004ff8 T _R_useDynamicSymbols
0000000000392e90 S _R_wait_usec
00000000000ae51c T _R_withCallingErrorHandler
000000000005f2c8 T _Rconn_fgetc
000000000005f484 T _Rconn_printf
00000000000f5430 T _Rdownload
00000000001a7558 T _Rdqagi
00000000001a80c4 T _Rdqags
000000000028895c D _RestoreAction
000000000019c510 T _Rf_AdobeSymbol2utf8
000000000008e10c T _Rf_CleanEd
0000000000123a30 T _Rf_CreateAtVector
0000000000138f80 T _Rf_EncodeChar
0000000000137f38 T _Rf_EncodeComplex
0000000000138b84 T _Rf_EncodeElement
0000000000138bb0 T _Rf_EncodeElement0
0000000000136f7c T _Rf_EncodeInteger
0000000000136ea4 T _Rf_EncodeLogical
0000000000137260 T _Rf_EncodeReal0
00000000000e3874 T _Rf_GAxisPars
00000000000e3b40 T _Rf_GPretty
0000000000037388 T _Rf_GetArrayDimnames
00000000000250f0 T _Rf_GetColNames
0000000000037280 T _Rf_GetMatrixDimnames
0000000000114140 T _Rf_GetOption1
00000000001142ac T _Rf_GetOptionWidth
00000000000250c8 T _Rf_GetRowNames
0000000000081634 T _Rf_KillAllDevices
00000000001027dc T _Rf_NewEnvironment
000000000008219c T _Rf_NewFrameConfirm
0000000000080ba4 T _Rf_NoDevices
0000000000080bc4 T _Rf_NumDevices
00000000000493a8 T _Rf_PairToVectorList
000000000012dcc0 T _Rf_PrintDefaults
0000000000130f08 T _Rf_PrintValue
0000000000053144 T _Rf_RGBpar
0000000000053120 T _Rf_RGBpar3
00000000000f365c T _Rf_ScalarComplex
00000000000f3468 T _Rf_ScalarInteger
00000000000f342c T _Rf_ScalarLogical
00000000000f37ec T _Rf_ScalarRaw
00000000000f3560 T _Rf_ScalarReal
00000000000f375c T _Rf_ScalarString
00000000001987dc T _Rf_StringBlank
000000000019887c T _Rf_StringFalse
0000000000198808 T _Rf_StringTrue
00000000000495b0 T _Rf_VectorToPairList
00000000001065c0 T _Rf_XLENGTH
000000000019c4c8 T _Rf_acopy_string
00000000000fc700 T _Rf_addTaskCallback
0000000000025a74 T _Rf_alloc3DArray
0000000000025c04 T _Rf_allocArray
0000000000103b5c T _Rf_allocLang
0000000000103a04 T _Rf_allocList
0000000000025918 T _Rf_allocMatrix
0000000000103bd0 T _Rf_allocS4Object
00000000001019b8 T _Rf_allocSExp
00000000000f1f58 T _Rf_allocVector
0000000000102f7c T _Rf_allocVector3
000000000018d8d8 T _Rf_any_duplicated
000000000018db00 T _Rf_any_duplicated3
000000000004e5a4 T _Rf_asBool
000000000004e500 T _Rf_asBool2
0000000000197680 T _Rf_asChar
000000000004cc8c T _Rf_asCharacterFactor
000000000004ec08 T _Rf_asComplex
000000000004e5f4 T _Rf_asInteger
000000000004e498 T _Rf_asLogical
000000000004e4ac T _Rf_asRbool
000000000004e55c T _Rf_asRboolean
000000000004e9f0 T _Rf_asReal
0000000000113f2c T _Rf_asS4
000000000006d094 T _Rf_begincontext
00000000001b921c T _Rf_bessel_i
00000000001b9d98 T _Rf_bessel_i_ex
00000000001b9f58 T _Rf_bessel_j
00000000001baca0 T _Rf_bessel_j_ex
00000000001bae7c T _Rf_bessel_k
00000000001bbe14 T _Rf_bessel_k_ex
00000000001bbf34 T _Rf_bessel_y
00000000001bcf08 T _Rf_bessel_y_ex
00000000001bd100 T _Rf_beta
0000000000164c60 T _Rf_cPsort
000000000018815c T _Rf_charIsASCII
000000000018825c T _Rf_charIsLatin1
00000000001881b8 T _Rf_charIsUTF8
0000000000198960 T _Rf_checkArityCall
00000000001bd530 T _Rf_choose
0000000000032c3c T _Rf_classgets
0000000000049758 T _Rf_coerceVector
000000000005316c T _Rf_col2name
000000000005fdf8 T _Rf_con_pushback
00000000001023d0 T _Rf_cons
000000000008d19c T _Rf_copyListMatrix
000000000008d3b4 T _Rf_copyMatrix
00000000000338f8 T _Rf_copyMostAttrib
0000000000033a64 T _Rf_copyMostAttribNoTs
000000000008b9b8 T _Rf_copyVector
000000000019413c T _Rf_csduplicated
0000000000080e9c T _Rf_curDevice
000000000018bd58 T _Rf_currentTime
00000000001bd8e0 T _Rf_dbeta
00000000001bde64 T _Rf_dbinom
00000000001bdc64 T _Rf_dbinom_raw
00000000001be008 T _Rf_dcauchy
00000000001be088 T _Rf_dchisq
00000000000990cc T _Rf_defineVar
000000000007bd44 T _Rf_deparse1
000000000007c014 T _Rf_deparse1line
00000000000816e8 T _Rf_desc2GEDesc
00000000001be098 T _Rf_dexp
00000000001be128 T _Rf_df
00000000001be330 T _Rf_dgamma
00000000001be4ec T _Rf_dgeom
00000000001be648 T _Rf_dhyper
00000000001c62cc T _Rf_digamma
0000000000032100 T _Rf_dimgets
0000000000032464 T _Rf_dimnamesgets
00000000001be8ac T _Rf_dlnorm
00000000001bea24 T _Rf_dlogis
00000000001beabc T _Rf_dnbeta
00000000001bed78 T _Rf_dnbinom
00000000001bf070 T _Rf_dnbinom_mu
00000000001bf3c4 T _Rf_dnchisq
00000000001bf6e4 T _Rf_dnf
00000000001bf8f8 T _Rf_dnorm4
00000000001bfb18 T _Rf_dnt
00000000000d5aac T _Rf_doIdle
00000000000d5818 T _Rf_doKeybd
00000000000d54a4 T _Rf_doMouseEvent
00000000000d5c8c T _Rf_doesIdle
00000000001bfed4 T _Rf_dpois
00000000001bfcd4 T _Rf_dpois_raw
00000000001c5460 T _Rf_dpsifn
00000000001d0620 T _Rf_dsignrank
00000000001c0014 T _Rf_dt
00000000001c022c T _Rf_dunif
000000000008aae8 T _Rf_duplicate
000000000018beb0 T _Rf_duplicated
00000000001c02b4 T _Rf_dweibull
00000000001d9e5c T _Rf_dwilcox
00000000000f1f60 T _Rf_elt
00000000001dad0c T _Rf_endEmbeddedR
000000000006d21c T _Rf_endcontext
00000000000a296c T _Rf_envlength
00000000000a2b88 T _Rf_envxlength
00000000000aa9f0 T _Rf_error
00000000000a95bc T _Rf_errorcall
00000000000b1220 T _Rf_eval
00000000000953d8 T _Rf_eval_with_gd
000000000009d368 T _Rf_findFun
000000000009b670 T _Rf_findVar
000000000009b070 T _Rf_findVarInFrame
000000000009a9ec T _Rf_findVarInFrame3
00000000001c03c0 T _Rf_fmax2
00000000001c03d4 T _Rf_fmin2
00000000000d49ec T _Rf_formatComplex
00000000000d4304 T _Rf_formatReal
00000000001c03e8 T _Rf_fprec
00000000001c05b4 T _Rf_fround
00000000001c0754 T _Rf_fsign
00000000001c0774 T _Rf_ftrunc
00000000001c077c T _Rf_gammafn
0000000000030f08 T _Rf_getAttrib
00000000001880e4 T _Rf_getCharCE
000000000009d378 T _Rf_gsetVar
0000000000164ac8 T _Rf_iPsort
00000000001c0f58 T _Rf_imax2
00000000001c0f64 T _Rf_imin2
00000000000f29a4 T _Rf_inherits
00000000001dace0 T _Rf_initEmbeddedR
0000000000058b60 T _Rf_init_con
00000000001de4f4 T _Rf_initialize_R
000000000010e850 T _Rf_install
00000000001892ac T _Rf_installChar
0000000000189184 T _Rf_installTrChar
00000000000f2f78 T _Rf_isArray
00000000001984d8 T _Rf_isBlankString
0000000000108f48 T _Rf_isComplex
00000000000f2d60 T _Rf_isDataFrame
0000000000108f70 T _Rf_isEnvironment
0000000000108f5c T _Rf_isExpression
00000000000f3134 T _Rf_isFactor
00000000000f2df8 T _Rf_isFrame
00000000000f2c28 T _Rf_isFunction
00000000000f3094 T _Rf_isInteger
00000000000f2e90 T _Rf_isLanguage
00000000000f2c64 T _Rf_isList
0000000000108f20 T _Rf_isLogical
00000000000f2ec0 T _Rf_isMatrix
00000000000f2c94 T _Rf_isNewList
0000000000108efc T _Rf_isNull
00000000000f3380 T _Rf_isNumber
00000000000f32d8 T _Rf_isNumeric
0000000000108f98 T _Rf_isObject
0000000000197ab8 T _Rf_isOrdered
00000000000f2cc4 T _Rf_isPairList
00000000000f2c4c T _Rf_isPrimitive
0000000000108f34 T _Rf_isReal
0000000000114084 T _Rf_isS4
00000000000f2a34 T _Rf_isScalarString
0000000000108f84 T _Rf_isString
0000000000108f0c T _Rf_isSymbol
00000000000f3030 T _Rf_isTs
0000000000197980 T _Rf_isUnordered
0000000000162b2c T _Rf_isUnsorted
00000000000f2a74 T _Rf_isValidString
00000000000f2d34 T _Rf_isVector
00000000000f2d08 T _Rf_isVectorAtomic
00000000000f2cf0 T _Rf_isVectorList
00000000000f38e0 T _Rf_isVectorizable
00000000000aaa60 T _Rf_jump_to_toplevel
00000000000815dc T _Rf_killDevice
00000000000f23f8 T _Rf_lang1
00000000000f2428 T _Rf_lang2
00000000000f24c0 T _Rf_lang3
00000000000f258c T _Rf_lang4
00000000000f2688 T _Rf_lang5
00000000000f271c T _Rf_lang6
00000000000f1fc8 T _Rf_lastElt
00000000001c0f70 T _Rf_lbeta
00000000001bd310 T _Rf_lchoose
00000000000f23d4 T _Rf_lcons
00000000000f1dc0 T _Rf_length
00000000000427a4 T _Rf_lengthgets
00000000001c1e04 T _Rf_lgamma1p
00000000001c13dc T _Rf_lgammafn
00000000001c1160 T _Rf_lgammafn_sign
00000000000f2000 T _Rf_list1
00000000000f2010 T _Rf_list2
00000000000f2098 T _Rf_list3
00000000000f2154 T _Rf_list4
00000000000f2240 T _Rf_list5
00000000000f22c4 T _Rf_list6
00000000000f2380 T _Rf_listAppend
00000000001c3478 T _Rf_log1mexp
00000000001c3418 T _Rf_log1pexp
00000000001c1be4 T _Rf_log1pmx
00000000001c1f98 T _Rf_logspace_add
00000000001c1fdc T _Rf_logspace_sub
00000000001c2038 T _Rf_logspace_sum
00000000000fbde0 T _Rf_mainloop
0000000000191458 T _Rf_match
0000000000190460 T _Rf_matchE
0000000000198238 T _Rf_mbcsToUcs2
000000000019bc1c T _Rf_mbcsValid
0000000000198608 T _Rf_mbrtowc
000000000009908c T _Rf_mkChar
00000000000a6450 T _Rf_mkCharCE
00000000000a6d04 T _Rf_mkCharLen
00000000000a6494 T _Rf_mkCharLenCE
00000000000dba50 T _Rf_mkFalse
00000000000f3a78 T _Rf_mkNamed
00000000000f3b98 T _Rf_mkString
00000000000318d8 T _Rf_namesgets
0000000000197594 T _Rf_ncols
0000000000081044 T _Rf_ndevNumber
0000000000080ea8 T _Rf_nextDevice
00000000000f31d4 T _Rf_nlevels
00000000001974a0 T _Rf_nrows
0000000000198bd4 T _Rf_nthcdr
00000000000a8184 T _Rf_onintr
00000000000a82ec T _Rf_onintrNoResume
00000000001c162c T _Rf_pbeta
00000000001c1668 T _Rf_pbinom
00000000001c1824 T _Rf_pcauchy
00000000001c198c T _Rf_pchisq
00000000001c63e0 T _Rf_pentagamma
00000000001c199c T _Rf_pexp
00000000001c1a80 T _Rf_pf
00000000001c2ea4 T _Rf_pgamma
00000000001c2f30 T _Rf_pgeom
00000000001c30a4 T _Rf_phyper
00000000001c3368 T _Rf_plnorm
00000000001c34c4 T _Rf_plogis
00000000000fde5c T _Rf_pmatch
00000000001c3930 T _Rf_pnbeta
00000000001c39bc T _Rf_pnbinom
00000000001c3ac0 T _Rf_pnbinom_mu
00000000001c3c40 T _Rf_pnchisq
00000000001c4538 T _Rf_pnf
00000000001c465c T _Rf_pnorm5
00000000001c4794 T _Rf_pnorm_both
00000000001c4f04 T _Rf_pnt
00000000001bdb38 T _Rf_pow1p
00000000001c6440 T _Rf_ppois
0000000000080f2c T _Rf_prevDevice
00000000000f1cd8 T _Rf_protect
00000000001c621c T _Rf_psigamma
00000000001d0958 T _Rf_psignrank
00000000000fde04 T _Rf_psmatch
00000000001c64fc T _Rf_pt
00000000001c6718 T _Rf_ptukey
00000000001c6d80 T _Rf_punif
00000000001c6e4c T _Rf_pweibull
00000000001da5d8 T _Rf_pwilcox
00000000001c6f50 T _Rf_qbeta
00000000001c8280 T _Rf_qbinom
00000000001c87c4 T _Rf_qcauchy
00000000001c89d8 T _Rf_qchisq
00000000001c89e8 T _Rf_qexp
00000000001c8ad8 T _Rf_qf
00000000001c90fc T _Rf_qgamma
00000000001c98c0 T _Rf_qgeom
00000000001c9a54 T _Rf_qhyper
00000000001c9d60 T _Rf_qlnorm
00000000001c9e18 T _Rf_qlogis
00000000001c9f9c T _Rf_qnbeta
00000000001ca268 T _Rf_qnbinom
00000000001ca770 T _Rf_qnbinom_mu
00000000001cac60 T _Rf_qnchisq
00000000001cb22c T _Rf_qnf
00000000001cb3a0 T _Rf_qnorm5
00000000001cba58 T _Rf_qnt
00000000001cbd98 T _Rf_qpois
00000000001d0b58 T _Rf_qsignrank
00000000001cc228 T _Rf_qt
00000000001ccc8c T _Rf_qtukey
00000000001cd114 T _Rf_qunif
00000000001cd1f8 T _Rf_qweibull
00000000001da844 T _Rf_qwilcox
0000000000164b98 T _Rf_rPsort
00000000001cd33c T _Rf_rbeta
00000000001cd828 T _Rf_rbinom
00000000001cdfa8 T _Rf_rcauchy
00000000001ce078 T _Rf_rchisq
000000000018a560 T _Rf_reEnc
00000000000fc8fc T _Rf_removeTaskCallbackByIndex
00000000000fc80c T _Rf_removeTaskCallbackByName
0000000000163fbc T _Rf_revsort
00000000001ce0ec T _Rf_rexp
00000000001ce188 T _Rf_rf
00000000001ce220 T _Rf_rgamma
00000000001ce968 T _Rf_rgeom
00000000001cea10 T _Rf_rhyper
00000000001cf6fc T _Rf_rlnorm
00000000001cf77c T _Rf_rlogis
00000000001cf800 T _Rf_rmultinom
00000000001cf9d0 T _Rf_rnbinom
00000000001cfa5c T _Rf_rnbinom_mu
00000000001cfad4 T _Rf_rnchisq
00000000001cfbd0 T _Rf_rnorm
00000000001cfc84 T _Rf_rpois
00000000001d0d70 T _Rf_rsignrank
00000000001d0314 T _Rf_rt
00000000001d0378 T _Rf_runif
00000000001d0408 T _Rf_rweibull
00000000001daa9c T _Rf_rwilcox
0000000000081084 T _Rf_selectDevice
00000000000314c0 T _Rf_setAttrib
000000000009d924 T _Rf_setVar
000000000005817c T _Rf_set_iconv
000000000008b7e0 T _Rf_shallow_duplicate
00000000001d05c8 T _Rf_sign
0000000000164200 T _Rf_sortVector
0000000000197c84 T _Rf_str2type
000000000019b41c T _Rf_strIsASCII
000000000019c0c0 T _Rf_strchr
000000000005211c T _Rf_substitute
00000000001c6380 T _Rf_tetragamma
00000000000a7230 T _Rf_topenv
0000000000185e40 T _Rf_translateChar
0000000000185130 T _Rf_translateCharFP
0000000000189314 T _Rf_translateCharUTF8
00000000001c6328 T _Rf_trigamma
0000000000197f88 T _Rf_type2char
0000000000197f34 T _Rf_type2rstr
0000000000197e78 T _Rf_type2str
0000000000197e4c T _Rf_type2str_nowarn
000000000018aaec T _Rf_ucstomb
000000000018ae70 T _Rf_ucstoutf8
00000000000f1d20 T _Rf_unprotect
00000000001047dc T _Rf_unprotect_ptr
000000000019c9ec T _Rf_utf8ToLatin1AdobeSymbol2utf8
000000000019c75c T _Rf_utf8Toutf8NoPUA
000000000019bc44 T _Rf_utf8Valid
000000000019b444 T _Rf_utf8clen
000000000019c5d0 T _Rf_utf8toAdobeSymbol
000000000019b490 T _Rf_utf8toucs
00000000001983b0 T _Rf_utf8towcs
00000000000a8d80 T _Rf_warning
00000000000a90a0 T _Rf_warningcall
00000000000a9464 T _Rf_warningcall_immediate
0000000000189a50 T _Rf_wtransChar
00000000000f1eb8 T _Rf_xlength
0000000000041f70 T _Rf_xlengthgets
0000000000392efc S _Rf_yychar
0000000000392f00 S _Rf_yylval
0000000000392f08 S _Rf_yynerrs
00000000000d5ce0 T _Rf_yyparse
0000000000288da8 D _Rg_PolledEvents
00000000000530fc T _Rg_set_col_ptrs
0000000000392e94 S _Rg_wait_usec
000000000014addc T _Ri18n_iswctype
000000000014ae7c T _Ri18n_towlower
000000000014adfc T _Ri18n_towupper
000000000014ac38 T _Ri18n_wctype
000000000014a978 T _Ri18n_wcwidth
0000000000187d44 T _Riconv
00000000001880e0 T _Riconv_close
0000000000187ca8 T _Riconv_open
0000000000138f90 T _Rprintf
00000000001dc3e4 T _Rsleep
00000000000f5bd0 T _Rsockclose
00000000000f5864 T _Rsockconnect
00000000000f5df4 T _Rsocklisten
00000000000f5cf0 T _Rsockopen
00000000000f59c0 T _Rsockread
00000000000f5ff8 T _Rsockwrite
000000000019eb64 T _Rstrdup
00000000001bd7dc T _Rtanpi
00000000000879d4 T _Runzip
0000000000139040 T _Rvprintf
00000000001079bc T _SETCAD4R
000000000010784c T _SETCADDDR
00000000001076ec T _SETCADDR
000000000010759c T _SETCADR
0000000000105270 T _SETCAR
0000000000107470 T _SETCDR
0000000000105f6c T _SETLEVELS
0000000000105e20 T _SET_ATTRIB
00000000000f1ae0 T _SET_COMPLEX_ELT
00000000001089f0 T _SET_ENCLOS
0000000000108c48 T _SET_ENVFLAGS
0000000000108b50 T _SET_HASHTAB
00000000000f170c T _SET_INTEGER_ELT
00000000000f185c T _SET_LOGICAL_ELT
0000000000105f50 T _SET_NAMED
0000000000105f38 T _SET_OBJECT
0000000000108dcc T _SET_PRCODE
0000000000108cd4 T _SET_PRENV
0000000000102df8 T _SET_PRVALUE
00000000000f1c2c T _SET_RAW_ELT
00000000001081bc T _SET_RDEBUG
00000000000f19a0 T _SET_REAL_ELT
0000000000106200 T _SET_S4_OBJECT
00000000000f1550 T _SET_SCALAR_BVAL
00000000000f1354 T _SET_SCALAR_CVAL
00000000000f115c T _SET_SCALAR_DVAL
00000000000f0f68 T _SET_SCALAR_IVAL
0000000000104508 T _SET_STRING_ELT
0000000000102a58 T _SET_TAG
0000000000106098 T _SET_TYPEOF
00000000000ff7f0 T _SET_VECTOR_ELT
0000000000105ff4 T _SHALLOW_DUPLICATE_ATTRIB
000000000010665c T _STRING_ELT
0000000000014d88 T _STRING_IS_SORTED
0000000000014da4 T _STRING_NO_NA
0000000000106d84 T _STRING_PTR
0000000000106de8 T _STRING_PTR_RO
0000000000108260 T _SYMVALUE
00000000001016b4 T _S_alloc
0000000000101784 T _S_realloc
0000000000288958 D _SaveAction
00000000001072e4 T _TAG
0000000000105c80 T _TYPEOF
00000000000ac1c0 T _UNIMPLEMENTED
0000000000198224 T _UNIMPLEMENTED_TYPE
0000000000106210 T _UNSET_S4_OBJECT
0000000000392b70 S _User_norm_fun
0000000000392b68 S _User_unif_init
0000000000106740 T _VECTOR_ELT
0000000000106e4c T _VECTOR_PTR_RO
0000000000106384 T _XLENGTH
00000000000f0bb0 T _XLENGTH_EX
0000000000208b5c S __hershey_accented_char_info
0000000000264db0 S __hershey_font_info
0000000000208c0c S __hershey_typeface_info
0000000000268460 S __occidental_hershey_glyphs
0000000000270de0 S __oriental_hershey_glyphs
00000000001db298 T _addInputHandler
000000000027ebb8 D _baseRegisterIndex
00000000001abe70 T _cgmin
00000000001bd7d4 T _cospi
00000000001bd8bc T _d1mach_
00000000001a2740 T _dblepr1_
00000000001a2690 T _dblepr_
00000000000817f0 T _defaultCapabilities
00000000000817cc T _defaultDefineGroup
0000000000081774 T _defaultGetEvent
0000000000081740 T _defaultMetricInfo
00000000000817a4 T _defaultSetClipPath
00000000000817b8 T _defaultSetMask
0000000000081790 T _defaultSetPattern
0000000000081768 T _defaultStrWidth
0000000000081788 T _defaultStrWidthUTF8
00000000000b07dc T _do_Rprof
00000000001091d4 T _do_Rprofmem
00000000001dad60 T _do_X11
00000000001dadc0 T _do_bmVersion
00000000001255ac T _do_contourLines
000000000008e128 T _do_edit
00000000000d5170 T _do_getGraphicsEvent
00000000000d50b4 T _do_getGraphicsEventEnv
00000000000950dc T _do_getSnapshot
0000000000095104 T _do_playSnapshot
00000000001dad78 T _do_saveplot
00000000000d4e3c T _do_setGraphicsEventEnv
000000000011298c T _do_set_prim_method
00000000001a2800 T _dpbfa_
00000000001a29c0 T _dpbsl_
00000000001a2b60 T _dpoco_
00000000001a3280 T _dpodi_
00000000001a35a0 T _dpofa_
00000000001a3700 T _dposl_
00000000001a5280 T _dqrcf_
00000000001a3f00 T _dqrdc2_
00000000001a3860 T _dqrdc_
00000000001a45a0 T _dqrls_
00000000001a5100 T _dqrqty_
00000000001a51c0 T _dqrqy_
00000000001a534c T _dqrrsd_
00000000001a47e0 T _dqrsl_
00000000001a540c T _dqrxb_
00000000001a54e0 T _dsvdc_
00000000001a6be0 T _dtrco_
00000000001a71a0 T _dtrsl_
00000000000586bc T _dummy_fgetc
00000000000583a4 T _dummy_vfprintf
00000000001d04d8 T _exp_rand
00000000000f5720 T _extR_HTTPDCreate
00000000000f57d0 T _extR_HTTPDStop
00000000001b27cc T _fdhess
00000000001a9d4c T _findInterval
00000000001a9d5c T _findInterval2
00000000001dddd8 T _fpu_setup
00000000000580a8 T _getConnection
00000000001db37c T _getInputHandler
000000000010ed2c T _getPRIMNAME
00000000001db624 T _getSelectedHandler
000000000019a860 T _getTZinfo
00000000001c0f30 T _i1mach_
00000000001a9d30 T _interv_
00000000001a26c0 T _intpr1_
00000000001a2640 T _intpr_
0000000000392e5c S _known_to_be_latin1
00000000001a2780 T _labelpr_
00000000001aca00 T _lbfgsb
00000000000f6f84 T _locale2charset
000000000027eef4 D _max_contour_segments
0000000000392e38 S _mbcslocale
00000000001aaeb8 T _nmmin
0000000000081730 T _noopCircle
0000000000081734 T _noopClip
0000000000081738 T _noopClose
00000000000817e8 T _noopFill
00000000000817ec T _noopFillStroke
00000000000817f4 T _noopGlyph
000000000008173c T _noopLine
0000000000081758 T _noopNewPage
000000000008175c T _noopPolygon
0000000000081760 T _noopPolyline
0000000000081764 T _noopRect
00000000000817b4 T _noopReleaseClipPath
00000000000817e0 T _noopReleaseGroup
00000000000817c8 T _noopReleaseMask
00000000000817a0 T _noopReleasePattern
00000000000817e4 T _noopStroke
0000000000081770 T _noopText
0000000000081784 T _noopTextUTF8
00000000000817dc T _noopUseGroup
00000000001d0e00 T _norm_rand
00000000001b2a50 T _optif9
0000000000169e34 T _parseError
0000000000009020 T _process_site_Renviron
0000000000008814 T _process_system_Renviron
0000000000009218 T _process_user_Renviron
0000000000393510 S _ptr_R_Busy
0000000000393518 S _ptr_R_ChooseFile
0000000000393520 S _ptr_R_CleanUp
0000000000393528 S _ptr_R_ClearerrConsole
0000000000393530 S _ptr_R_EditFile
0000000000393538 S _ptr_R_EditFiles
0000000000393540 S _ptr_R_FlushConsole
0000000000393548 S _ptr_R_ProcessEvents
0000000000393550 S _ptr_R_ReadConsole
0000000000393558 S _ptr_R_ResetConsole
0000000000393560 S _ptr_R_ShowFiles
0000000000393568 S _ptr_R_ShowMessage
0000000000393570 S _ptr_R_Suicide
0000000000393578 S _ptr_R_WriteConsole
0000000000393580 S _ptr_R_WriteConsoleEx
0000000000393588 S _ptr_R_addhistory
0000000000393590 S _ptr_R_loadhistory
0000000000393598 S _ptr_R_savehistory
00000000003935a0 S _ptr_do_dataentry
00000000003935a8 S _ptr_do_dataviewer
00000000003935b0 S _ptr_do_selectlist
000000000013a7cc T _qsort3_
000000000013a7c0 T _qsort4_
000000000019c4c4 T _rchkusr_
00000000001a2700 T _realpr1_
00000000001a2668 T _realpr_
00000000001db314 T _removeInputHandler
00000000001a27c0 T _rexit_
0000000000163ec8 T _rsort_with_index
00000000000fbcb4 T _run_Rmainloop
00000000001a27e0 T _rwarn_
00000000001b1138 T _samin
00000000000fb0d8 T _setup_Rmainloop
00000000001d05ec T _signrank_free
00000000001bd7d8 T _sinpi
00000000001bd898 T _tanpi
00000000000098a4 T _unif_rand
0000000000392e34 S _utf8locale
0000000000101520 T _vmaxget
000000000010152c T _vmaxset
00000000001aa2e4 T _vmmin
00000000001dac8c T _wilcox_free
00000000001312a0 T _xerbla_
0000000000392f0c S _yylloc
