* installing *source* package ‘dplyr’ ...
** this is package ‘dplyr’ version ‘1.1.2’
** using staged installation
** libs
using C++ compiler: ‘Apple clang version 21.0.0 (clang-2100.1.1.101)’
using SDK: ‘MacOSX26.5.sdk’
g++ -std=gnu++20 -I"/private/tmp/dta-direct-stage5-minimum-preflight/r460-install/lib/R/include" -DNDEBUG   -I/opt/homebrew/include    -fPIC  -g -O2   -c chop.cpp -o chop.o
g++ -std=gnu++20 -I"/private/tmp/dta-direct-stage5-minimum-preflight/r460-install/lib/R/include" -DNDEBUG   -I/opt/homebrew/include    -fPIC  -g -O2   -c filter.cpp -o filter.o
g++ -std=gnu++20 -I"/private/tmp/dta-direct-stage5-minimum-preflight/r460-install/lib/R/include" -DNDEBUG   -I/opt/homebrew/include    -fPIC  -g -O2   -c funs.cpp -o funs.o
g++ -std=gnu++20 -I"/private/tmp/dta-direct-stage5-minimum-preflight/r460-install/lib/R/include" -DNDEBUG   -I/opt/homebrew/include    -fPIC  -g -O2   -c group_by.cpp -o group_by.o
chop.cpp:17:25: error: use of undeclared identifier 'Rf_allocSExp'
   17 |     SEXP prom = PROTECT(Rf_allocSExp(PROMSXP));
      |                         ^~~~~~~~~~~~
chop.cpp:18:5: error: use of undeclared identifier 'SET_PRENV'
   18 |     SET_PRENV(prom, R_EmptyEnv);
      |     ^~~~~~~~~
filter.cpp:194:3: error: use of undeclared identifier 'Rf_findVarInFrame'
  194 |   DPLYR_MASK_INIT();
      |   ^~~~~~~~~~~~~~~~~
./dplyr.h:124:23: note: expanded from macro 'DPLYR_MASK_INIT'
  124 |   SEXP rows = PROTECT(Rf_findVarInFrame(env_private, dplyr::symbols::rows));                                         \
      |                       ^~~~~~~~~~~~~~~~~
chop.cpp:31:9: error: use of undeclared identifier 'SET_PRCODE'
   31 |         SET_PRCODE(prom, column);
      |         ^~~~~~~~~~
chop.cpp:34:9: error: use of undeclared identifier 'SET_PRCODE'
   34 |         SET_PRCODE(prom, column);
      |         ^~~~~~~~~~
chop.cpp:37:7: error: use of undeclared identifier 'SET_PRCODE'
   37 |       SET_PRCODE(prom, Rf_lang3(dplyfilter.cpp:194:3:r::functions::vec_chop, colum error: use of undeclared identifier 'Rf_findVarInFrame'
n, rows));
      |       ^~~~~~~~~~
  194 |   DPLYR_MASK_INIT();
      |   ^~~~~~~~~~~~~~~~~
./dplyr.h:127:25: note: expanded from macro 'DPLYR_MASK_INIT'
  127 |   SEXP caller = PROTECT(Rf_findVarInFrame(env_private, dplyr::symbols::caller));                                     \
      |                         ^~~~~~~~~~~~~~~~~
chop.cpp:40:5: error: use of undeclared identifier 'SET_PRVALUE'
   40 |     SET_PRVALUE(prom, R_UnboundValue);
      |     ^~~~~~~~~~~
chop.cpp:56:25: error: use of undeclared identifier 'Rf_allocSExp'
   56 |     SEXP prom = PROTECT(Rf_allocSExp(PROMSXP));
      |                         ^~~~~~~~~~~~
filter.cpp:194:3: error: use of undeclared identifier 'Rf_findVarInFrame'
  194 |   DPLYR_MASK_INIT();
      |   ^~~~~~~~~~~~~~~~~
./dplyr.h:128:36: note: expanded from macro 'DPLYR_MASK_INIT'
  128 |   SEXP env_mask_bindings = PROTECT(Rf_findVarInFrame(env_private, dplyr::symbols::env_mask_bindings));               \
      |                                    ^~~~~~~~~~~~~~~~~
chop.cpp:57:5: error: use of undeclared identifier 'SET_PRENV'
   57 |     SET_PRENV(prom, R_EmptyEnv);
      |     ^~~~~~~~~
chop.cpp:58:5: error: use of undeclared identifier 'SET_PRCODE'
   58 |     SET_PRCODE(prom, Rf_lang2(dplyr::functions::list, p_data[i]));
      |     ^~~~~~~~~~
chop.cpp:59:5: error: use of undeclared identifier 'SET_PRVALUE'
   59 |     SET_PRVfilter.cpp:194:3ALUE(pr: error: use of undeclared identifier 'Rf_findVarInFrame'
om, R_U  194 |   DPnboundVLYR_MASK_INIT();
alue);
      |     ^~~~~~~~~~~
      |   ^~~~~~~~~~~~~~~~~
./dplyr.h:130:41: note: expanded from macro 'DPLYR_MASK_INIT'
  130 |   SEXP env_current_group_info = PROTECT(Rf_findVarInFrame(env_private, dplyr::symbols::env_current_group_info));     \
      |                                         ^~~~~~~~~~~~~~~~~
filter.cpp:194:3: error: use of undeclared identifier 'Rf_findVarInFrame'
  194 |   DPLYR_MASK_INIT();
      |   ^~~~~~~~~~~~~~~~~
chop.cpp:133:25: error: use of undeclared identifier 'Rf_findVarInFrame'
  133 |     S./dplyr.h:131:35: note: expanded from macro 'DPLYR_MASK_INIT'
EXP pro  131 |   SEm = PROXP current_groupTEC_id =T(Rf_ PROfindVTECT(arInFRf_rame(env, name));
      fin|                         ^~~~~~~~~~~~~~~~~
dVarInFrame(env_current_group_info, dplyr::symbols::current_group_id));      \
      |                                   ^~~~~~~~~~~~~~~~~
chop.cpp:134:42: error: use of undeclared identifier 'PRVALUE'
  134 |     SEXP val = TYPEOF(prom) == PROMSXP ? PRVALUE(prom) : prom;
      |                                          ^~~~~~~
filter.cpp:194:3: error: use of undeclared identifier 'Rf_findVarInFrame'12 errors generated.

  194 |   DPLYR_MASK_INIT();
      |   ^~~~~~~~~~~~~~~~~
./dplyr.h:134:37: note: expanded from macro 'DPLYR_MASK_INIT'
  134 |   SEXP current_group_size = PROTECT(Rf_findVarInFrame(env_current_group_info, dplyr::symbols::current_group_size));  \
      |                                     ^~~~~~~~~~~~~~~~~
6 errors generated.
make: *** [chop.o] Error 1
make: *** Waiting for unfinished jobs....
make: *** [filter.o] Error 1
ERROR: compilation failed for package ‘dplyr’
* removing ‘/private/tmp/dta-direct-stage5-minimum-preflight/r460-dplyr-libraries/1.1.2/dplyr’
