checking build system type... aarch64-apple-darwin25.6.0
checking host system type... aarch64-apple-darwin25.6.0
loading site script '/private/tmp/dta-direct-stage5-minimum-preflight/r46-source/R-4.6.0/config.site'
checking for pwd... /bin/pwd
checking whether builddir is srcdir... no
checking whether ln -s works... yes
checking for ar... ar
checking for a BSD-compatible install... /opt/homebrew/bin/ginstall -c
checking for sed... /usr/bin/sed
checking for which... /usr/bin/which
checking for cat... /bin/cat
checking for gtar... no
checking for gnutar... no
checking for tar... /usr/bin/tar
checking for tex... /Library/TeX/texbin/tex
checking for pdftex... /Library/TeX/texbin/pdftex
checking for pdflatex... /Library/TeX/texbin/pdflatex
checking for makeindex... /Library/TeX/texbin/makeindex
checking for texi2any... no
configure: WARNING: you cannot build info or HTML versions of the R manuals
checking for texi2dvi... no
checking for kpsewhich... /Library/TeX/texbin/kpsewhich
checking for latex inconsolata package... found zi4.sty
checking for unzip... /usr/bin/unzip
checking for zip... /usr/bin/zip
checking for gzip... /usr/bin/gzip
checking for bzip2... /usr/bin/bzip2
checking for xdg-open... no
checking for firefox... no
checking for mozilla... no
checking for epiphany... no
checking for galeon... no
checking for opera... no
checking for kfmclient... no
checking for gnome-moz-remote... no
checking for open... /usr/bin/open
using default browser ... /usr/bin/open
checking for xdg-open... no
checking for acroread... no
checking for acroread4... no
checking for evince... no
checking for atril... no
checking for xpdf... no
checking for gv... no
checking for gnome-gv... no
checking for ggv... no
checking for okular... no
checking for kpdf... no
checking for open... /usr/bin/open
checking for working aclocal... missing
checking for working autoconf... found
checking for working autoheader... found
checking for bison... bison -y
checking for notangle... false
checking for realpath... /bin/realpath
checking for pkg-config... /opt/homebrew/bin/pkg-config
checking for gcc... gcc
checking whether the C compiler works... yes
checking for C compiler default output file name... a.out
checking for suffix of executables... 
checking whether we are cross compiling... no
checking for suffix of object files... o
checking whether the compiler supports GNU C... yes
checking whether gcc accepts -g... yes
checking for gcc option to enable C11 features... none needed
checking for stdio.h... yes
checking for stdlib.h... yes
checking for string.h... yes
checking for inttypes.h... yes
checking for stdint.h... yes
checking for strings.h... yes
checking for sys/stat.h... yes
checking for sys/types.h... yes
checking for unistd.h... yes
checking for wchar.h... yes
checking for minix/config.h... no
checking for sys/time.h... yes
checking for sys/param.h... yes
checking whether it is safe to define __EXTENSIONS__... yes
checking whether _XOPEN_SOURCE should be defined... no
checking whether gcc is a C23 compiler... no
checking whether gcc -std=gnu23 is a C23 compiler... yes
checking how to run the C preprocessor... gcc -std=gnu23 -E
looking for a modern Fortran compiler
checking for gfortran... gfortran
checking whether the compiler supports GNU Fortran... yes
checking whether gfortran accepts -g... yes
checking for g++... g++
checking whether the compiler supports GNU C++... yes
checking whether g++ accepts -g... yes
checking for g++ option to enable C++11 features... none needed
checking whether g++ -g -O2 can compile C++ code... yes
checking how to run the C++ preprocessor... g++ -E
checking whether __attribute__((visibility())) is supported... yes
checking whether gcc -std=gnu23 accepts -fvisibility... yes
checking whether g++ accepts -fvisibility... yes
checking whether gfortran accepts -fvisibility... yes
checking for gcc... gcc
checking whether the compiler supports GNU Objective C... yes
checking whether gcc accepts -g... yes
checking whether gcc -std=gnu17 is a C17 compiler... yes
checking whether gcc -std=gnu90 is a C90 compiler... yes
checking whether gcc -std=gnu99 is a C99 compiler... yes
checking how to print strings... printf
checking for a sed that does not truncate output... (cached) /usr/bin/sed
checking for grep that handles long lines and -e... /usr/bin/grep
checking for egrep... /usr/bin/grep -E
checking for fgrep... /usr/bin/grep -F
checking for ld used by gcc -std=gnu23... /Library/Developer/CommandLineTools/usr/bin/ld
checking if the linker (/Library/Developer/CommandLineTools/usr/bin/ld) is GNU ld... no
checking for BSD- or MS-compatible name lister (nm)... /usr/bin/nm -B
checking the name lister (/usr/bin/nm -B) interface... BSD nm
checking the maximum length of command line arguments... sysctl: sysctl fmt -1 1024 1: Operation not permitted
expr: syntax error
expr: syntax error
none
checking how to convert aarch64-apple-darwin25.6.0 file names to aarch64-apple-darwin25.6.0 format... func_convert_file_noop
checking how to convert aarch64-apple-darwin25.6.0 file names to toolchain format... func_convert_file_noop
checking for /Library/Developer/CommandLineTools/usr/bin/ld option to reload object files... -r
checking for objdump... objdump
checking how to recognize dependent libraries... pass_all
checking for dlltool... no
checking how to associate runtime and link libraries... printf %s\n
checking for archiver @FILE support... no
checking for strip... strip
checking for ranlib... ranlib
checking for gawk... no
checking for mawk... no
checking for nawk... no
checking for awk... awk
checking command to parse /usr/bin/nm -B output from gcc -std=gnu23 object... ok
checking for sysroot... no
checking for a working dd... /bin/dd
checking how to truncate binary pipes... /bin/dd bs=4096 count=1
checking for mt... no
checking if : is a manifest tool... no
checking for dsymutil... dsymutil
checking for nmedit... nmedit
checking for lipo... lipo
checking for otool... otool
checking for otool64... no
checking for -single_module linker flag... ld: warning: -single_module is obsolete
no
checking for -exported_symbols_list linker flag... yes
checking for -force_load linker flag... yes
checking for dlfcn.h... yes
checking for objdir... .libs
checking if gcc -std=gnu23 supports -fno-rtti -fno-exceptions... yes
checking for gcc -std=gnu23 option to produce PIC... -fno-common -DPIC
checking if gcc -std=gnu23 PIC flag -fno-common -DPIC works... yes
checking if gcc -std=gnu23 static flag -static works... no
checking if gcc -std=gnu23 supports -c -o file.o... yes
checking if gcc -std=gnu23 supports -c -o file.o... (cached) yes
checking whether the gcc -std=gnu23 linker (/Library/Developer/CommandLineTools/usr/bin/ld) supports shared libraries... yes
checking dynamic linker characteristics... darwin25.6.0 dyld
checking how to hardcode library paths into programs... immediate
checking whether stripping libraries is possible... yes
checking if libtool supports shared libraries... yes
checking whether to build shared libraries... yes
checking whether to build static libraries... no
checking how to run the C++ preprocessor... g++ -E
checking for ld used by g++... /Library/Developer/CommandLineTools/usr/bin/ld
checking if the linker (/Library/Developer/CommandLineTools/usr/bin/ld) is GNU ld... no
checking whether the g++ linker (/Library/Developer/CommandLineTools/usr/bin/ld) supports shared libraries... yes
checking for g++ option to produce PIC... -fno-common -DPIC
checking if g++ PIC flag -fno-common -DPIC works... yes
checking if g++ static flag -static works... no
checking if g++ supports -c -o file.o... yes
checking if g++ supports -c -o file.o... (cached) yes
checking whether the g++ linker (/Library/Developer/CommandLineTools/usr/bin/ld) supports shared libraries... yes
checking dynamic linker characteristics... darwin25.6.0 dyld
checking how to hardcode library paths into programs... immediate
checking if libtool supports shared libraries... yes
checking whether to build shared libraries... yes
checking whether to build static libraries... no
checking for gfortran option to produce PIC... -fno-common
checking if gfortran PIC flag -fno-common works... yes
checking if gfortran static flag -static works... no
checking if gfortran supports -c -o file.o... yes
checking if gfortran supports -c -o file.o... (cached) yes
checking whether the gfortran linker (/Library/Developer/CommandLineTools/usr/bin/ld) supports shared libraries... yes
checking dynamic linker characteristics... darwin25.6.0 dyld
checking how to hardcode library paths into programs... immediate
checking for sin in -lm... yes
checking for dlopen in -ldl... yes
checking for dirent.h that defines DIR... yes
checking for library containing opendir... none required
checking for sys/wait.h that is POSIX.1 compatible... yes
checking for dlfcn.h... (cached) yes
checking for fcntl.h... yes
checking for glob.h... yes
checking for grp.h... yes
checking for pwd.h... yes
checking for sched.h... yes
checking for strings.h... (cached) yes
checking for sys/resource.h... yes
checking for sys/select.h... yes
checking for sys/socket.h... yes
checking for sys/stat.h... (cached) yes
checking for sys/time.h... (cached) yes
checking for sys/times.h... yes
checking for sys/utsname.h... yes
checking for unistd.h... (cached) yes
checking for utime.h... yes
checking for arpa/inet.h... yes
checking for elf.h... no
checking for features.h... no
checking for floatingpoint.h... no
checking for langinfo.h... yes
checking for netdb.h... yes
checking for netinet/in.h... yes
checking for sys/param.h... (cached) yes
checking for stdalign.h... yes
checking for errno.h... yes
checking for inttypes.h... (cached) yes
checking for limits.h... yes
checking for locale.h... yes
checking for stdarg.h... yes
checking for stdbool.h... yes
checking for stdint.h... (cached) yes
checking for string.h... (cached) yes
checking for gcc -std=gnu23 options needed to detect all undeclared functions... none needed
checking whether setjmp.h is POSIX.1 compatible... yes
checking whether sigsetjmp is declared... yes
checking whether siglongjmp is declared... yes
checking for egrep -e... (cached) /usr/bin/grep -E
checking for GNU C library with version >= 2... no
checking for uint64_t... yes
checking for int64_t... yes
checking for int_fast64_t... yes
checking for pid_t... yes
checking for size_t... yes
checking whether SIZE_MAX is declared... yes
checking for blkcnt_t... yes
checking for type of socket length... socklen_t *
checking for stack_t... yes
checking for intptr_t... yes
checking for uintptr_t... yes
checking whether byte ordering is bigendian... no
checking for an ANSI C-conforming const... yes
checking for inline... inline
checking size of int... 4
checking size of long... 8
checking size of long long... 8
checking size of double... 8
checking size of size_t... 8
checking for C stack direction... down
checking size of long double... 8
checking whether we can compute C Make dependencies... yes, using $(CC) -MM
checking whether gcc -std=gnu23 supports -c -o FILE.lo... yes
checking for gcc -std=gnu23 option to support OpenMP... unsupported
checking how to get verbose linking output from gfortran... -v
checking for Fortran libraries of gfortran...  -L/usr/local/lib -L/opt/homebrew/Cellar/gcc/16.2.0/bin/../lib/gcc/current/gcc/aarch64-apple-darwin25/16 -L/opt/homebrew/Cellar/gcc/16.2.0/bin/../lib/gcc/current/gcc -L/opt/homebrew/Cellar/gcc/16.2.0/bin/../lib/gcc/current/gcc/aarch64-apple-darwin25/16/../../.. -lemutls_w -lheapt_w -lgfortran -lquadmath
checking how to get verbose linking output from gcc -std=gnu23... -v
checking for C libraries of gcc -std=gnu23...  -lto_library -L/usr/local/lib -lSystem /Library/Developer/CommandLineTools/usr/lib/clang/21/lib/darwin/libclang_rt.osx.a
checking for dummy main to link with Fortran libraries... none
checking for Fortran name-mangling scheme... lower case, underscore, no extra underscore
checking whether gfortran appends underscores to external names... yes
checking whether gfortran appends extra underscores to external names... no
checking whether mixed C/Fortran code can be run... yes
checking whether gfortran and gcc -std=gnu23 agree on int and double... yes
checking whether gfortran and gcc -std=gnu23 agree on double complex... yes
checking for gfortran option to support OpenMP... -fopenmp
checking whether g++ accepts -M for generating dependencies... yes
checking whether we can compute ObjC Make dependencies... yes, using $(OBJC) -MM
checking for ObjC runtime library... 
checking whether gcc accepts -fobjc-exceptions... yes
checking for cached Foundation settings... no
checking whether default Foundation framework works... no
checking whether -framework Foundation works... yes
checking for working Foundation implementation... yes
checking for type of 'hidden' Fortran character lengths... size_t
checking for xmkmf... no
checking whether linker supports dynamic lookup... yes
checking whether g++  supports C++17 features with -std=gnu++17... yes
checking whether g++  supports C++20 features with -std=gnu++20... yes
checking whether g++  supports C++23 features with -std=gnu++23... yes
checking whether g++  supports C++26 features with -std=gnu++26... yes
checking whether g++ -std=gnu++20 can compile ObjC++... yes
checking for Objective C++ compiler... g++ -std=gnu++20
checking for g++ -std=gnu++20 option to support OpenMP... unsupported
checking for option providing pthread_kill... none required
checking whether POSIX threads are supported... yes
checking for off_t... yes
checking for working alloca.h... yes
checking for alloca... yes
checking whether alloca is declared... yes
checking whether expm1 exists and is declared... yes
checking whether hypot exists and is declared... yes
checking whether log1p exists and is declared... yes
checking whether log1pl exists and is declared... yes
checking whether log2 exists and is declared... yes
checking whether log10 exists and is declared... yes
checking whether nearbyint exists and is declared... yes
checking whether nearbyintl exists and is declared... yes
checking whether powl exists and is declared... yes
checking whether rintl exists and is declared... yes
checking whether va_copy exists and is declared... yes
checking for isblank... yes
checking for sunmath.h... no
checking for cospi in -lsunmath... no
checking for atanpi... no
checking for atan2pi... no
checking for cospi... no
checking for exp10... no
checking for pown... no
checking for sinpi... no
checking for tanpi... no
checking for __cospi... yes
checking for __sinpi... yes
checking for __tanpi... yes
checking for fseeko... yes
checking for ftello... yes
checking whether fcntl exists and is declared... yes
checking whether getgrgid exists and is declared... yes
checking whether getpwnam exists and is declared... yes
checking whether getpwuid exists and is declared... yes
checking whether kill exists and is declared... yes
checking whether sigaction exists and is declared... yes
checking whether sigaltstack exists and is declared... yes
checking whether sigemptyset exists and is declared... yes
checking whether fdopen exists and is declared... yes
checking whether popen exists and is declared... yes
checking whether getline exists and is declared... yes
checking whether select exists and is declared... yes
checking whether setenv exists and is declared... yes
checking whether unsetenv exists and is declared... yes
checking whether getrlimit exists and is declared... yes
checking whether setrlimit exists and is declared... yes
checking whether getrusage exists and is declared... yes
checking whether getpriority exists and is declared... yes
checking whether chmod exists and is declared... yes
checking whether mkfifo exists and is declared... yes
checking whether stat exists and is declared... yes
checking whether umask exists and is declared... yes
checking whether gettimeofday exists and is declared... yes
checking whether utimes exists and is declared... yes
checking whether times exists and is declared... yes
checking whether gmtime_r exists and is declared... yes
checking whether localtime_r exists and is declared... yes
checking whether nl_langinfo exists and is declared... yes
checking whether access exists and is declared... yes
checking whether chdir exists and is declared... yes
checking whether execv exists and is declared... yes
checking whether ftruncate exists and is declared... yes
checking whether getcwd exists and is declared... yes
checking whether geteuid exists and is declared... yes
checking whether getuid exists and is declared... yes
checking whether link exists and is declared... yes
checking whether readlink exists and is declared... yes
checking whether symlink exists and is declared... yes
checking whether sysconf exists and is declared... yes
checking whether sched_setaffinity exists and is declared... no
checking whether sched_getaffinity exists and is declared... no
checking whether utime exists and is declared... yes
checking whether utimensat exists and is declared... yes
checking for clock_gettime in -lrt... no
checking whether clock_gettime exists and is declared... yes
checking whether timespec_get exists and is declared... yes
checking for putenv... yes
checking whether putenv is declared... yes
checking for vasprintf... yes
checking whether vasprintf is declared... yes
checking for mempcpy... no
checking for realpath... yes
checking whether realpath is declared... yes
checking whether glob exists and is declared... yes
checking for dladdr... yes
checking for dlsym... yes
checking whether dladdr is declared... yes
checking whether dlsym is declared... yes
checking whether RTLD_DEFAULT is declared... yes
checking whether RTLD_NEXT is declared... yes
checking for thread.h... no
checking whether thr_stksegment exists and is declared... no
checking for stpcpy... yes
checking for isnan... yes
checking whether isfinite is declared... yes
checking whether isnan is declared... yes
checking whether you have IEEE 754 floating-point arithmetic... yes
checking whether putenv("FOO") can unset an environment variable... no
checking whether putenv("FOO=") can unset an environment variable... no
checking for nl_langinfo and CODESET... yes
checking for mkdtemp... yes
checking for strdup... yes
checking for strncasecmp... yes
checking whether mkdtemp is declared... yes
checking whether strdup is declared... yes
checking whether strncasecmp is declared... yes
checking for library containing connect... none required
checking for library containing gethostbyname... none required
checking for working calloc... yes
checking for working isfinite... yes
checking for working log1p... yes
checking whether ftell works correctly on files opened for append... yes
checking for working sigaction... yes
checking whether the base type of an enum can be specified... yes
checking for complex.h... yes
checking for double complex... yes
checking whether C99 double complex is supported... yes
checking whether cabs exists and is declared... yes
checking whether carg exists and is declared... yes
checking whether cexp exists and is declared... yes
checking whether clog exists and is declared... yes
checking whether csqrt exists and is declared... yes
checking whether cpow exists and is declared... yes
checking whether ccos exists and is declared... yes
checking whether csin exists and is declared... yes
checking whether ctan exists and is declared... yes
checking whether cacos exists and is declared... yes
checking whether casin exists and is declared... yes
checking whether catan exists and is declared... yes
checking whether ccosh exists and is declared... yes
checking whether csinh exists and is declared... yes
checking whether ctanh exists and is declared... yes
checking for working ctanh... yes
checking whether 'struct tm' includes tm_zone... yes
checking whether 'struct tm' includes tm_gmtoff... yes
checking for dgemm_ in -llapack... no
checking for ATLAS routines in liblapack... no
checking for dpstrf_ in -llapack... yes
checking for liblapack dependency with both BLAS and LAPACK routines... no
checking if LAPACK version >= 3.9.0... 3.2.1, so no
configure: using internal LAPACK sources
checking for iconv.h... yes
checking for iconv... in libiconv
checking whether iconv accepts "UTF-8", "latin1", "ASCII" and "UCS-*"... yes
checking whether iconv accepts "CP1252"... yes
checking for iconvlist... yes
checking for iconv... yes
checking for iconv declaration... 
         extern size_t iconv (iconv_t cd, char * *inbuf, size_t *inbytesleft, char * *outbuf, size_t *outbytesleft);
checking for wchar.h... (cached) yes
checking for wctype.h... yes
checking whether mbrtowc exists and is declared... yes
checking whether wcrtomb exists and is declared... yes
checking whether wcscoll exists and is declared... yes
checking whether wcsftime exists and is declared... yes
checking whether wcstod exists and is declared... yes
checking whether mbstowcs exists and is declared... yes
checking whether wcstombs exists and is declared... yes
checking whether wctrans exists and is declared... yes
checking whether wctype exists and is declared... yes
checking whether iswctype exists and is declared... yes
checking whether wcwidth exists and is declared... yes
checking whether wcswidth exists and is declared... yes
checking for wctrans_t... yes
checking for mbstate_t... yes
checking for X... disabled
using X11 ... no
checking for CFStringGetSystemEncoding in CoreFoundation framework... -framework CoreFoundation
checking for tclConfig.sh... no
checking for tclConfig.sh in library (sub)directories... no
checking for tkConfig.sh... no
checking for tkConfig.sh in library (sub)directories... no
checking for tcl.h... yes
checking for tk.h... yes
checking for BSD networking... yes
checking for rpc/types.h... yes
checking for rpc/xdr.h... yes
checking for XDR library... none required
checking for XDR support... yes
checking for inflateInit2_ in -lz... yes
checking for zlib.h... yes
checking if zlib version >= 1.2.5... yes
checking whether zlib support suffices... yes
checking for BZ2_bzlibVersion in -lbz2... yes
checking for bzlib.h... yes
checking if bzip2 version >= 1.0.6... yes
checking whether bzip2 support suffices... yes
checking for lzma_version_number in -llzma... yes
checking for lzma.h... no
configure: error: "liblzma library and headers are required"
