* installing *source* package ‘dplyr’ ...
** this is package ‘dplyr’ version ‘1.1.4’
** using staged installation
** libs
using C++ compiler: ‘Apple clang version 21.0.0 (clang-2100.1.1.101)’
using SDK: ‘MacOSX26.5.sdk’
g++ -std=gnu++20 -I"/private/tmp/dta-direct-stage5-minimum-preflight/r460-install/lib/R/include" -DNDEBUG   -I/opt/homebrew/include    -fPIC  -g -O2   -c chop.cpp -o chop.o
g++ -std=gnu++20 -I"/private/tmp/dta-direct-stage5-minimum-preflight/r460-install/lib/R/include" -DNDEBUG   -I/opt/homebrew/include    -fPIC  -g -O2   -c filter.cpp -o filter.o
g++ -std=gnu++20 -I"/private/tmp/dta-direct-stage5-minimum-preflight/r460-install/lib/R/include" -DNDEBUG   -I/opt/homebrew/include    -fPIC  -g -O2   -c funs.cpp -o funs.o
g++ -std=gnu++20 -I"/private/tmp/dta-direct-stage5-minimum-preflight/r460-install/lib/R/include" -DNDEBUG   -I/opt/homebrew/include    -fPIC  -g -O2   -c group_by.cpp -o group_by.o
chop.cpp:17:25: error: use of undeclared identifier 'Rf_allocSExp'
   17 |     SEXP prom = PROTECT(Rf_allocSExp(PROMSXP));
      |                         ^~~~~~~~~~~~
chop.cpp:18:5: error: use of undeclared identifier 'SET_PRENV'
   18 |     SET_PRENV(prom, R_EmptyEnv);
      |     ^~~~~~~~~
filter.cpp:194:3: error: use of undeclared identifier 'Rf_findVarInFrame'
  194 |   DPLYR_MASK_INIT();
      |   ^~~~~~~~~~~~~~~~~
./dplyr.h:128:23: note: expanded from macro 'DPLYR_MASK_INIT'
  128 |   SEXP rows = PROTECT(Rf_findVarInFrame(env_private, dplyr::symbols::rows));                                         \
      |                       ^~~~~~~~~~~~~~~~~
chop.cpp:31:9: error: use of undeclared identifier 'SET_PRCODE'
   31 |         SET_PRCODE(prom, column);
      |         ^~~~~~~~~~
chop.cpp:34:9: error: use of undeclared identifier 'SET_PRCODE'
   34 |         SET_PRCODE(prom, column);
      |         ^~~~~~~~~~
chop.cpp:37:7: error: use of undeclared identifier 'SET_PRCODE'
   37 |       SET_PRCODE(prom, Rf_lafilter.cpp:194:3:ng error: use of undeclared identifier 'Rf_findVarInFrame'
3(dplyr  194 |   DP::funLYR_MASctions:K_INIT(:vec_chop, column, rows));
      |       ^~~~~~~~~~
);
      |   ^~~~~~~~~~~~~~~~~
./dplyr.h:131:25: note: expanded from macro 'DPLYR_MASK_INIT'
  131 |   SEXP caller = PROTECT(Rf_findVarInFrame(env_private, dplyr::symbols::caller));                                     \
      |                         ^~~~~~~~~~~~~~~~~
chop.cpp:40:5: error: use of undeclared identifier 'SET_PRVALUE'
   40 |     SET_PRVALUE(prom, R_UnboundValue);
      |     ^~~~~~~~~~~
chop.cpp:56:25: error: use of undeclared identifier 'Rf_allocSExp'
   56 |     SEXP prom = PROTECT(Rf_allocSExp(PROMSXP));
      |                         ^~~~~~~~~~~~
filter.cpp:194:3: error: use of undeclared identifier 'Rf_findVarInFrame'
  194 |   DPLYR_MASK_INIT();
      |   ^~~~~~~~~~~~~~~~~
./dplyr.h:132:36: note: expanded from macro 'DPLYR_MASK_INIT'
  132 |   SEXP env_mask_bindings = PROTECT(Rf_findVarInFrame(env_private, dplyr::symbols::env_mask_bindings));               \
      |                                    ^~~~~~~~~~~~~~~~~
chop.cpp:57:5: error: use of undeclared identifier 'SET_PRENV'
   57 |     SET_PRENV(prom, R_EmptyEnv);
      |     ^~~~~~~~~
chop.cpp:58:5: error: use of undeclared identifier 'SET_PRCODE'
   58 |     SET_PRCODE(prom, Rf_lang2(dplyr::functions::list, p_data[i]));
      |     ^~~~~~~~~~
filter.cpp:194:3chop.cpp:: error: use of undeclared identifier 'Rf_findVarInFrame'
59:5: error: use of undeclared identifier 'SET_PRVALUE'  194 |   
   59 |  DPLYR   SET_PRVALUE(prom, R_UnboundValue);
      |     ^~~~~~~~~~~
_MASK_INIT();
      |   ^~~~~~~~~~~~~~~~~
./dplyr.h:134:41: note: expanded from macro 'DPLYR_MASK_INIT'
  134 |   SEXP env_current_group_info = PROTECT(Rf_findVarInFrame(env_private, dplyr::symbols::env_current_group_info));     \
      |                                         ^~~~~~~~~~~~~~~~~
filter.cpp:194:3: error: use of undeclared identifier 'Rf_findVarInFrame'
  194chop.cpp:133:25: error: use of undeclared identifier 'Rf_findVarInFrame'
 |   DPL  133 |     SEYR_MASXP prom = PK_INIT(ROTEC);
      | T(Rf_findV  ^~~~~~~~~~~~~~~~~
./dplyr.h:135:arInFra35: note: expanded from macro 'DPLYR_MASK_INIT'
me(  135 |   env, SEXP curname));rent_
      |                         ^~~~~~~~~~~~~~~~~
group_id = PROTECT(Rf_findVarInFrame(env_current_group_info, dplyr::symbols::current_group_id));      \
      |                                   ^~~~~~~~~~~~~~~~~
chop.cpp:134:42: error: use of undeclared identifier 'PRVALUE'
  134 |     SEXP val = TYPEOF(prom) == PROMSXP ? PRVALUE(prom) : prom;
      |                                          ^~~~~~~
12 errors generated.
filter.cpp:194:3: error: use of undeclared identifier 'Rf_findVarInFrame'
  194 |   DPLYR_MASK_INIT();
      |   ^~~~~~~~~~~~~~~~~
./dplyr.h:138:37: note: expanded from macro 'DPLYR_MASK_INIT'
  138 |   SEXP current_group_size = PROTECT(Rf_findVarInFrame(env_current_group_info, dplyr::symbols::current_group_size));  \
      |                                     ^~~~~~~~~~~~~~~~~
6 errors generated.
make: *** [chop.o] Error 1
make: *** Waiting for unfinished jobs....
make: *** [filter.o] Error 1
ERROR: compilation failed for package ‘dplyr’
* removing ‘/private/tmp/dta-direct-stage5-minimum-preflight/r460-dplyr-libraries/1.1.4/dplyr’
