  family operation   rows median_ms r_allocated_bytes
1 direct    rename 100000   0.49733             84056
           family operation   rows median_ms r_allocated_bytes
1 safe_delegation    rename 100000  0.475764             83776
  family operation   rows median_ms r_allocated_bytes
1 direct    select 100000  0.459241             84208
           family operation   rows median_ms r_allocated_bytes
1 safe_delegation    select 100000  0.521602             83928
  family operation   rows median_ms r_allocated_bytes
1 direct  relocate 100000  0.586423             86488
           family operation   rows median_ms r_allocated_bytes
1 safe_delegation  relocate 100000  0.574902             86424
  family     operation   rows median_ms r_allocated_bytes
1 direct pipeline_five 100000  2.754585            422240
           family     operation   rows median_ms r_allocated_bytes
1 safe_delegation pipeline_five 100000  1.422085             98248
  family operation    rows median_ms r_allocated_bytes
1 direct    rename 1000000  0.491057             84056
           family operation    rows median_ms r_allocated_bytes
1 safe_delegation    rename 1000000  0.478429             83776
  family operation    rows median_ms r_allocated_bytes
1 direct    select 1000000   0.46207             84208
           family operation    rows median_ms r_allocated_bytes
1 safe_delegation    select 1000000  0.491467             83928
  family operation    rows median_ms r_allocated_bytes
1 direct  relocate 1000000  0.585193             86488
           family operation    rows median_ms r_allocated_bytes
1 safe_delegation  relocate 1000000  0.574779             86424
  family     operation    rows median_ms r_allocated_bytes
1 direct pipeline_five 1000000  2.785499            422240
           family     operation    rows median_ms r_allocated_bytes
1 safe_delegation pipeline_five 1000000  1.379199             98248
  family operation   rows median_ms r_allocated_bytes
1   read       sum 100000  0.137965                 0
  family operation   rows median_ms r_allocated_bytes
1   read      mean 100000  0.135218                 0
  family operation   rows median_ms r_allocated_bytes
1   read     range 100000  0.676582           1600096
  family       operation   rows median_ms r_allocated_bytes
1   read coercion_double 100000  0.012136                 0
  family        operation   rows median_ms r_allocated_bytes
1   read coercion_integer 100000  0.058138            400048
  family         operation   rows median_ms r_allocated_bytes
1   read export_data_frame 100000  0.130626                 0
  family     operation   rows median_ms r_allocated_bytes
1   read export_tibble 100000  0.121729                 0
  family  operation   rows median_ms r_allocated_bytes
1   read arithmetic 100000  1.703755          15601768
  family         operation   rows median_ms r_allocated_bytes
1   read mutate_arithmetic 100000  2.394113          15684520
  family   operation   rows median_ms r_allocated_bytes
1   read filter_half 100000  3.625179           5083096
  family  operation   rows median_ms r_allocated_bytes
1   read row_subset 100000  0.906674           4690168
  family operation   rows median_ms r_allocated_bytes
1   read  read_dta 100000  2.565329           6481168
  family operation   rows median_ms r_allocated_bytes
1   read write_dta 100000  2.009697              2552
  family  operation   rows median_ms r_allocated_bytes
1   read read_arrow 100000  1.903794           6481168
  family   operation   rows median_ms r_allocated_bytes
1   read write_arrow 100000  10.98009              1680
  family operation    rows median_ms r_allocated_bytes
1   read       sum 1000000  1.121678                 0
  family operation    rows median_ms r_allocated_bytes
1   read      mean 1000000  1.144187                 0
  family operation    rows median_ms r_allocated_bytes
1   read     range 1000000  7.122889          16000096
  family       operation    rows median_ms r_allocated_bytes
1   read coercion_double 1000000  0.011767                 0
  family        operation    rows median_ms r_allocated_bytes
1   read coercion_integer 1000000  0.451287           4000048
  family         operation    rows median_ms r_allocated_bytes
1   read export_data_frame 1000000   0.13079                 0
  family     operation    rows median_ms r_allocated_bytes
1   read export_tibble 1000000  0.126116                 0
  family  operation    rows median_ms r_allocated_bytes
1   read arithmetic 1000000  17.72127         156001768
  family         operation    rows median_ms r_allocated_bytes
1   read mutate_arithmetic 1000000  18.77021         156084520
  family   operation    rows median_ms r_allocated_bytes
1   read filter_half 1000000  27.10965          50083096
  family  operation    rows median_ms r_allocated_bytes
1   read row_subset 1000000  5.261079          46090168
  family operation    rows median_ms r_allocated_bytes
1   read  read_dta 1000000  4.810735          64081168
  family operation    rows median_ms r_allocated_bytes
1   read write_dta 1000000  12.53378              2552
  family  operation    rows median_ms r_allocated_bytes
1   read read_arrow 1000000  13.72918          64081168
  family   operation    rows median_ms r_allocated_bytes
1   read write_arrow 1000000   46.9416              1680
All baseline operation, source preservation and captured-mask checks passed.
