  family operation   rows median_ms r_allocated_bytes
1 direct    rename 100000  0.717049          12844648
           family operation   rows median_ms r_allocated_bytes
1 safe_delegation    rename 100000  0.650793          12844368
  family operation   rows median_ms r_allocated_bytes
1 direct    select 100000  0.641486          12844800
           family operation   rows median_ms r_allocated_bytes
1 safe_delegation    select 100000  0.671908          12844520
  family operation   rows median_ms r_allocated_bytes
1 direct  relocate 100000  0.768873          12847080
           family operation   rows median_ms r_allocated_bytes
1 safe_delegation  relocate 100000    0.7585          12847016
  family     operation   rows median_ms r_allocated_bytes
1 direct pipeline_five 100000  4.710736          63425152
           family     operation   rows median_ms r_allocated_bytes
1 safe_delegation pipeline_five 100000  1.614457          12858840
  family operation    rows median_ms r_allocated_bytes
1 direct    rename 1000000  2.271318         128044648
           family operation    rows median_ms r_allocated_bytes
1 safe_delegation    rename 1000000  2.191327         128044368
  family operation    rows median_ms r_allocated_bytes
1 direct    select 1000000  2.172262         128044800
           family operation    rows median_ms r_allocated_bytes
1 safe_delegation    select 1000000  2.174968         128044520
  family operation    rows median_ms r_allocated_bytes
1 direct  relocate 1000000  2.637284         128047080
           family operation    rows median_ms r_allocated_bytes
1 safe_delegation  relocate 1000000  2.399648         128047016
  family     operation    rows median_ms r_allocated_bytes
1 direct pipeline_five 1000000  27.59005         632225152
           family     operation    rows median_ms r_allocated_bytes
1 safe_delegation pipeline_five 1000000  3.099764         128058840
  family operation   rows median_ms r_allocated_bytes
1   read       sum 100000  0.139441            800048
  family operation   rows median_ms r_allocated_bytes
1   read      mean 100000  0.134234            800048
  family operation   rows median_ms r_allocated_bytes
1   read     range 100000  0.672154           1600096
  family       operation   rows median_ms r_allocated_bytes
1   read coercion_double 100000  0.021976            800048
  family        operation   rows median_ms r_allocated_bytes
1   read coercion_integer 100000  0.068429           1200096
  family         operation   rows median_ms r_allocated_bytes
1   read export_data_frame 100000  0.128207                 0
  family     operation   rows median_ms r_allocated_bytes
1   read export_tibble 100000  0.210904           6400384
  family  operation   rows median_ms r_allocated_bytes
1   read arithmetic 100000  1.699655          16401816
  family         operation   rows median_ms r_allocated_bytes
1   read mutate_arithmetic 100000  2.544214          25244984
  family   operation   rows median_ms r_allocated_bytes
1   read filter_half 100000  7.964947          72255016
  family  operation   rows median_ms r_allocated_bytes
1   read row_subset 100000  0.908396           4650056
  family operation   rows median_ms r_allocated_bytes
1   read  read_dta 100000  2.736832          19241544
  family operation   rows median_ms r_allocated_bytes
1   read write_dta 100000  2.034174              2552
  family  operation   rows median_ms r_allocated_bytes
1   read read_arrow 100000  1.983129          12841160
  family   operation   rows median_ms r_allocated_bytes
1   read write_arrow 100000  11.10956              1680
  family operation    rows median_ms r_allocated_bytes
1   read       sum 1000000  1.215363           8000048
  family operation    rows median_ms r_allocated_bytes
1   read      mean 1000000  1.242259           8000048
  family operation    rows median_ms r_allocated_bytes
1   read     range 1000000  7.019938          16000096
  family       operation    rows median_ms r_allocated_bytes
1   read coercion_double 1000000  0.110167           8000048
  family        operation    rows median_ms r_allocated_bytes
1   read coercion_integer 1000000  0.554238          12000096
  family         operation    rows median_ms r_allocated_bytes
1   read export_data_frame 1000000  0.128822                 0
  family     operation    rows median_ms r_allocated_bytes
1   read export_tibble 1000000  0.950749          64000384
  family  operation    rows median_ms r_allocated_bytes
1   read arithmetic 1000000  17.84603         164001816
  family         operation    rows median_ms r_allocated_bytes
1   read mutate_arithmetic 1000000  20.32497         252044984
  family   operation    rows median_ms r_allocated_bytes
1   read filter_half 1000000  67.31946         722055016
  family  operation    rows median_ms r_allocated_bytes
1   read row_subset 1000000  5.184163          46050056
  family operation    rows median_ms r_allocated_bytes
1   read  read_dta 1000000  7.080659         192041544
  family operation    rows median_ms r_allocated_bytes
1   read write_dta 1000000  12.10546              2552
  family  operation    rows median_ms r_allocated_bytes
1   read read_arrow 1000000  14.89579         128041160
  family   operation    rows median_ms r_allocated_bytes
1   read write_arrow 1000000  48.99734              1680
All baseline operation, source preservation and captured-mask checks passed.
