Loading required package: dplyr

Attaching package: ‘dplyr’

The following objects are masked from ‘package:stats’:

    filter, lag

The following objects are masked from ‘package:base’:

    intersect, setdiff, setequal, union

Loading required package: pillar

Attaching package: ‘pillar’

The following object is masked from ‘package:dplyr’:

    dim_desc

Loading required package: readr
Loading required package: rlang
Loading required package: tibble
Loading required package: tidyselect
Loading required package: vctrs

Attaching package: ‘vctrs’

The following object is masked from ‘package:tibble’:

    data_frame

The following object is masked from ‘package:dplyr’:

    data_frame

✖ Skipping NAMESPACE
  (<file:///private/tmp/dta-direct-stage5-validation/implementation/package-final-01/source/r-package/dtatools/NAMESPACE>)
ℹ It already exists and was not generated by roxygen2.
✖ Skipping read_dta.Rd
  (<file:///private/tmp/dta-direct-stage5-validation/implementation/package-final-01/source/r-package/dtatools/man/read_dta.Rd>)
ℹ It already exists and was not generated by roxygen2.
✖ Skipping recode.Rd
  (<file:///private/tmp/dta-direct-stage5-validation/implementation/package-final-01/source/r-package/dtatools/man/recode.Rd>)
ℹ It already exists and was not generated by roxygen2.
