* installing *source* package ‘dtatools’ ...
** this is package ‘dtatools’ version ‘0.7.1’
** using staged installation
rustc 1.98.0 (88d9e12ae 2026-08-18) (Homebrew)
** libs
using C compiler: ‘Apple clang version 21.0.0 (clang-2100.1.1.101)’
using SDK: ‘MacOSX26.5.sdk’
clang -std=gnu23 -I"/opt/homebrew/Cellar/r/4.6.1/lib/R/include" -DNDEBUG   -I/opt/homebrew/opt/gettext/include -I/opt/homebrew/opt/readline/include -I/opt/homebrew/opt/xz/include -I/opt/homebrew/include -I/opt/homebrew/include -DTBB_INTERFACE_NEW=1    -fPIC  -g -O2  -c init.c -o init.o
clang -std=gnu23 -dynamiclib -Wl,-headerpad_max_install_names -undefined dynamic_lookup -L/opt/homebrew/Cellar/r/4.6.1/lib/R/lib -L/opt/homebrew/opt/gettext/lib -L/opt/homebrew/opt/readline/lib -L/opt/homebrew/opt/xz/lib -L/opt/homebrew/lib -L/opt/homebrew/lib -o dtatools.so init.o rust/target/7c2b5b75090a7f45b6bcfa08922c7793/release/libdtatools_r.a -liconv -framework CoreFoundation -framework Security -L/opt/homebrew/Cellar/r/4.6.1/lib/R/lib -lR
ld: warning: object file (/private/tmp/dta-direct-stage4/r-package/dtatools/src/rust/target/7c2b5b75090a7f45b6bcfa08922c7793/release/libdtatools_r.a[209](44ff4c55aa9e5133-entropy_common.o)) was built for newer 'macOS' version (26.5) than being linked (26.0)
ld: warning: object file (/private/tmp/dta-direct-stage4/r-package/dtatools/src/rust/target/7c2b5b75090a7f45b6bcfa08922c7793/release/libdtatools_r.a[210](44ff4c55aa9e5133-error_private.o)) was built for newer 'macOS' version (26.5) than being linked (26.0)
ld: warning: object file (/private/tmp/dta-direct-stage4/r-package/dtatools/src/rust/target/7c2b5b75090a7f45b6bcfa08922c7793/release/libdtatools_r.a[211](44ff4c55aa9e5133-fse_decompress.o)) was built for newer 'macOS' version (26.5) than being linked (26.0)
ld: warning: object file (/private/tmp/dta-direct-stage4/r-package/dtatools/src/rust/target/7c2b5b75090a7f45b6bcfa08922c7793/release/libdtatools_r.a[214](44ff4c55aa9e5133-zstd_common.o)) was built for newer 'macOS' version (26.5) than being linked (26.0)
ld: warning: object file (/private/tmp/dta-direct-stage4/r-package/dtatools/src/rust/target/7c2b5b75090a7f45b6bcfa08922c7793/release/libdtatools_r.a[215](fb80479a5fb81f6a-fse_compress.o)) was built for newer 'macOS' version (26.5) than being linked (26.0)
ld: warning: object file (/private/tmp/dta-direct-stage4/r-package/dtatools/src/rust/target/7c2b5b75090a7f45b6bcfa08922c7793/release/libdtatools_r.a[216](fb80479a5fb81f6a-hist.o)) was built for newer 'macOS' version (26.5) than being linked (26.0)
ld: warning: object file (/private/tmp/dta-direct-stage4/r-package/dtatools/src/rust/target/7c2b5b75090a7f45b6bcfa08922c7793/release/libdtatools_r.a[217](fb80479a5fb81f6a-huf_compress.o)) was built for newer 'macOS' version (26.5) than being linked (26.0)
ld: warning: object file (/private/tmp/dta-direct-stage4/r-package/dtatools/src/rust/target/7c2b5b75090a7f45b6bcfa08922c7793/release/libdtatools_r.a[218](fb80479a5fb81f6a-zstd_compress.o)) was built for newer 'macOS' version (26.5) than being linked (26.0)
ld: warning: object file (/private/tmp/dta-direct-stage4/r-package/dtatools/src/rust/target/7c2b5b75090a7f45b6bcfa08922c7793/release/libdtatools_r.a[219](fb80479a5fb81f6a-zstd_compress_literals.o)) was built for newer 'macOS' version (26.5) than being linked (26.0)
ld: warning: object file (/private/tmp/dta-direct-stage4/r-package/dtatools/src/rust/target/7c2b5b75090a7f45b6bcfa08922c7793/release/libdtatools_r.a[220](fb80479a5fb81f6a-zstd_compress_sequences.o)) was built for newer 'macOS' version (26.5) than being linked (26.0)
ld: warning: object file (/private/tmp/dta-direct-stage4/r-package/dtatools/src/rust/target/7c2b5b75090a7f45b6bcfa08922c7793/release/libdtatools_r.a[221](fb80479a5fb81f6a-zstd_compress_superblock.o)) was built for newer 'macOS' version (26.5) than being linked (26.0)
ld: warning: object file (/private/tmp/dta-direct-stage4/r-package/dtatools/src/rust/target/7c2b5b75090a7f45b6bcfa08922c7793/release/libdtatools_r.a[222](fb80479a5fb81f6a-zstd_double_fast.o)) was built for newer 'macOS' version (26.5) than being linked (26.0)
ld: warning: object file (/private/tmp/dta-direct-stage4/r-package/dtatools/src/rust/target/7c2b5b75090a7f45b6bcfa08922c7793/release/libdtatools_r.a[223](fb80479a5fb81f6a-zstd_fast.o)) was built for newer 'macOS' version (26.5) than being linked (26.0)
ld: warning: object file (/private/tmp/dta-direct-stage4/r-package/dtatools/src/rust/target/7c2b5b75090a7f45b6bcfa08922c7793/release/libdtatools_r.a[224](fb80479a5fb81f6a-zstd_lazy.o)) was built for newer 'macOS' version (26.5) than being linked (26.0)
ld: warning: object file (/private/tmp/dta-direct-stage4/r-package/dtatools/src/rust/target/7c2b5b75090a7f45b6bcfa08922c7793/release/libdtatools_r.a[225](fb80479a5fb81f6a-zstd_ldm.o)) was built for newer 'macOS' version (26.5) than being linked (26.0)
ld: warning: object file (/private/tmp/dta-direct-stage4/r-package/dtatools/src/rust/target/7c2b5b75090a7f45b6bcfa08922c7793/release/libdtatools_r.a[226](fb80479a5fb81f6a-zstd_opt.o)) was built for newer 'macOS' version (26.5) than being linked (26.0)
ld: warning: object file (/private/tmp/dta-direct-stage4/r-package/dtatools/src/rust/target/7c2b5b75090a7f45b6bcfa08922c7793/release/libdtatools_r.a[227](fb80479a5fb81f6a-zstd_preSplit.o)) was built for newer 'macOS' version (26.5) than being linked (26.0)
ld: warning: object file (/private/tmp/dta-direct-stage4/r-package/dtatools/src/rust/target/7c2b5b75090a7f45b6bcfa08922c7793/release/libdtatools_r.a[229](88f362f13b0528ed-huf_decompress.o)) was built for newer 'macOS' version (26.5) than being linked (26.0)
ld: warning: object file (/private/tmp/dta-direct-stage4/r-package/dtatools/src/rust/target/7c2b5b75090a7f45b6bcfa08922c7793/release/libdtatools_r.a[230](88f362f13b0528ed-zstd_ddict.o)) was built for newer 'macOS' version (26.5) than being linked (26.0)
ld: warning: object file (/private/tmp/dta-direct-stage4/r-package/dtatools/src/rust/target/7c2b5b75090a7f45b6bcfa08922c7793/release/libdtatools_r.a[231](88f362f13b0528ed-zstd_decompress.o)) was built for newer 'macOS' version (26.5) than being linked (26.0)
ld: warning: object file (/private/tmp/dta-direct-stage4/r-package/dtatools/src/rust/target/7c2b5b75090a7f45b6bcfa08922c7793/release/libdtatools_r.a[232](88f362f13b0528ed-zstd_decompress_block.o)) was built for newer 'macOS' version (26.5) than being linked (26.0)
ld: warning: object file (/private/tmp/dta-direct-stage4/r-package/dtatools/src/rust/target/7c2b5b75090a7f45b6bcfa08922c7793/release/libdtatools_r.a[237](3f451b2306bc13c8-zstd_v01.o)) was built for newer 'macOS' version (26.5) than being linked (26.0)
ld: warning: object file (/private/tmp/dta-direct-stage4/r-package/dtatools/src/rust/target/7c2b5b75090a7f45b6bcfa08922c7793/release/libdtatools_r.a[238](3f451b2306bc13c8-zstd_v02.o)) was built for newer 'macOS' version (26.5) than being linked (26.0)
ld: warning: object file (/private/tmp/dta-direct-stage4/r-package/dtatools/src/rust/target/7c2b5b75090a7f45b6bcfa08922c7793/release/libdtatools_r.a[239](3f451b2306bc13c8-zstd_v03.o)) was built for newer 'macOS' version (26.5) than being linked (26.0)
ld: warning: object file (/private/tmp/dta-direct-stage4/r-package/dtatools/src/rust/target/7c2b5b75090a7f45b6bcfa08922c7793/release/libdtatools_r.a[240](3f451b2306bc13c8-zstd_v04.o)) was built for newer 'macOS' version (26.5) than being linked (26.0)
ld: warning: object file (/private/tmp/dta-direct-stage4/r-package/dtatools/src/rust/target/7c2b5b75090a7f45b6bcfa08922c7793/release/libdtatools_r.a[241](3f451b2306bc13c8-zstd_v05.o)) was built for newer 'macOS' version (26.5) than being linked (26.0)
ld: warning: object file (/private/tmp/dta-direct-stage4/r-package/dtatools/src/rust/target/7c2b5b75090a7f45b6bcfa08922c7793/release/libdtatools_r.a[242](3f451b2306bc13c8-zstd_v06.o)) was built for newer 'macOS' version (26.5) than being linked (26.0)
ld: warning: object file (/private/tmp/dta-direct-stage4/r-package/dtatools/src/rust/target/7c2b5b75090a7f45b6bcfa08922c7793/release/libdtatools_r.a[243](3f451b2306bc13c8-zstd_v07.o)) was built for newer 'macOS' version (26.5) than being linked (26.0)
installing to /private/tmp/dta-direct-stage4-validation/working-library/00LOCK-dtatools/00new/dtatools/libs
** R
** inst
** byte-compile and prepare package for lazy loading
** help
*** installing help indices
** building package indices
** testing if installed package can be loaded from temporary location
** checking absolute paths in shared objects and dynamic libraries
** testing if installed package can be loaded from final location
** testing if installed package keeps a record of temporary installation path
* DONE (dtatools)
