
══ Testing test-owned-atoms.R ══════════════════════════════════════════════════

[ FAIL 0 | WARN 0 | SKIP 0 | PASS 0 ]
[ FAIL 0 | WARN 0 | SKIP 0 | PASS 1 ]
[ FAIL 0 | WARN 0 | SKIP 0 | PASS 2 ]
[ FAIL 0 | WARN 0 | SKIP 0 | PASS 3 ]
[ FAIL 0 | WARN 0 | SKIP 0 | PASS 4 ]
[ FAIL 0 | WARN 0 | SKIP 0 | PASS 5 ]
[ FAIL 0 | WARN 0 | SKIP 0 | PASS 6 ]
[ FAIL 0 | WARN 0 | SKIP 0 | PASS 7 ]
[ FAIL 0 | WARN 0 | SKIP 0 | PASS 8 ]
[ FAIL 0 | WARN 0 | SKIP 0 | PASS 9 ]
[ FAIL 0 | WARN 0 | SKIP 0 | PASS 10 ]
[ FAIL 0 | WARN 0 | SKIP 0 | PASS 11 ]
[ FAIL 0 | WARN 0 | SKIP 0 | PASS 12 ]
[ FAIL 0 | WARN 0 | SKIP 0 | PASS 13 ]
[ FAIL 0 | WARN 0 | SKIP 0 | PASS 14 ]
[ FAIL 0 | WARN 0 | SKIP 0 | PASS 15 ]
[ FAIL 0 | WARN 0 | SKIP 0 | PASS 16 ]
[ FAIL 0 | WARN 0 | SKIP 0 | PASS 17 ]
[ FAIL 0 | WARN 0 | SKIP 0 | PASS 18 ]
[ FAIL 0 | WARN 0 | SKIP 0 | PASS 19 ]
[ FAIL 0 | WARN 0 | SKIP 0 | PASS 20 ]
[ FAIL 0 | WARN 0 | SKIP 0 | PASS 21 ]
[ FAIL 0 | WARN 0 | SKIP 0 | PASS 22 ]
[ FAIL 0 | WARN 0 | SKIP 0 | PASS 23 ]
[ FAIL 0 | WARN 0 | SKIP 0 | PASS 24 ]
[ FAIL 0 | WARN 0 | SKIP 0 | PASS 25 ]
[ FAIL 0 | WARN 0 | SKIP 0 | PASS 26 ]
[ FAIL 0 | WARN 0 | SKIP 0 | PASS 27 ]
[ FAIL 0 | WARN 0 | SKIP 0 | PASS 28 ]
[ FAIL 0 | WARN 0 | SKIP 0 | PASS 29 ]
[ FAIL 0 | WARN 0 | SKIP 0 | PASS 30 ]
[ FAIL 0 | WARN 0 | SKIP 0 | PASS 31 ]
[ FAIL 0 | WARN 0 | SKIP 0 | PASS 32 ]
[ FAIL 0 | WARN 0 | SKIP 0 | PASS 33 ]
[ FAIL 0 | WARN 0 | SKIP 0 | PASS 34 ]
[ FAIL 0 | WARN 0 | SKIP 0 | PASS 35 ]
[ FAIL 0 | WARN 0 | SKIP 0 | PASS 36 ]
[ FAIL 0 | WARN 0 | SKIP 0 | PASS 37 ]
[ FAIL 0 | WARN 0 | SKIP 0 | PASS 38 ]
[ FAIL 0 | WARN 0 | SKIP 0 | PASS 39 ]
[ FAIL 0 | WARN 0 | SKIP 0 | PASS 40 ]
[ FAIL 0 | WARN 0 | SKIP 0 | PASS 41 ]
[ FAIL 0 | WARN 0 | SKIP 0 | PASS 42 ]
[ FAIL 0 | WARN 0 | SKIP 0 | PASS 43 ]
[ FAIL 0 | WARN 0 | SKIP 0 | PASS 44 ]
[ FAIL 0 | WARN 0 | SKIP 0 | PASS 45 ]
[ FAIL 0 | WARN 0 | SKIP 0 | PASS 46 ]
[ FAIL 0 | WARN 0 | SKIP 0 | PASS 47 ]
[ FAIL 0 | WARN 0 | SKIP 0 | PASS 48 ]
[ FAIL 0 | WARN 0 | SKIP 0 | PASS 49 ]
[ FAIL 0 | WARN 0 | SKIP 0 | PASS 50 ]
[ FAIL 0 | WARN 0 | SKIP 0 | PASS 51 ]
[ FAIL 0 | WARN 0 | SKIP 0 | PASS 52 ]
[ FAIL 0 | WARN 0 | SKIP 0 | PASS 53 ]
[ FAIL 0 | WARN 0 | SKIP 0 | PASS 54 ]
[ FAIL 0 | WARN 0 | SKIP 0 | PASS 55 ]
[ FAIL 0 | WARN 0 | SKIP 0 | PASS 56 ]
[ FAIL 0 | WARN 0 | SKIP 0 | PASS 57 ]
[ FAIL 0 | WARN 0 | SKIP 0 | PASS 58 ]
[ FAIL 0 | WARN 0 | SKIP 0 | PASS 59 ]
[ FAIL 0 | WARN 0 | SKIP 0 | PASS 60 ]
[ FAIL 0 | WARN 0 | SKIP 0 | PASS 61 ]
[ FAIL 0 | WARN 0 | SKIP 0 | PASS 62 ]
[ FAIL 0 | WARN 0 | SKIP 0 | PASS 63 ]
[ FAIL 0 | WARN 0 | SKIP 0 | PASS 64 ]
[ FAIL 0 | WARN 0 | SKIP 0 | PASS 65 ]
[ FAIL 0 | WARN 0 | SKIP 0 | PASS 66 ]
[ FAIL 0 | WARN 0 | SKIP 0 | PASS 67 ]
[ FAIL 0 | WARN 0 | SKIP 0 | PASS 68 ]
[ FAIL 0 | WARN 0 | SKIP 0 | PASS 69 ]
[ FAIL 0 | WARN 0 | SKIP 0 | PASS 70 ]
[ FAIL 0 | WARN 0 | SKIP 0 | PASS 71 ]
[ FAIL 0 | WARN 0 | SKIP 0 | PASS 72 ]
[ FAIL 0 | WARN 0 | SKIP 0 | PASS 73 ]
[ FAIL 0 | WARN 0 | SKIP 0 | PASS 74 ]
[ FAIL 0 | WARN 0 | SKIP 0 | PASS 75 ]
[ FAIL 0 | WARN 0 | SKIP 0 | PASS 76 ]
[ FAIL 0 | WARN 0 | SKIP 0 | PASS 77 ]
[ FAIL 0 | WARN 0 | SKIP 0 | PASS 78 ]
[ FAIL 0 | WARN 0 | SKIP 0 | PASS 79 ]
[ FAIL 0 | WARN 0 | SKIP 0 | PASS 80 ]
[ FAIL 0 | WARN 0 | SKIP 0 | PASS 81 ]
[ FAIL 0 | WARN 0 | SKIP 0 | PASS 82 ]
[ FAIL 0 | WARN 0 | SKIP 0 | PASS 83 ]
[ FAIL 0 | WARN 0 | SKIP 0 | PASS 84 ]
[ FAIL 0 | WARN 0 | SKIP 0 | PASS 85 ]
[ FAIL 0 | WARN 0 | SKIP 0 | PASS 86 ]
[ FAIL 0 | WARN 0 | SKIP 0 | PASS 87 ]
[ FAIL 0 | WARN 0 | SKIP 0 | PASS 88 ]
[ FAIL 0 | WARN 0 | SKIP 0 | PASS 89 ]
[ FAIL 0 | WARN 0 | SKIP 0 | PASS 90 ]
[ FAIL 0 | WARN 0 | SKIP 0 | PASS 91 ]
[ FAIL 0 | WARN 0 | SKIP 0 | PASS 92 ]
[ FAIL 0 | WARN 0 | SKIP 0 | PASS 93 ]
[ FAIL 0 | WARN 0 | SKIP 0 | PASS 94 ]
[ FAIL 0 | WARN 0 | SKIP 0 | PASS 95 ]
[ FAIL 0 | WARN 0 | SKIP 0 | PASS 96 ]
[ FAIL 0 | WARN 0 | SKIP 0 | PASS 97 ]
[ FAIL 0 | WARN 0 | SKIP 0 | PASS 98 ]
[ FAIL 0 | WARN 0 | SKIP 0 | PASS 99 ]
[ FAIL 0 | WARN 0 | SKIP 0 | PASS 100 ]
[ FAIL 0 | WARN 0 | SKIP 0 | PASS 101 ]
[ FAIL 0 | WARN 0 | SKIP 0 | PASS 102 ]
[ FAIL 0 | WARN 0 | SKIP 0 | PASS 103 ]
[ FAIL 0 | WARN 0 | SKIP 0 | PASS 104 ]
[ FAIL 0 | WARN 0 | SKIP 0 | PASS 105 ]
[ FAIL 0 | WARN 0 | SKIP 0 | PASS 106 ]
[ FAIL 0 | WARN 0 | SKIP 0 | PASS 107 ]
[ FAIL 0 | WARN 0 | SKIP 0 | PASS 108 ]
[ FAIL 0 | WARN 0 | SKIP 0 | PASS 109 ]
[ FAIL 0 | WARN 0 | SKIP 0 | PASS 110 ]
[ FAIL 0 | WARN 0 | SKIP 0 | PASS 111 ]
[ FAIL 0 | WARN 0 | SKIP 0 | PASS 112 ]
[ FAIL 0 | WARN 0 | SKIP 0 | PASS 113 ]
[ FAIL 0 | WARN 0 | SKIP 0 | PASS 114 ]
[ FAIL 0 | WARN 0 | SKIP 0 | PASS 115 ]
[ FAIL 0 | WARN 0 | SKIP 0 | PASS 116 ]
[ FAIL 0 | WARN 0 | SKIP 0 | PASS 117 ]
[ FAIL 0 | WARN 0 | SKIP 0 | PASS 118 ]
[ FAIL 0 | WARN 0 | SKIP 0 | PASS 119 ]
[ FAIL 0 | WARN 0 | SKIP 0 | PASS 120 ]
[ FAIL 0 | WARN 0 | SKIP 0 | PASS 121 ]
[ FAIL 0 | WARN 0 | SKIP 0 | PASS 122 ]
[ FAIL 0 | WARN 0 | SKIP 0 | PASS 123 ]
[ FAIL 0 | WARN 0 | SKIP 0 | PASS 124 ]
[ FAIL 0 | WARN 0 | SKIP 0 | PASS 125 ]
[ FAIL 0 | WARN 0 | SKIP 0 | PASS 126 ]
[ FAIL 0 | WARN 0 | SKIP 0 | PASS 127 ]
[ FAIL 0 | WARN 0 | SKIP 0 | PASS 128 ]
[ FAIL 0 | WARN 0 | SKIP 0 | PASS 129 ]
[ FAIL 0 | WARN 0 | SKIP 0 | PASS 130 ]
[ FAIL 0 | WARN 0 | SKIP 0 | PASS 131 ]
[ FAIL 0 | WARN 0 | SKIP 0 | PASS 132 ]
[ FAIL 0 | WARN 0 | SKIP 0 | PASS 133 ]
[ FAIL 0 | WARN 0 | SKIP 0 | PASS 134 ]
[ FAIL 0 | WARN 0 | SKIP 0 | PASS 135 ]
[ FAIL 0 | WARN 0 | SKIP 0 | PASS 136 ]
[ FAIL 0 | WARN 0 | SKIP 0 | PASS 137 ]
[ FAIL 0 | WARN 0 | SKIP 0 | PASS 138 ]
[ FAIL 0 | WARN 0 | SKIP 0 | PASS 139 ]
[ FAIL 0 | WARN 0 | SKIP 0 | PASS 140 ]
[ FAIL 0 | WARN 0 | SKIP 0 | PASS 141 ]
[ FAIL 0 | WARN 0 | SKIP 0 | PASS 142 ]
[ FAIL 0 | WARN 0 | SKIP 0 | PASS 143 ]
[ FAIL 0 | WARN 0 | SKIP 0 | PASS 144 ]
[ FAIL 0 | WARN 0 | SKIP 0 | PASS 145 ]
[ FAIL 0 | WARN 0 | SKIP 0 | PASS 146 ]
[ FAIL 0 | WARN 0 | SKIP 0 | PASS 147 ]
[ FAIL 0 | WARN 0 | SKIP 0 | PASS 148 ]
[ FAIL 0 | WARN 0 | SKIP 0 | PASS 149 ]
[ FAIL 0 | WARN 0 | SKIP 0 | PASS 150 ]
[ FAIL 0 | WARN 0 | SKIP 0 | PASS 151 ]
[ FAIL 0 | WARN 0 | SKIP 0 | PASS 152 ]
[ FAIL 0 | WARN 0 | SKIP 0 | PASS 153 ]
[ FAIL 0 | WARN 0 | SKIP 0 | PASS 154 ]
[ FAIL 0 | WARN 0 | SKIP 0 | PASS 155 ]
[ FAIL 0 | WARN 0 | SKIP 0 | PASS 156 ]
[ FAIL 0 | WARN 0 | SKIP 0 | PASS 157 ]
[ FAIL 0 | WARN 0 | SKIP 0 | PASS 158 ]
[ FAIL 0 | WARN 0 | SKIP 0 | PASS 159 ]
[ FAIL 0 | WARN 0 | SKIP 0 | PASS 160 ]
[ FAIL 0 | WARN 0 | SKIP 0 | PASS 161 ]
[ FAIL 0 | WARN 0 | SKIP 0 | PASS 162 ]
[ FAIL 0 | WARN 0 | SKIP 0 | PASS 163 ]
[ FAIL 0 | WARN 0 | SKIP 0 | PASS 164 ]
[ FAIL 0 | WARN 0 | SKIP 0 | PASS 165 ]
[ FAIL 0 | WARN 0 | SKIP 0 | PASS 166 ]
[ FAIL 0 | WARN 0 | SKIP 0 | PASS 167 ]
[ FAIL 0 | WARN 0 | SKIP 0 | PASS 168 ]
[ FAIL 0 | WARN 0 | SKIP 0 | PASS 169 ]
[ FAIL 0 | WARN 0 | SKIP 0 | PASS 170 ]
[ FAIL 0 | WARN 0 | SKIP 0 | PASS 171 ]
[ FAIL 0 | WARN 0 | SKIP 0 | PASS 172 ]
[ FAIL 0 | WARN 0 | SKIP 0 | PASS 173 ]
[ FAIL 0 | WARN 0 | SKIP 0 | PASS 174 ]
[ FAIL 0 | WARN 0 | SKIP 0 | PASS 175 ]
[ FAIL 0 | WARN 0 | SKIP 0 | PASS 176 ]
[ FAIL 0 | WARN 0 | SKIP 0 | PASS 177 ]
[ FAIL 0 | WARN 0 | SKIP 0 | PASS 178 ]
[ FAIL 0 | WARN 0 | SKIP 0 | PASS 179 ]
[ FAIL 0 | WARN 0 | SKIP 0 | PASS 180 ]
[ FAIL 0 | WARN 0 | SKIP 0 | PASS 181 ]
[ FAIL 0 | WARN 0 | SKIP 0 | PASS 182 ]
[ FAIL 0 | WARN 0 | SKIP 0 | PASS 183 ]
[ FAIL 0 | WARN 0 | SKIP 0 | PASS 184 ]
[ FAIL 0 | WARN 0 | SKIP 0 | PASS 185 ]
[ FAIL 0 | WARN 0 | SKIP 0 | PASS 186 ]
[ FAIL 0 | WARN 0 | SKIP 0 | PASS 187 ]
[ FAIL 0 | WARN 0 | SKIP 0 | PASS 188 ]
[ FAIL 0 | WARN 0 | SKIP 0 | PASS 189 ]
[ FAIL 0 | WARN 0 | SKIP 0 | PASS 190 ]
[ FAIL 0 | WARN 0 | SKIP 0 | PASS 191 ]
[ FAIL 0 | WARN 0 | SKIP 0 | PASS 192 ]
[ FAIL 0 | WARN 0 | SKIP 0 | PASS 193 ]
[ FAIL 0 | WARN 0 | SKIP 0 | PASS 194 ]
[ FAIL 0 | WARN 0 | SKIP 0 | PASS 195 ]
[ FAIL 0 | WARN 0 | SKIP 0 | PASS 196 ]
[ FAIL 0 | WARN 0 | SKIP 0 | PASS 197 ]
[ FAIL 0 | WARN 0 | SKIP 0 | PASS 198 ]
[ FAIL 0 | WARN 0 | SKIP 0 | PASS 199 ]
[ FAIL 0 | WARN 0 | SKIP 0 | PASS 200 ]
[ FAIL 0 | WARN 0 | SKIP 0 | PASS 201 ]
[ FAIL 0 | WARN 0 | SKIP 0 | PASS 202 ]
[ FAIL 0 | WARN 0 | SKIP 0 | PASS 203 ]
[ FAIL 0 | WARN 0 | SKIP 0 | PASS 204 ]
[ FAIL 0 | WARN 0 | SKIP 0 | PASS 205 ]
[ FAIL 0 | WARN 0 | SKIP 0 | PASS 206 ]
[ FAIL 0 | WARN 0 | SKIP 0 | PASS 207 ]
[ FAIL 0 | WARN 0 | SKIP 0 | PASS 208 ]
[ FAIL 0 | WARN 0 | SKIP 0 | PASS 209 ]
[ FAIL 0 | WARN 0 | SKIP 0 | PASS 210 ]
[ FAIL 0 | WARN 0 | SKIP 0 | PASS 211 ]
[ FAIL 0 | WARN 0 | SKIP 0 | PASS 212 ]
[ FAIL 0 | WARN 0 | SKIP 0 | PASS 213 ]
[ FAIL 0 | WARN 0 | SKIP 0 | PASS 214 ]
[ FAIL 0 | WARN 0 | SKIP 0 | PASS 215 ]
[ FAIL 0 | WARN 0 | SKIP 0 | PASS 216 ]
[ FAIL 0 | WARN 0 | SKIP 0 | PASS 217 ]
[ FAIL 0 | WARN 0 | SKIP 0 | PASS 218 ]
[ FAIL 0 | WARN 0 | SKIP 0 | PASS 219 ]
[ FAIL 0 | WARN 0 | SKIP 0 | PASS 220 ]
[ FAIL 0 | WARN 0 | SKIP 0 | PASS 221 ]
[ FAIL 0 | WARN 0 | SKIP 0 | PASS 222 ]
[ FAIL 0 | WARN 0 | SKIP 0 | PASS 223 ]
[ FAIL 0 | WARN 0 | SKIP 0 | PASS 224 ]
[ FAIL 0 | WARN 0 | SKIP 0 | PASS 225 ]
[ FAIL 0 | WARN 0 | SKIP 0 | PASS 226 ]
[ FAIL 0 | WARN 0 | SKIP 0 | PASS 227 ]
[ FAIL 0 | WARN 0 | SKIP 0 | PASS 228 ]
[ FAIL 0 | WARN 0 | SKIP 0 | PASS 229 ]
[ FAIL 0 | WARN 0 | SKIP 0 | PASS 230 ]
[ FAIL 0 | WARN 0 | SKIP 0 | PASS 231 ]
[ FAIL 0 | WARN 0 | SKIP 0 | PASS 232 ]
[ FAIL 0 | WARN 0 | SKIP 0 | PASS 233 ]
[ FAIL 0 | WARN 0 | SKIP 0 | PASS 234 ]
[ FAIL 0 | WARN 0 | SKIP 0 | PASS 235 ]
[ FAIL 0 | WARN 0 | SKIP 0 | PASS 236 ]
[ FAIL 0 | WARN 0 | SKIP 0 | PASS 237 ]
[ FAIL 0 | WARN 0 | SKIP 0 | PASS 238 ]
[ FAIL 0 | WARN 0 | SKIP 0 | PASS 239 ]
[ FAIL 0 | WARN 0 | SKIP 0 | PASS 240 ]
[ FAIL 0 | WARN 0 | SKIP 0 | PASS 241 ]
[ FAIL 0 | WARN 0 | SKIP 0 | PASS 242 ]
[ FAIL 0 | WARN 0 | SKIP 0 | PASS 243 ]
[ FAIL 0 | WARN 0 | SKIP 0 | PASS 244 ]
[ FAIL 0 | WARN 0 | SKIP 0 | PASS 245 ]
[ FAIL 0 | WARN 0 | SKIP 0 | PASS 246 ]
[ FAIL 0 | WARN 0 | SKIP 0 | PASS 247 ]
[ FAIL 0 | WARN 0 | SKIP 0 | PASS 248 ]
[ FAIL 0 | WARN 0 | SKIP 0 | PASS 249 ]
[ FAIL 0 | WARN 0 | SKIP 0 | PASS 250 ]
[ FAIL 0 | WARN 0 | SKIP 0 | PASS 251 ]
[ FAIL 0 | WARN 0 | SKIP 0 | PASS 252 ]
[ FAIL 0 | WARN 0 | SKIP 0 | PASS 253 ]
[ FAIL 0 | WARN 0 | SKIP 0 | PASS 254 ]
[ FAIL 0 | WARN 0 | SKIP 0 | PASS 255 ]
[ FAIL 0 | WARN 0 | SKIP 0 | PASS 256 ]
[ FAIL 0 | WARN 0 | SKIP 0 | PASS 257 ]
[ FAIL 0 | WARN 0 | SKIP 0 | PASS 258 ]
[ FAIL 0 | WARN 0 | SKIP 0 | PASS 259 ]
[ FAIL 0 | WARN 0 | SKIP 0 | PASS 260 ]
[ FAIL 0 | WARN 0 | SKIP 0 | PASS 261 ]
[ FAIL 0 | WARN 0 | SKIP 0 | PASS 262 ]
[ FAIL 0 | WARN 0 | SKIP 0 | PASS 263 ]
[ FAIL 0 | WARN 0 | SKIP 0 | PASS 264 ]
[ FAIL 0 | WARN 0 | SKIP 0 | PASS 265 ]
[ FAIL 0 | WARN 0 | SKIP 0 | PASS 266 ]
[ FAIL 0 | WARN 0 | SKIP 0 | PASS 267 ]
[ FAIL 0 | WARN 0 | SKIP 0 | PASS 268 ]
[ FAIL 0 | WARN 0 | SKIP 0 | PASS 269 ]
[ FAIL 0 | WARN 0 | SKIP 0 | PASS 270 ]
[ FAIL 0 | WARN 0 | SKIP 0 | PASS 271 ]
[ FAIL 0 | WARN 0 | SKIP 0 | PASS 272 ]
[ FAIL 0 | WARN 0 | SKIP 0 | PASS 273 ]
[ FAIL 0 | WARN 0 | SKIP 0 | PASS 274 ]
[ FAIL 0 | WARN 0 | SKIP 0 | PASS 275 ]
[ FAIL 0 | WARN 0 | SKIP 0 | PASS 276 ]
[ FAIL 0 | WARN 0 | SKIP 0 | PASS 277 ]
[ FAIL 0 | WARN 0 | SKIP 0 | PASS 278 ]
[ FAIL 0 | WARN 0 | SKIP 0 | PASS 279 ]
[ FAIL 0 | WARN 0 | SKIP 0 | PASS 280 ]
[ FAIL 0 | WARN 0 | SKIP 0 | PASS 281 ]
[ FAIL 0 | WARN 0 | SKIP 0 | PASS 282 ]
[ FAIL 0 | WARN 0 | SKIP 0 | PASS 283 ]
[ FAIL 0 | WARN 0 | SKIP 0 | PASS 284 ]
[ FAIL 0 | WARN 0 | SKIP 0 | PASS 285 ]
[ FAIL 0 | WARN 0 | SKIP 0 | PASS 286 ]
[ FAIL 0 | WARN 0 | SKIP 0 | PASS 287 ]
[ FAIL 0 | WARN 0 | SKIP 0 | PASS 288 ]
[ FAIL 0 | WARN 0 | SKIP 0 | PASS 289 ]
[ FAIL 0 | WARN 0 | SKIP 0 | PASS 290 ]
[ FAIL 0 | WARN 0 | SKIP 0 | PASS 291 ]
[ FAIL 0 | WARN 0 | SKIP 0 | PASS 292 ]
[ FAIL 0 | WARN 0 | SKIP 0 | PASS 293 ]
[ FAIL 0 | WARN 0 | SKIP 0 | PASS 294 ]
[ FAIL 0 | WARN 0 | SKIP 0 | PASS 295 ]
[ FAIL 0 | WARN 0 | SKIP 0 | PASS 296 ]
[ FAIL 0 | WARN 0 | SKIP 0 | PASS 297 ]
[ FAIL 0 | WARN 0 | SKIP 0 | PASS 298 ]
[ FAIL 0 | WARN 0 | SKIP 0 | PASS 299 ]
[ FAIL 0 | WARN 0 | SKIP 0 | PASS 300 ]
[ FAIL 0 | WARN 0 | SKIP 0 | PASS 301 ]
[ FAIL 0 | WARN 0 | SKIP 0 | PASS 302 ]
[ FAIL 0 | WARN 0 | SKIP 0 | PASS 303 ]
[ FAIL 0 | WARN 0 | SKIP 0 | PASS 304 ]
[ FAIL 0 | WARN 0 | SKIP 0 | PASS 305 ]
[ FAIL 0 | WARN 0 | SKIP 0 | PASS 306 ]
[ FAIL 0 | WARN 0 | SKIP 0 | PASS 307 ]
[ FAIL 0 | WARN 0 | SKIP 0 | PASS 308 ]
[ FAIL 0 | WARN 0 | SKIP 0 | PASS 309 ]
[ FAIL 0 | WARN 0 | SKIP 0 | PASS 310 ]
[ FAIL 0 | WARN 0 | SKIP 0 | PASS 311 ]
[ FAIL 0 | WARN 0 | SKIP 0 | PASS 312 ]
[ FAIL 0 | WARN 0 | SKIP 0 | PASS 313 ]
[ FAIL 0 | WARN 0 | SKIP 0 | PASS 314 ]
[ FAIL 0 | WARN 0 | SKIP 0 | PASS 315 ]
[ FAIL 0 | WARN 0 | SKIP 0 | PASS 316 ]
[ FAIL 0 | WARN 0 | SKIP 0 | PASS 317 ]
[ FAIL 0 | WARN 0 | SKIP 0 | PASS 318 ]
[ FAIL 0 | WARN 0 | SKIP 0 | PASS 319 ]
[ FAIL 0 | WARN 0 | SKIP 0 | PASS 320 ]
[ FAIL 0 | WARN 0 | SKIP 0 | PASS 321 ]
[ FAIL 0 | WARN 0 | SKIP 0 | PASS 322 ]
[ FAIL 0 | WARN 0 | SKIP 0 | PASS 323 ]
[ FAIL 0 | WARN 0 | SKIP 0 | PASS 324 ]
[ FAIL 0 | WARN 0 | SKIP 0 | PASS 325 ]
[ FAIL 0 | WARN 0 | SKIP 0 | PASS 326 ]
[ FAIL 0 | WARN 0 | SKIP 0 | PASS 327 ]
[ FAIL 0 | WARN 0 | SKIP 0 | PASS 328 ]
[ FAIL 0 | WARN 0 | SKIP 0 | PASS 329 ]
[ FAIL 0 | WARN 0 | SKIP 0 | PASS 330 ]
[ FAIL 0 | WARN 0 | SKIP 0 | PASS 331 ]
[ FAIL 0 | WARN 0 | SKIP 0 | PASS 332 ]
[ FAIL 0 | WARN 0 | SKIP 0 | PASS 333 ]
[ FAIL 0 | WARN 0 | SKIP 0 | PASS 334 ]
[ FAIL 0 | WARN 0 | SKIP 0 | PASS 335 ]
[ FAIL 0 | WARN 0 | SKIP 0 | PASS 336 ]
[ FAIL 0 | WARN 0 | SKIP 0 | PASS 337 ]
[ FAIL 0 | WARN 0 | SKIP 0 | PASS 338 ]
[ FAIL 0 | WARN 0 | SKIP 0 | PASS 339 ]
[ FAIL 0 | WARN 0 | SKIP 0 | PASS 340 ]
[ FAIL 0 | WARN 0 | SKIP 0 | PASS 341 ]
[ FAIL 0 | WARN 0 | SKIP 0 | PASS 342 ]
[ FAIL 0 | WARN 0 | SKIP 0 | PASS 343 ]
[ FAIL 0 | WARN 0 | SKIP 0 | PASS 344 ]
[ FAIL 0 | WARN 0 | SKIP 0 | PASS 345 ]
[ FAIL 0 | WARN 0 | SKIP 0 | PASS 346 ]
[ FAIL 0 | WARN 0 | SKIP 0 | PASS 347 ]
[ FAIL 0 | WARN 0 | SKIP 0 | PASS 348 ]
[ FAIL 0 | WARN 0 | SKIP 0 | PASS 349 ]
[ FAIL 0 | WARN 0 | SKIP 0 | PASS 350 ]
[ FAIL 0 | WARN 0 | SKIP 0 | PASS 351 ]
[ FAIL 0 | WARN 0 | SKIP 0 | PASS 352 ]
[ FAIL 0 | WARN 0 | SKIP 0 | PASS 353 ]
[ FAIL 0 | WARN 0 | SKIP 0 | PASS 354 ]
[ FAIL 0 | WARN 0 | SKIP 0 | PASS 355 ]
[ FAIL 0 | WARN 0 | SKIP 0 | PASS 356 ]
[ FAIL 0 | WARN 0 | SKIP 0 | PASS 357 ]
[ FAIL 0 | WARN 0 | SKIP 0 | PASS 358 ]
[ FAIL 0 | WARN 0 | SKIP 0 | PASS 359 ]
[ FAIL 0 | WARN 0 | SKIP 0 | PASS 360 ]
[ FAIL 0 | WARN 0 | SKIP 0 | PASS 361 ]
[ FAIL 0 | WARN 0 | SKIP 0 | PASS 362 ]
[ FAIL 0 | WARN 0 | SKIP 0 | PASS 363 ]
[ FAIL 0 | WARN 0 | SKIP 0 | PASS 364 ]
[ FAIL 0 | WARN 0 | SKIP 0 | PASS 365 ]
[ FAIL 0 | WARN 0 | SKIP 0 | PASS 366 ]
[ FAIL 0 | WARN 0 | SKIP 0 | PASS 367 ]
[ FAIL 0 | WARN 0 | SKIP 0 | PASS 368 ]
[ FAIL 0 | WARN 0 | SKIP 0 | PASS 369 ]
[ FAIL 0 | WARN 0 | SKIP 0 | PASS 370 ]
[ FAIL 0 | WARN 0 | SKIP 0 | PASS 371 ]
[ FAIL 0 | WARN 0 | SKIP 0 | PASS 372 ]
[ FAIL 0 | WARN 0 | SKIP 0 | PASS 373 ]
[ FAIL 0 | WARN 0 | SKIP 0 | PASS 374 ]
[ FAIL 0 | WARN 0 | SKIP 0 | PASS 375 ]
[ FAIL 0 | WARN 0 | SKIP 0 | PASS 376 ]
[ FAIL 0 | WARN 0 | SKIP 0 | PASS 377 ]
[ FAIL 0 | WARN 0 | SKIP 0 | PASS 378 ]
[ FAIL 0 | WARN 0 | SKIP 0 | PASS 379 ]
[ FAIL 0 | WARN 0 | SKIP 0 | PASS 380 ]
[ FAIL 0 | WARN 0 | SKIP 0 | PASS 381 ]
[ FAIL 0 | WARN 0 | SKIP 0 | PASS 382 ]
[ FAIL 0 | WARN 0 | SKIP 0 | PASS 383 ]
[ FAIL 0 | WARN 0 | SKIP 0 | PASS 384 ]
[ FAIL 0 | WARN 0 | SKIP 0 | PASS 385 ]
[ FAIL 0 | WARN 0 | SKIP 0 | PASS 386 ]
[ FAIL 0 | WARN 0 | SKIP 0 | PASS 387 ]
[ FAIL 0 | WARN 0 | SKIP 0 | PASS 388 ]
[ FAIL 0 | WARN 0 | SKIP 0 | PASS 389 ]
[ FAIL 0 | WARN 0 | SKIP 0 | PASS 390 ]
[ FAIL 0 | WARN 0 | SKIP 0 | PASS 391 ]
[ FAIL 0 | WARN 0 | SKIP 0 | PASS 392 ]
[ FAIL 0 | WARN 0 | SKIP 0 | PASS 393 ]
[ FAIL 0 | WARN 0 | SKIP 0 | PASS 394 ]
[ FAIL 0 | WARN 0 | SKIP 0 | PASS 395 ]
[ FAIL 0 | WARN 0 | SKIP 0 | PASS 396 ]
[ FAIL 0 | WARN 0 | SKIP 0 | PASS 397 ]
[ FAIL 0 | WARN 0 | SKIP 0 | PASS 398 ]
[ FAIL 0 | WARN 0 | SKIP 0 | PASS 399 ]
[ FAIL 0 | WARN 0 | SKIP 0 | PASS 400 ]
[ FAIL 0 | WARN 0 | SKIP 0 | PASS 401 ]
[ FAIL 0 | WARN 0 | SKIP 0 | PASS 402 ]
[ FAIL 0 | WARN 0 | SKIP 0 | PASS 403 ]
[ FAIL 0 | WARN 0 | SKIP 0 | PASS 404 ]
[ FAIL 0 | WARN 0 | SKIP 0 | PASS 405 ]
[ FAIL 0 | WARN 0 | SKIP 0 | PASS 406 ]
[ FAIL 0 | WARN 0 | SKIP 0 | PASS 407 ]
[ FAIL 0 | WARN 0 | SKIP 0 | PASS 408 ]
[ FAIL 0 | WARN 0 | SKIP 0 | PASS 409 ]
[ FAIL 0 | WARN 0 | SKIP 0 | PASS 410 ]
[ FAIL 0 | WARN 0 | SKIP 0 | PASS 411 ]
[ FAIL 0 | WARN 0 | SKIP 0 | PASS 412 ]
[ FAIL 0 | WARN 0 | SKIP 0 | PASS 413 ]
[ FAIL 0 | WARN 0 | SKIP 0 | PASS 414 ]
[ FAIL 0 | WARN 0 | SKIP 0 | PASS 415 ]
[ FAIL 0 | WARN 0 | SKIP 0 | PASS 416 ]
[ FAIL 0 | WARN 0 | SKIP 0 | PASS 417 ]
[ FAIL 0 | WARN 0 | SKIP 0 | PASS 418 ]
[ FAIL 0 | WARN 0 | SKIP 0 | PASS 419 ]
[ FAIL 0 | WARN 0 | SKIP 0 | PASS 420 ]
[ FAIL 0 | WARN 0 | SKIP 0 | PASS 421 ]
[ FAIL 0 | WARN 0 | SKIP 0 | PASS 422 ]
[ FAIL 0 | WARN 0 | SKIP 0 | PASS 423 ]
[ FAIL 0 | WARN 0 | SKIP 0 | PASS 424 ]
[ FAIL 0 | WARN 0 | SKIP 0 | PASS 425 ]
[ FAIL 0 | WARN 0 | SKIP 0 | PASS 426 ]
[ FAIL 0 | WARN 0 | SKIP 0 | PASS 427 ]
[ FAIL 0 | WARN 0 | SKIP 0 | PASS 428 ]
[ FAIL 0 | WARN 0 | SKIP 0 | PASS 429 ]
[ FAIL 0 | WARN 0 | SKIP 0 | PASS 430 ]
[ FAIL 0 | WARN 0 | SKIP 0 | PASS 431 ]
[ FAIL 0 | WARN 0 | SKIP 0 | PASS 432 ]
[ FAIL 0 | WARN 0 | SKIP 0 | PASS 433 ]
[ FAIL 0 | WARN 0 | SKIP 0 | PASS 434 ]
[ FAIL 0 | WARN 0 | SKIP 0 | PASS 435 ]
[ FAIL 0 | WARN 0 | SKIP 0 | PASS 436 ]
[ FAIL 0 | WARN 0 | SKIP 0 | PASS 437 ]
[ FAIL 0 | WARN 0 | SKIP 0 | PASS 438 ]
[ FAIL 0 | WARN 0 | SKIP 0 | PASS 439 ]
[ FAIL 0 | WARN 0 | SKIP 0 | PASS 440 ]
[ FAIL 0 | WARN 0 | SKIP 0 | PASS 441 ]
[ FAIL 0 | WARN 0 | SKIP 0 | PASS 442 ]
[ FAIL 0 | WARN 0 | SKIP 0 | PASS 443 ]
[ FAIL 0 | WARN 0 | SKIP 0 | PASS 444 ]
[ FAIL 0 | WARN 0 | SKIP 0 | PASS 445 ]
[ FAIL 0 | WARN 0 | SKIP 0 | PASS 446 ]
[ FAIL 0 | WARN 0 | SKIP 0 | PASS 447 ]
[ FAIL 0 | WARN 0 | SKIP 0 | PASS 448 ]
[ FAIL 0 | WARN 0 | SKIP 0 | PASS 449 ]
[ FAIL 0 | WARN 0 | SKIP 0 | PASS 450 ]
[ FAIL 0 | WARN 0 | SKIP 0 | PASS 451 ]
[ FAIL 0 | WARN 0 | SKIP 0 | PASS 452 ]
[ FAIL 0 | WARN 0 | SKIP 0 | PASS 453 ]
[ FAIL 0 | WARN 0 | SKIP 0 | PASS 454 ]
[ FAIL 0 | WARN 0 | SKIP 0 | PASS 455 ]
[ FAIL 0 | WARN 0 | SKIP 0 | PASS 456 ]
[ FAIL 0 | WARN 0 | SKIP 0 | PASS 457 ]
[ FAIL 0 | WARN 0 | SKIP 0 | PASS 458 ]
[ FAIL 0 | WARN 0 | SKIP 0 | PASS 459 ]
[ FAIL 0 | WARN 0 | SKIP 0 | PASS 460 ]
[ FAIL 0 | WARN 0 | SKIP 0 | PASS 461 ]
[ FAIL 0 | WARN 0 | SKIP 0 | PASS 462 ]
[ FAIL 0 | WARN 0 | SKIP 0 | PASS 463 ]
[ FAIL 0 | WARN 0 | SKIP 0 | PASS 464 ]
[ FAIL 0 | WARN 0 | SKIP 0 | PASS 465 ]
[ FAIL 0 | WARN 0 | SKIP 0 | PASS 466 ]
[ FAIL 0 | WARN 0 | SKIP 0 | PASS 467 ]
[ FAIL 0 | WARN 0 | SKIP 0 | PASS 468 ]
[ FAIL 0 | WARN 0 | SKIP 0 | PASS 469 ]
[ FAIL 0 | WARN 0 | SKIP 0 | PASS 470 ]
[ FAIL 0 | WARN 0 | SKIP 0 | PASS 471 ]
[ FAIL 0 | WARN 0 | SKIP 0 | PASS 472 ]
[ FAIL 0 | WARN 0 | SKIP 0 | PASS 473 ]
[ FAIL 0 | WARN 0 | SKIP 0 | PASS 474 ]
[ FAIL 0 | WARN 0 | SKIP 0 | PASS 475 ]
[ FAIL 0 | WARN 0 | SKIP 0 | PASS 476 ]
[ FAIL 0 | WARN 0 | SKIP 0 | PASS 477 ]
[ FAIL 0 | WARN 0 | SKIP 0 | PASS 478 ]
[ FAIL 0 | WARN 0 | SKIP 0 | PASS 479 ]
[ FAIL 0 | WARN 0 | SKIP 0 | PASS 480 ]
[ FAIL 0 | WARN 0 | SKIP 0 | PASS 481 ]
[ FAIL 0 | WARN 0 | SKIP 0 | PASS 482 ]
[ FAIL 0 | WARN 0 | SKIP 0 | PASS 483 ]
[ FAIL 0 | WARN 0 | SKIP 0 | PASS 484 ]
[ FAIL 0 | WARN 0 | SKIP 0 | PASS 485 ]
[ FAIL 0 | WARN 0 | SKIP 0 | PASS 486 ]
[ FAIL 0 | WARN 0 | SKIP 0 | PASS 487 ]
[ FAIL 0 | WARN 0 | SKIP 0 | PASS 488 ]
[ FAIL 0 | WARN 0 | SKIP 0 | PASS 489 ]
[ FAIL 0 | WARN 0 | SKIP 0 | PASS 490 ]
[ FAIL 0 | WARN 0 | SKIP 0 | PASS 491 ]
[ FAIL 0 | WARN 0 | SKIP 0 | PASS 492 ]
[ FAIL 0 | WARN 0 | SKIP 0 | PASS 493 ]
[ FAIL 0 | WARN 0 | SKIP 0 | PASS 494 ]
[ FAIL 0 | WARN 0 | SKIP 0 | PASS 495 ]
[ FAIL 0 | WARN 0 | SKIP 0 | PASS 496 ]
[ FAIL 0 | WARN 0 | SKIP 0 | PASS 497 ]
[ FAIL 0 | WARN 0 | SKIP 0 | PASS 498 ]
[ FAIL 0 | WARN 0 | SKIP 0 | PASS 499 ]
[ FAIL 0 | WARN 0 | SKIP 0 | PASS 500 ]
[ FAIL 0 | WARN 0 | SKIP 0 | PASS 501 ]
[ FAIL 0 | WARN 0 | SKIP 0 | PASS 502 ]
[ FAIL 0 | WARN 0 | SKIP 0 | PASS 503 ]
[ FAIL 0 | WARN 0 | SKIP 0 | PASS 504 ]
[ FAIL 0 | WARN 0 | SKIP 0 | PASS 505 ]
[ FAIL 0 | WARN 0 | SKIP 0 | PASS 506 ]
[ FAIL 0 | WARN 0 | SKIP 0 | PASS 507 ]
[ FAIL 0 | WARN 0 | SKIP 0 | PASS 508 ]
[ FAIL 0 | WARN 0 | SKIP 0 | PASS 509 ]
[ FAIL 0 | WARN 0 | SKIP 0 | PASS 510 ]
[ FAIL 0 | WARN 0 | SKIP 0 | PASS 511 ]
[ FAIL 0 | WARN 0 | SKIP 0 | PASS 512 ]
[ FAIL 0 | WARN 0 | SKIP 0 | PASS 513 ]
[ FAIL 0 | WARN 0 | SKIP 0 | PASS 514 ]
[ FAIL 0 | WARN 0 | SKIP 0 | PASS 515 ]
[ FAIL 0 | WARN 0 | SKIP 0 | PASS 516 ]
[ FAIL 0 | WARN 0 | SKIP 0 | PASS 517 ]
[ FAIL 0 | WARN 0 | SKIP 0 | PASS 518 ]
[ FAIL 0 | WARN 0 | SKIP 0 | PASS 519 ]
[ FAIL 0 | WARN 0 | SKIP 0 | PASS 520 ]
[ FAIL 0 | WARN 0 | SKIP 0 | PASS 521 ]
[ FAIL 0 | WARN 0 | SKIP 0 | PASS 522 ]
[ FAIL 0 | WARN 0 | SKIP 0 | PASS 523 ]
[ FAIL 0 | WARN 0 | SKIP 0 | PASS 524 ]
[ FAIL 0 | WARN 0 | SKIP 0 | PASS 525 ]
[ FAIL 0 | WARN 0 | SKIP 0 | PASS 526 ]
[ FAIL 0 | WARN 0 | SKIP 0 | PASS 527 ]
[ FAIL 0 | WARN 0 | SKIP 0 | PASS 528 ]
[ FAIL 0 | WARN 0 | SKIP 0 | PASS 529 ]
[ FAIL 0 | WARN 0 | SKIP 0 | PASS 530 ]
[ FAIL 0 | WARN 0 | SKIP 0 | PASS 531 ]
[ FAIL 0 | WARN 0 | SKIP 0 | PASS 532 ]
[ FAIL 0 | WARN 0 | SKIP 0 | PASS 533 ]
[ FAIL 0 | WARN 0 | SKIP 0 | PASS 534 ]
[ FAIL 0 | WARN 0 | SKIP 0 | PASS 535 ]
[ FAIL 0 | WARN 0 | SKIP 0 | PASS 536 ]
[ FAIL 0 | WARN 0 | SKIP 0 | PASS 537 ]
[ FAIL 0 | WARN 0 | SKIP 0 | PASS 538 ]
[ FAIL 0 | WARN 0 | SKIP 0 | PASS 539 ]
[ FAIL 0 | WARN 0 | SKIP 0 | PASS 540 ]
[ FAIL 0 | WARN 0 | SKIP 0 | PASS 541 ]
[ FAIL 0 | WARN 0 | SKIP 0 | PASS 542 ]
[ FAIL 0 | WARN 0 | SKIP 0 | PASS 543 ]
[ FAIL 0 | WARN 0 | SKIP 0 | PASS 544 ]
[ FAIL 0 | WARN 0 | SKIP 0 | PASS 545 ]
[ FAIL 0 | WARN 0 | SKIP 0 | PASS 546 ]
[ FAIL 0 | WARN 0 | SKIP 0 | PASS 547 ]
[ FAIL 0 | WARN 0 | SKIP 0 | PASS 548 ]
[ FAIL 0 | WARN 0 | SKIP 0 | PASS 549 ]
[ FAIL 0 | WARN 0 | SKIP 0 | PASS 550 ]
[ FAIL 0 | WARN 0 | SKIP 0 | PASS 551 ]
[ FAIL 0 | WARN 0 | SKIP 0 | PASS 552 ]
[ FAIL 0 | WARN 0 | SKIP 0 | PASS 553 ]
[ FAIL 0 | WARN 0 | SKIP 0 | PASS 554 ]
[ FAIL 0 | WARN 0 | SKIP 0 | PASS 555 ]
[ FAIL 0 | WARN 0 | SKIP 0 | PASS 556 ]
[ FAIL 0 | WARN 0 | SKIP 0 | PASS 557 ]
[ FAIL 0 | WARN 0 | SKIP 0 | PASS 558 ]
[ FAIL 0 | WARN 0 | SKIP 0 | PASS 559 ]
[ FAIL 0 | WARN 0 | SKIP 0 | PASS 560 ]
[ FAIL 0 | WARN 0 | SKIP 0 | PASS 561 ]
[ FAIL 0 | WARN 0 | SKIP 0 | PASS 562 ]
[ FAIL 0 | WARN 0 | SKIP 0 | PASS 563 ]
[ FAIL 0 | WARN 0 | SKIP 0 | PASS 564 ]
[ FAIL 0 | WARN 0 | SKIP 0 | PASS 565 ]
[ FAIL 0 | WARN 0 | SKIP 0 | PASS 566 ]
[ FAIL 0 | WARN 0 | SKIP 0 | PASS 567 ]
[ FAIL 0 | WARN 0 | SKIP 0 | PASS 568 ]
[ FAIL 0 | WARN 0 | SKIP 0 | PASS 569 ]
[ FAIL 0 | WARN 0 | SKIP 0 | PASS 570 ]
[ FAIL 0 | WARN 0 | SKIP 0 | PASS 571 ]
[ FAIL 0 | WARN 0 | SKIP 0 | PASS 572 ]
[ FAIL 0 | WARN 0 | SKIP 0 | PASS 573 ]
[ FAIL 0 | WARN 0 | SKIP 0 | PASS 574 ]
[ FAIL 0 | WARN 0 | SKIP 0 | PASS 575 ]
[ FAIL 0 | WARN 0 | SKIP 0 | PASS 576 ]
[ FAIL 0 | WARN 0 | SKIP 0 | PASS 577 ]
[ FAIL 0 | WARN 0 | SKIP 0 | PASS 578 ]
[ FAIL 0 | WARN 0 | SKIP 0 | PASS 579 ]
[ FAIL 0 | WARN 0 | SKIP 0 | PASS 580 ]
[ FAIL 0 | WARN 0 | SKIP 0 | PASS 581 ]
[ FAIL 0 | WARN 0 | SKIP 0 | PASS 582 ]
[ FAIL 0 | WARN 0 | SKIP 0 | PASS 583 ]
[ FAIL 0 | WARN 0 | SKIP 0 | PASS 584 ]
[ FAIL 0 | WARN 0 | SKIP 0 | PASS 585 ]
[ FAIL 0 | WARN 0 | SKIP 0 | PASS 586 ]
[ FAIL 0 | WARN 0 | SKIP 0 | PASS 587 ]
[ FAIL 0 | WARN 0 | SKIP 0 | PASS 588 ]
[ FAIL 0 | WARN 0 | SKIP 0 | PASS 589 ]
[ FAIL 0 | WARN 0 | SKIP 0 | PASS 590 ]
[ FAIL 0 | WARN 0 | SKIP 0 | PASS 591 ]
[ FAIL 0 | WARN 0 | SKIP 0 | PASS 592 ]
[ FAIL 0 | WARN 0 | SKIP 0 | PASS 593 ]
[ FAIL 0 | WARN 0 | SKIP 0 | PASS 594 ]
[ FAIL 0 | WARN 0 | SKIP 0 | PASS 595 ]
[ FAIL 0 | WARN 0 | SKIP 0 | PASS 596 ]
[ FAIL 0 | WARN 0 | SKIP 0 | PASS 597 ]
[ FAIL 0 | WARN 0 | SKIP 0 | PASS 598 ]
[ FAIL 0 | WARN 0 | SKIP 0 | PASS 599 ]
[ FAIL 0 | WARN 0 | SKIP 0 | PASS 600 ]
[ FAIL 0 | WARN 0 | SKIP 0 | PASS 601 ]
[ FAIL 0 | WARN 0 | SKIP 0 | PASS 602 ]
[ FAIL 0 | WARN 0 | SKIP 0 | PASS 603 ]
[ FAIL 0 | WARN 0 | SKIP 0 | PASS 604 ]
[ FAIL 0 | WARN 0 | SKIP 0 | PASS 605 ]
[ FAIL 0 | WARN 0 | SKIP 0 | PASS 606 ]
[ FAIL 0 | WARN 0 | SKIP 0 | PASS 607 ]
[ FAIL 0 | WARN 0 | SKIP 0 | PASS 608 ]
[ FAIL 0 | WARN 0 | SKIP 0 | PASS 609 ]
[ FAIL 0 | WARN 0 | SKIP 0 | PASS 610 ]
[ FAIL 0 | WARN 0 | SKIP 0 | PASS 611 ]
[ FAIL 0 | WARN 0 | SKIP 0 | PASS 612 ]
[ FAIL 0 | WARN 0 | SKIP 0 | PASS 613 ]
[ FAIL 0 | WARN 0 | SKIP 0 | PASS 614 ]
[ FAIL 0 | WARN 0 | SKIP 0 | PASS 615 ]
[ FAIL 0 | WARN 0 | SKIP 0 | PASS 616 ]
[ FAIL 0 | WARN 0 | SKIP 0 | PASS 617 ]
[ FAIL 0 | WARN 0 | SKIP 0 | PASS 618 ]
[ FAIL 0 | WARN 0 | SKIP 0 | PASS 619 ]
[ FAIL 0 | WARN 0 | SKIP 0 | PASS 620 ]
[ FAIL 0 | WARN 0 | SKIP 0 | PASS 621 ]
[ FAIL 0 | WARN 0 | SKIP 0 | PASS 622 ]
[ FAIL 0 | WARN 0 | SKIP 0 | PASS 623 ]
[ FAIL 0 | WARN 0 | SKIP 0 | PASS 624 ]
[ FAIL 0 | WARN 0 | SKIP 0 | PASS 625 ]
[ FAIL 0 | WARN 0 | SKIP 0 | PASS 626 ]
[ FAIL 0 | WARN 0 | SKIP 0 | PASS 627 ]
[ FAIL 0 | WARN 0 | SKIP 0 | PASS 628 ]
[ FAIL 0 | WARN 0 | SKIP 0 | PASS 629 ]
[ FAIL 0 | WARN 0 | SKIP 0 | PASS 630 ]
[ FAIL 0 | WARN 0 | SKIP 0 | PASS 631 ]
[ FAIL 0 | WARN 0 | SKIP 0 | PASS 632 ]
[ FAIL 0 | WARN 0 | SKIP 0 | PASS 633 ]
[ FAIL 0 | WARN 0 | SKIP 0 | PASS 634 ]
[ FAIL 0 | WARN 0 | SKIP 0 | PASS 635 ]
[ FAIL 0 | WARN 0 | SKIP 0 | PASS 636 ]
[ FAIL 0 | WARN 0 | SKIP 0 | PASS 637 ]
[ FAIL 0 | WARN 0 | SKIP 0 | PASS 638 ]
[ FAIL 0 | WARN 0 | SKIP 0 | PASS 639 ]
[ FAIL 0 | WARN 0 | SKIP 0 | PASS 640 ]
[ FAIL 0 | WARN 0 | SKIP 0 | PASS 641 ]
[ FAIL 0 | WARN 0 | SKIP 0 | PASS 642 ]
[ FAIL 0 | WARN 0 | SKIP 0 | PASS 643 ]
[ FAIL 0 | WARN 0 | SKIP 0 | PASS 644 ]
[ FAIL 0 | WARN 0 | SKIP 0 | PASS 645 ]
[ FAIL 0 | WARN 0 | SKIP 0 | PASS 646 ]
[ FAIL 0 | WARN 0 | SKIP 0 | PASS 647 ]
[ FAIL 0 | WARN 0 | SKIP 0 | PASS 648 ]
[ FAIL 0 | WARN 0 | SKIP 0 | PASS 649 ]
[ FAIL 0 | WARN 0 | SKIP 0 | PASS 650 ]
[ FAIL 0 | WARN 0 | SKIP 0 | PASS 651 ]
[ FAIL 0 | WARN 0 | SKIP 0 | PASS 652 ]
[ FAIL 0 | WARN 0 | SKIP 0 | PASS 653 ]
[ FAIL 0 | WARN 0 | SKIP 0 | PASS 654 ]
[ FAIL 0 | WARN 0 | SKIP 0 | PASS 655 ]
[ FAIL 0 | WARN 0 | SKIP 0 | PASS 656 ]
[ FAIL 0 | WARN 0 | SKIP 0 | PASS 657 ]
[ FAIL 0 | WARN 0 | SKIP 0 | PASS 658 ]
[ FAIL 0 | WARN 0 | SKIP 0 | PASS 659 ]
[ FAIL 0 | WARN 0 | SKIP 0 | PASS 660 ]
[ FAIL 0 | WARN 0 | SKIP 0 | PASS 661 ]
[ FAIL 0 | WARN 0 | SKIP 0 | PASS 662 ]
[ FAIL 0 | WARN 0 | SKIP 0 | PASS 663 ]
[ FAIL 0 | WARN 0 | SKIP 0 | PASS 664 ]
[ FAIL 0 | WARN 0 | SKIP 0 | PASS 665 ]
[ FAIL 0 | WARN 0 | SKIP 0 | PASS 666 ]
[ FAIL 0 | WARN 0 | SKIP 0 | PASS 667 ]
[ FAIL 0 | WARN 0 | SKIP 0 | PASS 668 ]
[ FAIL 0 | WARN 0 | SKIP 0 | PASS 669 ]
[ FAIL 0 | WARN 0 | SKIP 0 | PASS 670 ]
[ FAIL 0 | WARN 0 | SKIP 0 | PASS 671 ]
[ FAIL 0 | WARN 0 | SKIP 0 | PASS 672 ]
[ FAIL 0 | WARN 0 | SKIP 0 | PASS 673 ]
[ FAIL 0 | WARN 0 | SKIP 0 | PASS 674 ]
[ FAIL 0 | WARN 0 | SKIP 0 | PASS 675 ]
[ FAIL 0 | WARN 0 | SKIP 0 | PASS 676 ]
[ FAIL 0 | WARN 0 | SKIP 0 | PASS 677 ]
[ FAIL 0 | WARN 0 | SKIP 0 | PASS 678 ]
[ FAIL 0 | WARN 0 | SKIP 0 | PASS 679 ]
[ FAIL 0 | WARN 0 | SKIP 0 | PASS 680 ]
[ FAIL 0 | WARN 0 | SKIP 0 | PASS 681 ]
[ FAIL 0 | WARN 0 | SKIP 0 | PASS 682 ]
[ FAIL 0 | WARN 0 | SKIP 0 | PASS 683 ]
[ FAIL 0 | WARN 0 | SKIP 0 | PASS 684 ]
[ FAIL 0 | WARN 0 | SKIP 0 | PASS 685 ]
[ FAIL 0 | WARN 0 | SKIP 0 | PASS 686 ]
[ FAIL 0 | WARN 0 | SKIP 0 | PASS 687 ]
[ FAIL 0 | WARN 0 | SKIP 0 | PASS 688 ]
[ FAIL 0 | WARN 0 | SKIP 0 | PASS 689 ]
[ FAIL 0 | WARN 0 | SKIP 0 | PASS 690 ]
[ FAIL 0 | WARN 0 | SKIP 0 | PASS 691 ]
[ FAIL 0 | WARN 0 | SKIP 0 | PASS 692 ]
[ FAIL 0 | WARN 0 | SKIP 0 | PASS 693 ]
[ FAIL 0 | WARN 0 | SKIP 0 | PASS 694 ]
[ FAIL 0 | WARN 0 | SKIP 0 | PASS 695 ]
[ FAIL 0 | WARN 0 | SKIP 0 | PASS 696 ]
[ FAIL 0 | WARN 0 | SKIP 0 | PASS 697 ]
[ FAIL 0 | WARN 0 | SKIP 0 | PASS 698 ]
[ FAIL 0 | WARN 0 | SKIP 0 | PASS 699 ]
[ FAIL 0 | WARN 0 | SKIP 0 | PASS 700 ]
[ FAIL 0 | WARN 0 | SKIP 0 | PASS 701 ]
[ FAIL 0 | WARN 0 | SKIP 0 | PASS 702 ]
[ FAIL 0 | WARN 0 | SKIP 0 | PASS 703 ]
[ FAIL 0 | WARN 0 | SKIP 0 | PASS 704 ]
[ FAIL 0 | WARN 0 | SKIP 0 | PASS 705 ]
[ FAIL 0 | WARN 0 | SKIP 0 | PASS 706 ]
[ FAIL 0 | WARN 0 | SKIP 0 | PASS 707 ]
[ FAIL 0 | WARN 0 | SKIP 0 | PASS 708 ]
[ FAIL 0 | WARN 0 | SKIP 0 | PASS 709 ]
[ FAIL 0 | WARN 0 | SKIP 0 | PASS 710 ]
[ FAIL 0 | WARN 0 | SKIP 0 | PASS 711 ]
[ FAIL 0 | WARN 0 | SKIP 0 | PASS 712 ]
[ FAIL 0 | WARN 0 | SKIP 0 | PASS 713 ]
[ FAIL 0 | WARN 0 | SKIP 0 | PASS 714 ]
[ FAIL 0 | WARN 0 | SKIP 0 | PASS 715 ]
[ FAIL 0 | WARN 0 | SKIP 0 | PASS 716 ]
[ FAIL 0 | WARN 0 | SKIP 0 | PASS 717 ]
[ FAIL 0 | WARN 0 | SKIP 0 | PASS 718 ]
[ FAIL 0 | WARN 0 | SKIP 0 | PASS 719 ]
[ FAIL 0 | WARN 0 | SKIP 0 | PASS 720 ]
[ FAIL 0 | WARN 0 | SKIP 0 | PASS 721 ]
[ FAIL 0 | WARN 0 | SKIP 0 | PASS 722 ]
[ FAIL 0 | WARN 0 | SKIP 0 | PASS 723 ]
[ FAIL 0 | WARN 0 | SKIP 0 | PASS 724 ]
[ FAIL 0 | WARN 0 | SKIP 0 | PASS 725 ]
[ FAIL 0 | WARN 0 | SKIP 0 | PASS 726 ]
[ FAIL 0 | WARN 0 | SKIP 0 | PASS 727 ]
[ FAIL 0 | WARN 0 | SKIP 0 | PASS 728 ]
[ FAIL 0 | WARN 0 | SKIP 0 | PASS 729 ]
[ FAIL 0 | WARN 0 | SKIP 0 | PASS 730 ]
[ FAIL 0 | WARN 0 | SKIP 0 | PASS 731 ]
[ FAIL 0 | WARN 0 | SKIP 0 | PASS 732 ]
[ FAIL 0 | WARN 0 | SKIP 0 | PASS 733 ]
[ FAIL 0 | WARN 0 | SKIP 0 | PASS 734 ]
[ FAIL 0 | WARN 0 | SKIP 0 | PASS 735 ]
[ FAIL 0 | WARN 0 | SKIP 0 | PASS 736 ]
[ FAIL 0 | WARN 0 | SKIP 0 | PASS 737 ]
[ FAIL 0 | WARN 0 | SKIP 0 | PASS 738 ]
[ FAIL 0 | WARN 0 | SKIP 0 | PASS 739 ]
[ FAIL 0 | WARN 0 | SKIP 0 | PASS 740 ]
[ FAIL 0 | WARN 0 | SKIP 0 | PASS 741 ]
[ FAIL 0 | WARN 0 | SKIP 0 | PASS 742 ]
[ FAIL 0 | WARN 0 | SKIP 0 | PASS 743 ]
[ FAIL 0 | WARN 0 | SKIP 0 | PASS 744 ]
[ FAIL 0 | WARN 0 | SKIP 0 | PASS 745 ]
[ FAIL 0 | WARN 0 | SKIP 0 | PASS 746 ]
[ FAIL 0 | WARN 0 | SKIP 0 | PASS 747 ]
[ FAIL 0 | WARN 0 | SKIP 0 | PASS 748 ]
[ FAIL 0 | WARN 0 | SKIP 0 | PASS 749 ]
[ FAIL 0 | WARN 0 | SKIP 0 | PASS 750 ]
[ FAIL 0 | WARN 0 | SKIP 0 | PASS 751 ]
[ FAIL 0 | WARN 0 | SKIP 0 | PASS 752 ]
[ FAIL 0 | WARN 0 | SKIP 0 | PASS 753 ]
[ FAIL 0 | WARN 0 | SKIP 0 | PASS 754 ]
[ FAIL 0 | WARN 0 | SKIP 0 | PASS 755 ]
[ FAIL 0 | WARN 0 | SKIP 0 | PASS 756 ]
[ FAIL 0 | WARN 0 | SKIP 0 | PASS 757 ]
[ FAIL 0 | WARN 0 | SKIP 0 | PASS 758 ]
[ FAIL 0 | WARN 0 | SKIP 0 | PASS 759 ]
[ FAIL 0 | WARN 0 | SKIP 0 | PASS 760 ]
[ FAIL 0 | WARN 0 | SKIP 0 | PASS 761 ]
[ FAIL 0 | WARN 0 | SKIP 0 | PASS 762 ]
[ FAIL 0 | WARN 0 | SKIP 0 | PASS 763 ]
[ FAIL 0 | WARN 0 | SKIP 0 | PASS 764 ]
[ FAIL 0 | WARN 0 | SKIP 0 | PASS 765 ]
[ FAIL 0 | WARN 0 | SKIP 0 | PASS 766 ]
[ FAIL 0 | WARN 0 | SKIP 0 | PASS 767 ]
[ FAIL 0 | WARN 0 | SKIP 0 | PASS 768 ]
[ FAIL 0 | WARN 0 | SKIP 0 | PASS 769 ]
[ FAIL 0 | WARN 0 | SKIP 0 | PASS 770 ]
[ FAIL 0 | WARN 0 | SKIP 0 | PASS 771 ]
[ FAIL 0 | WARN 0 | SKIP 0 | PASS 772 ]
[ FAIL 0 | WARN 0 | SKIP 0 | PASS 773 ]
[ FAIL 0 | WARN 0 | SKIP 0 | PASS 774 ]
[ FAIL 0 | WARN 0 | SKIP 0 | PASS 775 ]
[ FAIL 0 | WARN 0 | SKIP 0 | PASS 776 ]
[ FAIL 0 | WARN 0 | SKIP 0 | PASS 777 ]
[ FAIL 0 | WARN 0 | SKIP 0 | PASS 778 ]
[ FAIL 0 | WARN 0 | SKIP 0 | PASS 779 ]
[ FAIL 0 | WARN 0 | SKIP 0 | PASS 780 ]
[ FAIL 0 | WARN 0 | SKIP 0 | PASS 781 ]
[ FAIL 0 | WARN 0 | SKIP 0 | PASS 782 ]
[ FAIL 0 | WARN 0 | SKIP 0 | PASS 783 ]
[ FAIL 0 | WARN 0 | SKIP 0 | PASS 784 ]
[ FAIL 0 | WARN 0 | SKIP 0 | PASS 785 ]
[ FAIL 0 | WARN 0 | SKIP 0 | PASS 786 ]
[ FAIL 0 | WARN 0 | SKIP 0 | PASS 787 ]
[ FAIL 0 | WARN 0 | SKIP 0 | PASS 788 ]
[ FAIL 0 | WARN 0 | SKIP 0 | PASS 789 ]
[ FAIL 0 | WARN 0 | SKIP 0 | PASS 790 ]
[ FAIL 1 | WARN 0 | SKIP 0 | PASS 790 ]
[ FAIL 1 | WARN 0 | SKIP 0 | PASS 791 ]
[ FAIL 1 | WARN 0 | SKIP 0 | PASS 792 ]
[ FAIL 1 | WARN 0 | SKIP 0 | PASS 793 ]
[ FAIL 1 | WARN 0 | SKIP 0 | PASS 794 ]
[ FAIL 1 | WARN 0 | SKIP 0 | PASS 795 ]
[ FAIL 1 | WARN 0 | SKIP 0 | PASS 796 ]
[ FAIL 1 | WARN 0 | SKIP 0 | PASS 797 ]
[ FAIL 1 | WARN 0 | SKIP 0 | PASS 798 ]
[ FAIL 1 | WARN 0 | SKIP 0 | PASS 799 ]
[ FAIL 1 | WARN 0 | SKIP 0 | PASS 800 ]
[ FAIL 1 | WARN 0 | SKIP 0 | PASS 801 ]
[ FAIL 1 | WARN 0 | SKIP 0 | PASS 802 ]
[ FAIL 1 | WARN 0 | SKIP 0 | PASS 803 ]
[ FAIL 1 | WARN 0 | SKIP 0 | PASS 804 ]
[ FAIL 1 | WARN 0 | SKIP 0 | PASS 805 ]
[ FAIL 1 | WARN 0 | SKIP 0 | PASS 806 ]
[ FAIL 1 | WARN 0 | SKIP 0 | PASS 807 ]
[ FAIL 1 | WARN 0 | SKIP 0 | PASS 808 ]
[ FAIL 1 | WARN 0 | SKIP 0 | PASS 809 ]
[ FAIL 1 | WARN 0 | SKIP 0 | PASS 810 ]
[ FAIL 1 | WARN 0 | SKIP 0 | PASS 811 ]
[ FAIL 1 | WARN 0 | SKIP 0 | PASS 812 ]
[ FAIL 1 | WARN 0 | SKIP 0 | PASS 813 ]
[ FAIL 1 | WARN 0 | SKIP 0 | PASS 814 ]
[ FAIL 1 | WARN 0 | SKIP 0 | PASS 815 ]
[ FAIL 1 | WARN 0 | SKIP 0 | PASS 816 ]
[ FAIL 1 | WARN 0 | SKIP 0 | PASS 817 ]
[ FAIL 1 | WARN 0 | SKIP 0 | PASS 818 ]
[ FAIL 1 | WARN 0 | SKIP 0 | PASS 819 ]
[ FAIL 1 | WARN 0 | SKIP 0 | PASS 820 ]
[ FAIL 1 | WARN 0 | SKIP 0 | PASS 821 ]
[ FAIL 1 | WARN 0 | SKIP 0 | PASS 822 ]
[ FAIL 1 | WARN 0 | SKIP 0 | PASS 823 ]
[ FAIL 1 | WARN 0 | SKIP 0 | PASS 824 ]
[ FAIL 1 | WARN 0 | SKIP 0 | PASS 825 ]
[ FAIL 1 | WARN 0 | SKIP 0 | PASS 826 ]
[ FAIL 1 | WARN 0 | SKIP 0 | PASS 827 ]
[ FAIL 1 | WARN 0 | SKIP 0 | PASS 828 ]
[ FAIL 1 | WARN 0 | SKIP 0 | PASS 829 ]
[ FAIL 1 | WARN 0 | SKIP 0 | PASS 830 ]
[ FAIL 1 | WARN 0 | SKIP 0 | PASS 831 ]
[ FAIL 1 | WARN 0 | SKIP 0 | PASS 832 ]
[ FAIL 1 | WARN 0 | SKIP 0 | PASS 833 ]
[ FAIL 1 | WARN 0 | SKIP 0 | PASS 834 ]
[ FAIL 1 | WARN 0 | SKIP 0 | PASS 835 ]
[ FAIL 1 | WARN 0 | SKIP 0 | PASS 836 ]
[ FAIL 1 | WARN 0 | SKIP 0 | PASS 837 ]
[ FAIL 1 | WARN 0 | SKIP 0 | PASS 838 ]
[ FAIL 1 | WARN 0 | SKIP 0 | PASS 839 ]
[ FAIL 1 | WARN 0 | SKIP 0 | PASS 840 ]
[ FAIL 1 | WARN 0 | SKIP 0 | PASS 841 ]
[ FAIL 1 | WARN 0 | SKIP 0 | PASS 842 ]
[ FAIL 1 | WARN 0 | SKIP 0 | PASS 843 ]
[ FAIL 1 | WARN 0 | SKIP 0 | PASS 844 ]
[ FAIL 1 | WARN 0 | SKIP 0 | PASS 845 ]
[ FAIL 1 | WARN 0 | SKIP 0 | PASS 846 ]
[ FAIL 1 | WARN 0 | SKIP 0 | PASS 847 ]
[ FAIL 1 | WARN 0 | SKIP 0 | PASS 848 ]
[ FAIL 1 | WARN 0 | SKIP 0 | PASS 849 ]
[ FAIL 1 | WARN 0 | SKIP 0 | PASS 850 ]
[ FAIL 1 | WARN 0 | SKIP 0 | PASS 851 ]
[ FAIL 1 | WARN 0 | SKIP 0 | PASS 852 ]
[ FAIL 1 | WARN 0 | SKIP 0 | PASS 853 ]
[ FAIL 1 | WARN 0 | SKIP 0 | PASS 854 ]
[ FAIL 1 | WARN 0 | SKIP 0 | PASS 855 ]
[ FAIL 1 | WARN 0 | SKIP 0 | PASS 856 ]
[ FAIL 1 | WARN 0 | SKIP 0 | PASS 857 ]
[ FAIL 1 | WARN 0 | SKIP 0 | PASS 858 ]
[ FAIL 1 | WARN 0 | SKIP 0 | PASS 859 ]
[ FAIL 1 | WARN 0 | SKIP 0 | PASS 860 ]
[ FAIL 1 | WARN 0 | SKIP 0 | PASS 861 ]
[ FAIL 1 | WARN 0 | SKIP 0 | PASS 862 ]
[ FAIL 1 | WARN 0 | SKIP 0 | PASS 863 ]
[ FAIL 1 | WARN 0 | SKIP 0 | PASS 864 ]
[ FAIL 1 | WARN 0 | SKIP 0 | PASS 865 ]
[ FAIL 1 | WARN 0 | SKIP 0 | PASS 866 ]
[ FAIL 1 | WARN 0 | SKIP 0 | PASS 867 ]
[ FAIL 1 | WARN 0 | SKIP 0 | PASS 868 ]
[ FAIL 1 | WARN 0 | SKIP 0 | PASS 869 ]
[ FAIL 1 | WARN 0 | SKIP 0 | PASS 870 ]
[ FAIL 1 | WARN 0 | SKIP 0 | PASS 871 ]
[ FAIL 1 | WARN 0 | SKIP 0 | PASS 872 ]
[ FAIL 1 | WARN 0 | SKIP 0 | PASS 873 ]
[ FAIL 1 | WARN 0 | SKIP 0 | PASS 874 ]
[ FAIL 1 | WARN 0 | SKIP 0 | PASS 875 ]
[ FAIL 1 | WARN 0 | SKIP 0 | PASS 876 ]
[ FAIL 1 | WARN 0 | SKIP 0 | PASS 877 ]
[ FAIL 1 | WARN 0 | SKIP 0 | PASS 878 ]
[ FAIL 1 | WARN 0 | SKIP 0 | PASS 879 ]
[ FAIL 1 | WARN 0 | SKIP 0 | PASS 880 ]
[ FAIL 1 | WARN 0 | SKIP 0 | PASS 881 ]
[ FAIL 1 | WARN 0 | SKIP 0 | PASS 882 ]
[ FAIL 1 | WARN 0 | SKIP 0 | PASS 883 ]
[ FAIL 1 | WARN 0 | SKIP 0 | PASS 884 ]
[ FAIL 1 | WARN 0 | SKIP 0 | PASS 885 ]
[ FAIL 1 | WARN 0 | SKIP 0 | PASS 886 ]
[ FAIL 1 | WARN 0 | SKIP 0 | PASS 887 ]
[ FAIL 1 | WARN 0 | SKIP 0 | PASS 888 ]
[ FAIL 1 | WARN 0 | SKIP 0 | PASS 889 ]
[ FAIL 1 | WARN 0 | SKIP 0 | PASS 890 ]
[ FAIL 1 | WARN 0 | SKIP 0 | PASS 891 ]
[ FAIL 1 | WARN 0 | SKIP 0 | PASS 892 ]
[ FAIL 1 | WARN 0 | SKIP 0 | PASS 893 ]
[ FAIL 1 | WARN 0 | SKIP 0 | PASS 894 ]
[ FAIL 1 | WARN 0 | SKIP 0 | PASS 895 ]
[ FAIL 1 | WARN 0 | SKIP 0 | PASS 896 ]
[ FAIL 1 | WARN 0 | SKIP 0 | PASS 897 ]
[ FAIL 1 | WARN 0 | SKIP 0 | PASS 898 ]
[ FAIL 1 | WARN 0 | SKIP 0 | PASS 899 ]
[ FAIL 1 | WARN 0 | SKIP 0 | PASS 900 ]
[ FAIL 1 | WARN 0 | SKIP 0 | PASS 901 ]
[ FAIL 1 | WARN 0 | SKIP 0 | PASS 902 ]
[ FAIL 1 | WARN 0 | SKIP 0 | PASS 903 ]
[ FAIL 1 | WARN 0 | SKIP 0 | PASS 904 ]
[ FAIL 1 | WARN 0 | SKIP 0 | PASS 905 ]
[ FAIL 1 | WARN 0 | SKIP 0 | PASS 906 ]
[ FAIL 1 | WARN 0 | SKIP 0 | PASS 907 ]
[ FAIL 1 | WARN 0 | SKIP 0 | PASS 908 ]
[ FAIL 1 | WARN 0 | SKIP 0 | PASS 909 ]
[ FAIL 1 | WARN 0 | SKIP 0 | PASS 910 ]
[ FAIL 1 | WARN 0 | SKIP 0 | PASS 911 ]
[ FAIL 1 | WARN 0 | SKIP 0 | PASS 912 ]
[ FAIL 1 | WARN 0 | SKIP 0 | PASS 913 ]Tracing function "enc2utf8" in package "base"
Tracing function ".arrow_reject_bytes" in package
"namespace:dtatools"

[ FAIL 1 | WARN 0 | SKIP 0 | PASS 914 ]
[ FAIL 1 | WARN 0 | SKIP 0 | PASS 915 ]
[ FAIL 1 | WARN 0 | SKIP 0 | PASS 916 ]
[ FAIL 1 | WARN 0 | SKIP 0 | PASS 917 ]Untracing function ".arrow_reject_bytes" in package
"namespace:dtatools"
Untracing function "enc2utf8" in package "base"

[ FAIL 1 | WARN 0 | SKIP 0 | PASS 918 ]
[ FAIL 1 | WARN 0 | SKIP 0 | PASS 919 ]
[ FAIL 1 | WARN 0 | SKIP 0 | PASS 920 ]
[ FAIL 1 | WARN 0 | SKIP 0 | PASS 921 ]
[ FAIL 1 | WARN 0 | SKIP 0 | PASS 922 ]
[ FAIL 1 | WARN 0 | SKIP 0 | PASS 923 ]
[ FAIL 1 | WARN 0 | SKIP 0 | PASS 924 ]
[ FAIL 1 | WARN 0 | SKIP 0 | PASS 925 ]
[ FAIL 1 | WARN 0 | SKIP 0 | PASS 926 ]
[ FAIL 1 | WARN 0 | SKIP 0 | PASS 927 ]
[ FAIL 1 | WARN 0 | SKIP 0 | PASS 928 ]
[ FAIL 1 | WARN 0 | SKIP 0 | PASS 929 ]
[ FAIL 1 | WARN 0 | SKIP 0 | PASS 930 ]
[ FAIL 1 | WARN 0 | SKIP 0 | PASS 931 ]
[ FAIL 1 | WARN 0 | SKIP 0 | PASS 932 ]
[ FAIL 1 | WARN 0 | SKIP 0 | PASS 933 ]
[ FAIL 1 | WARN 0 | SKIP 0 | PASS 934 ]
[ FAIL 1 | WARN 0 | SKIP 0 | PASS 935 ]
[ FAIL 1 | WARN 0 | SKIP 0 | PASS 936 ]
[ FAIL 1 | WARN 0 | SKIP 0 | PASS 937 ]
[ FAIL 1 | WARN 0 | SKIP 0 | PASS 938 ]
[ FAIL 1 | WARN 0 | SKIP 0 | PASS 939 ]
[ FAIL 1 | WARN 0 | SKIP 0 | PASS 940 ]
[ FAIL 1 | WARN 0 | SKIP 0 | PASS 941 ]
[ FAIL 1 | WARN 0 | SKIP 0 | PASS 942 ]
[ FAIL 1 | WARN 0 | SKIP 0 | PASS 943 ]
[ FAIL 1 | WARN 0 | SKIP 0 | PASS 944 ]
[ FAIL 1 | WARN 0 | SKIP 0 | PASS 945 ]
[ FAIL 1 | WARN 0 | SKIP 0 | PASS 946 ]
[ FAIL 1 | WARN 0 | SKIP 0 | PASS 947 ]
[ FAIL 1 | WARN 0 | SKIP 0 | PASS 948 ]
[ FAIL 1 | WARN 0 | SKIP 0 | PASS 949 ]
[ FAIL 1 | WARN 0 | SKIP 0 | PASS 950 ]
[ FAIL 1 | WARN 0 | SKIP 0 | PASS 951 ]
[ FAIL 1 | WARN 0 | SKIP 0 | PASS 952 ]
[ FAIL 1 | WARN 0 | SKIP 0 | PASS 953 ]

── Error ('test-owned-atoms.R:782:1'): named string construction preserves replacement dispatch and escaped aliases ──
Error in `eval(code, test_env)`: generic ALTREP targets must be detached before replacement

[ FAIL 1 | WARN 0 | SKIP 0 | PASS 953 ]
Error:
! Test failures.
Execution halted
