PASS default: success
PASS default: source
PASS default: driver
PASS default: command
PASS default: runtime_runner_md5
PASS default: runtime_source_sha
PASS default: runtime_library
PASS default: runtime_mode
PASS default: owned-atomic.csv
PASS default: owned-atomic-after-read.csv
PASS default: owned-atomic-writes.csv
PASS default: duplicate_case
PASS default: allocation
PASS default: median
PASS default: iterations
PASS default: final_source
PASS default: final_driver
PASS default: existing_output
PASS default: manifest_source_sha
PASS default: manifest_runner_source_sha
PASS default: manifest_library
PASS default: manifest_mode
PASS default: manifest_runner_sha256
PASS default: memory_cases
PASS default: existing_memory_log
PASS default: changed_evidence
PASS default: rss
PASS default: heap
PASS default: duplicate_metric
PASS -O: success
PASS -O: source
PASS -O: driver
PASS -O: command
PASS -O: runtime_runner_md5
PASS -O: runtime_source_sha
PASS -O: runtime_library
PASS -O: runtime_mode
PASS -O: owned-atomic.csv
PASS -O: owned-atomic-after-read.csv
PASS -O: owned-atomic-writes.csv
PASS -O: duplicate_case
PASS -O: allocation
PASS -O: median
PASS -O: iterations
PASS -O: final_source
PASS -O: final_driver
PASS -O: existing_output
PASS -O: manifest_source_sha
PASS -O: manifest_runner_source_sha
PASS -O: manifest_library
PASS -O: manifest_mode
PASS -O: manifest_runner_sha256
PASS -O: memory_cases
PASS -O: existing_memory_log
PASS -O: changed_evidence
PASS -O: rss
PASS -O: heap
PASS -O: duplicate_metric
PASS PYTHONOPTIMIZE=1: success
PASS PYTHONOPTIMIZE=1: source
PASS PYTHONOPTIMIZE=1: driver
PASS PYTHONOPTIMIZE=1: command
PASS PYTHONOPTIMIZE=1: runtime_runner_md5
PASS PYTHONOPTIMIZE=1: runtime_source_sha
PASS PYTHONOPTIMIZE=1: runtime_library
PASS PYTHONOPTIMIZE=1: runtime_mode
PASS PYTHONOPTIMIZE=1: owned-atomic.csv
PASS PYTHONOPTIMIZE=1: owned-atomic-after-read.csv
PASS PYTHONOPTIMIZE=1: owned-atomic-writes.csv
PASS PYTHONOPTIMIZE=1: duplicate_case
PASS PYTHONOPTIMIZE=1: allocation
PASS PYTHONOPTIMIZE=1: median
PASS PYTHONOPTIMIZE=1: iterations
PASS PYTHONOPTIMIZE=1: final_source
PASS PYTHONOPTIMIZE=1: final_driver
PASS PYTHONOPTIMIZE=1: existing_output
PASS PYTHONOPTIMIZE=1: manifest_source_sha
PASS PYTHONOPTIMIZE=1: manifest_runner_source_sha
PASS PYTHONOPTIMIZE=1: manifest_library
PASS PYTHONOPTIMIZE=1: manifest_mode
PASS PYTHONOPTIMIZE=1: manifest_runner_sha256
PASS PYTHONOPTIMIZE=1: memory_cases
PASS PYTHONOPTIMIZE=1: existing_memory_log
PASS PYTHONOPTIMIZE=1: changed_evidence
PASS PYTHONOPTIMIZE=1: rss
PASS PYTHONOPTIMIZE=1: heap
PASS PYTHONOPTIMIZE=1: duplicate_metric
.
----------------------------------------------------------------------
Ran 1 test in 26.606s

OK
