source_sha 45f2ba489a6e0a2f25d1728eef0a84a6b2fde7b7
library /private/tmp/dta-direct-stage3-validation/exact-library-45f2ba4
mode candidate
runner_md5 benchmarks/r-dibble-dplyr/owned-double-helpers.R e68dd8a8cf13dc0249da716753486213
runner_md5 benchmarks/r-dibble-dplyr/owned-double.R ee0e2fa5ef4e447efaebbf89199e9939
runner_md5 benchmarks/r-dibble-dplyr/owned-double-memory.R 5edf6459397ea2166f0b578ed549a6de
R version 4.6.1 (2026-06-24)
Platform: aarch64-apple-darwin25.4.0
Running under: macOS Tahoe 26.6.2

Matrix products: default
BLAS:   /opt/homebrew/Cellar/openblas/0.3.34/lib/libopenblasp-r0.3.34.dylib
LAPACK: /opt/homebrew/Cellar/r/4.6.1/lib/R/lib/libRlapack.dylib;  LAPACK version 3.12.1

locale:
[1] C.UTF-8/C.UTF-8/C.UTF-8/C/C.UTF-8/C.UTF-8

time zone: America/New_York
tzcode source: internal

attached base packages:
[1] stats     graphics  grDevices utils     datasets  methods   base

other attached packages:
[1] dplyr_1.2.1    dtatools_0.7.1

loaded via a namespace (and not attached):
 [1] tidyselect_1.2.1 compiler_4.6.1   magrittr_2.0.5   R6_2.6.1
 [5] generics_0.1.4   cli_3.6.6        tools_4.6.1      pillar_1.11.1
 [9] glue_1.8.1       tibble_3.3.1     vctrs_0.7.3      lifecycle_1.0.5
[13] pkgconfig_2.0.3  rlang_1.3.0
operation pipeline_50
rows 100000
retained_with_source_vector_heap_bytes 92816
vector_heap_bytes_after_drop_source 21543880
nominal_result_bytes 12821152
vector_heap_bytes_after_drop_result 9462704
prefixture_vector_heap_bytes 9513832
excess_after_drop_result_bytes -51128
released_with_last_result_bytes 12081176
        0.49 real         0.46 user         0.02 sys
           232144896  maximum resident set size
                   0  average shared memory size
                   0  average unshared data size
                   0  average unshared stack size
               18097  page reclaims
                  37  page faults
                   0  swaps
                   0  block input operations
                   0  block output operations
                   0  messages sent
                   0  messages received
                   0  signals received
                   9  voluntary context switches
                  68  involuntary context switches
          8439370851  instructions retired
          2149931408  cycles elapsed
           214827752  peak memory footprint
