  family operation   rows median_ms r_allocated_bytes
1 direct    rename 100000  0.493476             84056
           family operation   rows median_ms r_allocated_bytes
1 safe_delegation    rename 100000  0.480807             83776
  family operation   rows median_ms r_allocated_bytes
1 direct    select 100000  0.470516             84208
           family operation   rows median_ms r_allocated_bytes
1 safe_delegation    select 100000  0.491795             83928
  family operation   rows median_ms r_allocated_bytes
1 direct  relocate 100000  0.581175             86488
           family operation   rows median_ms r_allocated_bytes
1 safe_delegation  relocate 100000  0.569613             86424
  family     operation   rows median_ms r_allocated_bytes
1 direct pipeline_five 100000   2.73675            422240
           family     operation   rows median_ms r_allocated_bytes
1 safe_delegation pipeline_five 100000  1.421757             98248
  family operation    rows median_ms r_allocated_bytes
1 direct    rename 1000000  0.487982             84056
           family operation    rows median_ms r_allocated_bytes
1 safe_delegation    rename 1000000  0.472525             83776
  family operation    rows median_ms r_allocated_bytes
1 direct    select 1000000  0.461086             84208
           family operation    rows median_ms r_allocated_bytes
1 safe_delegation    select 1000000  0.505284             83928
  family operation    rows median_ms r_allocated_bytes
1 direct  relocate 1000000  0.581298             86488
           family operation    rows median_ms r_allocated_bytes
1 safe_delegation  relocate 1000000     0.574             86424
  family     operation    rows median_ms r_allocated_bytes
1 direct pipeline_five 1000000  2.749583            422240
           family     operation    rows median_ms r_allocated_bytes
1 safe_delegation pipeline_five 1000000  1.373746             98248
  family operation   rows median_ms r_allocated_bytes
1   read       sum 100000  0.138375                 0
  family operation   rows median_ms r_allocated_bytes
1   read      mean 100000  0.134111                 0
  family operation   rows median_ms r_allocated_bytes
1   read     range 100000  0.680026           1600096
  family       operation   rows median_ms r_allocated_bytes
1   read coercion_double 100000  0.011685                 0
  family        operation   rows median_ms r_allocated_bytes
1   read coercion_integer 100000  0.077367            400048
  family         operation   rows median_ms r_allocated_bytes
1   read export_data_frame 100000  0.129396                 0
  family     operation   rows median_ms r_allocated_bytes
1   read export_tibble 100000  0.121688                 0
  family  operation   rows median_ms r_allocated_bytes
1   read arithmetic 100000  1.704001          15601768
  family         operation   rows median_ms r_allocated_bytes
1   read mutate_arithmetic 100000  2.360083          15684520
  family   operation   rows median_ms r_allocated_bytes
1   read filter_half 100000  3.595044           5083096
  family  operation   rows median_ms r_allocated_bytes
1   read row_subset 100000  0.901836           4690168
  family operation   rows median_ms r_allocated_bytes
1   read  read_dta 100000  2.581155           6481168
  family operation   rows median_ms r_allocated_bytes
1   read write_dta 100000  1.985876              2552
  family  operation   rows median_ms r_allocated_bytes
1   read read_arrow 100000  1.559312           6481168
  family   operation   rows median_ms r_allocated_bytes
1   read write_arrow 100000  11.09284              1680
  family operation    rows median_ms r_allocated_bytes
1   read       sum 1000000   1.12545                 0
  family operation    rows median_ms r_allocated_bytes
1   read      mean 1000000   1.15251                 0
  family operation    rows median_ms r_allocated_bytes
1   read     range 1000000   7.12621          16000096
  family       operation    rows median_ms r_allocated_bytes
1   read coercion_double 1000000   0.01148                 0
  family        operation    rows median_ms r_allocated_bytes
1   read coercion_integer 1000000  0.451615           4000048
  family         operation    rows median_ms r_allocated_bytes
1   read export_data_frame 1000000  0.133865                 0
  family     operation    rows median_ms r_allocated_bytes
1   read export_tibble 1000000  0.123574                 0
  family  operation    rows median_ms r_allocated_bytes
1   read arithmetic 1000000  18.56332         156001768
  family         operation    rows median_ms r_allocated_bytes
1   read mutate_arithmetic 1000000  19.72612         156084520
  family   operation    rows median_ms r_allocated_bytes
1   read filter_half 1000000  27.29846          50083096
  family  operation    rows median_ms r_allocated_bytes
1   read row_subset 1000000  5.274322          46090168
  family operation    rows median_ms r_allocated_bytes
1   read  read_dta 1000000  4.538044          64081168
  family operation    rows median_ms r_allocated_bytes
1   read write_dta 1000000  13.17367              2552
  family  operation    rows median_ms r_allocated_bytes
1   read read_arrow 1000000  13.84386          64081168
  family   operation    rows median_ms r_allocated_bytes
1   read write_arrow 1000000  50.79929              1680
All candidate operation, source preservation and captured-mask checks passed.
Candidate owned allocation and backing checks passed.
