arrow-nullable-strings: .............................Error in .Call(C_dtatools_read_arrow, snapshot, column_indices, row_window$skip,  : 
  embedded nul in string: 'nullable\0arrow-embedded-nul-sentinel-04719'
...1.
arrow: ............................................................................................................................................................................
.............................................................................................................................................................................................................................................................................................................................................................................
input-sources: ...............................................................................................................
read-dta: ......................................................................................................................................................................................................................................................................................................................................................................................................................................................................................................................................................................................................................................................................................................................................................................................................................................................................................................................................................................................................................................SS..................S..................................................................................................................................................................................................................................................................................................................................................................................................................................................................................................................................................................................................................................................................................................................................................................................................................................................................................................................................................................................................................................................................................................................................................................................................................................................................................................................................................................................................................................................................................................................................................................................................................
reader-dta-experiments: .....................................................................................................................................................................................................................................................................................................
reader-dta-prepared: ...................................................................................................................................................................................................................................................................................................................................................................................................................................................
reader-experiments: ................................................................................................................
save-dta: .................................................................................................................................................................................................................................................................................................................................................
write-column: ................................................................................

══ Skipped ═════════════════════════════════════════════════════════════════════
1. Stata missing code recode interfaces through dplyr ('test-read-dta.R:373:5') - Reason: {dplyr} is not installed

2. dplyr recode keeps its ordinary numeric behavior ('test-read-dta.R:377:5') - Reason: {dplyr} is not installed

3. all tagged missing payloads through dplyr ('test-read-dta.R:525:5') - Reason: {dplyr} is not installed

══ Failed ══════════════════════════════════════════════════════════════════════
── 1. Failure ('test-arrow-nullable-strings.R:105:5'): nullable Arrow read cance
Expected `completed` to be FALSE.
Differences:
`actual`:   TRUE 
`expected`: FALSE


══ DONE ════════════════════════════════════════════════════════════════════════
Error: Test failed: test-arrow-nullable-strings.R nullable Arrow read cancellation remains an interrupt
Execution halted
