  family operation   rows median_ms r_allocated_bytes
1 direct    rename 100000  0.502086             84056
           family operation   rows median_ms r_allocated_bytes
1 safe_delegation    rename 100000  0.480274             83776
  family operation   rows median_ms r_allocated_bytes
1 direct    select 100000  0.476092             84208
           family operation   rows median_ms r_allocated_bytes
1 safe_delegation    select 100000  0.493025             83928
  family operation   rows median_ms r_allocated_bytes
1 direct  relocate 100000  0.588063             86488
           family operation   rows median_ms r_allocated_bytes
1 safe_delegation  relocate 100000  0.574697             86424
  family     operation   rows median_ms r_allocated_bytes
1 direct pipeline_five 100000  2.724819            422240
           family     operation   rows median_ms r_allocated_bytes
1 safe_delegation pipeline_five 100000  1.430162             98248
  family operation    rows median_ms r_allocated_bytes
1 direct    rename 1000000  0.512664             84056
           family operation    rows median_ms r_allocated_bytes
1 safe_delegation    rename 1000000   0.48011             83776
  family operation    rows median_ms r_allocated_bytes
1 direct    select 1000000  0.466006             84208
           family operation    rows median_ms r_allocated_bytes
1 safe_delegation    select 1000000  0.498478             83928
  family operation    rows median_ms r_allocated_bytes
1 direct  relocate 1000000  0.581995             86488
           family operation    rows median_ms r_allocated_bytes
1 safe_delegation  relocate 1000000   0.57318             86424
  family     operation    rows median_ms r_allocated_bytes
1 direct pipeline_five 1000000  2.760858            422240
           family     operation    rows median_ms r_allocated_bytes
1 safe_delegation pipeline_five 1000000  1.369359             98248
  family operation   rows median_ms r_allocated_bytes
1   read       sum 100000  0.138129                 0
  family operation   rows median_ms r_allocated_bytes
1   read      mean 100000  0.134931                 0
  family operation   rows median_ms r_allocated_bytes
1   read     range 100000  2.130688           1600096
  family       operation   rows median_ms r_allocated_bytes
1   read coercion_double 100000   0.01148                 0
  family        operation   rows median_ms r_allocated_bytes
1   read coercion_integer 100000  0.363547            400048
  family         operation   rows median_ms r_allocated_bytes
1   read export_data_frame 100000   0.12833                 0
  family     operation   rows median_ms r_allocated_bytes
1   read export_tibble 100000  0.120909                 0
  family  operation   rows median_ms r_allocated_bytes
1   read arithmetic 100000  2.022899          15601768
  family         operation   rows median_ms r_allocated_bytes
1   read mutate_arithmetic 100000  2.721375          15684520
  family   operation   rows median_ms r_allocated_bytes
1   read filter_half 100000  13.71434          49893208
  family  operation   rows median_ms r_allocated_bytes
1   read row_subset 100000   0.91471           4690168
  family operation   rows median_ms r_allocated_bytes
1   read  read_dta 100000  2.574677           6481168
  family operation   rows median_ms r_allocated_bytes
1   read write_dta 100000  2.002317              2552
  family  operation   rows median_ms r_allocated_bytes
1   read read_arrow 100000  1.557426           6481168
  family   operation   rows median_ms r_allocated_bytes
1   read write_arrow 100000  11.02187              1680
  family operation    rows median_ms r_allocated_bytes
1   read       sum 1000000  1.123646                 0
  family operation    rows median_ms r_allocated_bytes
1   read      mean 1000000  1.147139                 0
  family operation    rows median_ms r_allocated_bytes
1   read     range 1000000  21.02312          16000096
  family       operation    rows median_ms r_allocated_bytes
1   read coercion_double 1000000  0.012054                 0
  family        operation    rows median_ms r_allocated_bytes
1   read coercion_integer 1000000  3.524934           4000048
  family         operation    rows median_ms r_allocated_bytes
1   read export_data_frame 1000000  0.132717                 0
  family     operation    rows median_ms r_allocated_bytes
1   read export_tibble 1000000  0.123328                 0
  family  operation    rows median_ms r_allocated_bytes
1   read arithmetic 1000000  21.72733         156001768
  family         operation    rows median_ms r_allocated_bytes
1   read mutate_arithmetic 1000000   22.4272         156084520
  family   operation    rows median_ms r_allocated_bytes
1   read filter_half 1000000  125.5977         498093208
  family  operation    rows median_ms r_allocated_bytes
1   read row_subset 1000000   5.14509          46090168
  family operation    rows median_ms r_allocated_bytes
1   read  read_dta 1000000  4.476093          64081168
  family operation    rows median_ms r_allocated_bytes
1   read write_dta 1000000  12.40639              2552
  family  operation    rows median_ms r_allocated_bytes
1   read read_arrow 1000000  13.91901          64081168
  family   operation    rows median_ms r_allocated_bytes
1   read write_arrow 1000000    48.803              1680
All candidate operation, source preservation and captured-mask checks passed.
Candidate owned allocation and backing checks passed.
