  family operation   rows median_ms r_allocated_bytes
1 direct    rename 100000    0.5043             84056
           family operation   rows median_ms r_allocated_bytes
1 safe_delegation    rename 100000  0.487449             83776
  family operation   rows median_ms r_allocated_bytes
1 direct    select 100000  0.468466             84208
           family operation   rows median_ms r_allocated_bytes
1 safe_delegation    select 100000  0.489417             83928
  family operation   rows median_ms r_allocated_bytes
1 direct  relocate 100000  0.586628             86488
           family operation   rows median_ms r_allocated_bytes
1 safe_delegation  relocate 100000  0.574164             86424
  family     operation   rows median_ms r_allocated_bytes
1 direct pipeline_five 100000  2.745032            422240
           family     operation   rows median_ms r_allocated_bytes
1 safe_delegation pipeline_five 100000  1.491826             98248
  family operation    rows median_ms r_allocated_bytes
1 direct    rename 1000000  0.488761             84056
           family operation    rows median_ms r_allocated_bytes
1 safe_delegation    rename 1000000  0.482365             83776
  family operation    rows median_ms r_allocated_bytes
1 direct    select 1000000  0.469573             84208
           family operation    rows median_ms r_allocated_bytes
1 safe_delegation    select 1000000  0.499134             83928
  family operation    rows median_ms r_allocated_bytes
1 direct  relocate 1000000  0.585439             86488
           family operation    rows median_ms r_allocated_bytes
1 safe_delegation  relocate 1000000  0.582405             86424
  family     operation    rows median_ms r_allocated_bytes
1 direct pipeline_five 1000000  2.758111            422240
           family     operation    rows median_ms r_allocated_bytes
1 safe_delegation pipeline_five 1000000  1.371245             98248
  family operation   rows median_ms r_allocated_bytes
1   read       sum 100000  0.139113                 0
  family operation   rows median_ms r_allocated_bytes
1   read      mean 100000  0.134767                 0
  family operation   rows median_ms r_allocated_bytes
1   read     range 100000  0.686217           1600096
  family       operation   rows median_ms r_allocated_bytes
1   read coercion_double 100000  0.011685                 0
  family        operation   rows median_ms r_allocated_bytes
1   read coercion_integer 100000  0.056662            400048
  family         operation   rows median_ms r_allocated_bytes
1   read export_data_frame 100000  0.128699                 0
  family     operation   rows median_ms r_allocated_bytes
1   read export_tibble 100000  0.122303                 0
  family  operation   rows median_ms r_allocated_bytes
1   read arithmetic 100000  1.704001          15601768
  family         operation   rows median_ms r_allocated_bytes
1   read mutate_arithmetic 100000  2.675742          15684520
  family   operation   rows median_ms r_allocated_bytes
1   read filter_half 100000  3.607262           5083096
  family  operation   rows median_ms r_allocated_bytes
1   read row_subset 100000  0.914628           4690168
  family operation   rows median_ms r_allocated_bytes
1   read  read_dta 100000  2.585173           6481168
  family operation   rows median_ms r_allocated_bytes
1   read write_dta 100000  2.095223              2928
  family  operation   rows median_ms r_allocated_bytes
1   read read_arrow 100000  1.556975           6481168
  family   operation   rows median_ms r_allocated_bytes
1   read write_arrow 100000  11.02506              1744
  family operation    rows median_ms r_allocated_bytes
1   read       sum 1000000  1.122785                 0
  family operation    rows median_ms r_allocated_bytes
1   read      mean 1000000  1.139062                 0
  family operation    rows median_ms r_allocated_bytes
1   read     range 1000000  7.063234          16000096
  family       operation    rows median_ms r_allocated_bytes
1   read coercion_double 1000000  0.011849                 0
  family        operation    rows median_ms r_allocated_bytes
1   read coercion_integer 1000000  0.453214           4000048
  family         operation    rows median_ms r_allocated_bytes
1   read export_data_frame 1000000  0.131077                 0
  family     operation    rows median_ms r_allocated_bytes
1   read export_tibble 1000000  0.124025                 0
  family  operation    rows median_ms r_allocated_bytes
1   read arithmetic 1000000  18.11183         156001768
  family         operation    rows median_ms r_allocated_bytes
1   read mutate_arithmetic 1000000  19.39612         156084520
  family   operation    rows median_ms r_allocated_bytes
1   read filter_half 1000000  27.19366          50083096
  family  operation    rows median_ms r_allocated_bytes
1   read row_subset 1000000  5.442094          46090168
  family operation    rows median_ms r_allocated_bytes
1   read  read_dta 1000000  5.312288          64081168
  family operation    rows median_ms r_allocated_bytes
1   read write_dta 1000000  12.65358              2928
  family  operation    rows median_ms r_allocated_bytes
1   read read_arrow 1000000  13.57916          64081168
  family   operation    rows median_ms r_allocated_bytes
1   read write_arrow 1000000  46.96792              1744
All candidate operation, source preservation and captured-mask checks passed.
Candidate owned allocation and backing checks passed.
