  family operation   rows median_ms r_allocated_bytes
1 direct    rename 100000  0.730374          12844648
           family operation   rows median_ms r_allocated_bytes
1 safe_delegation    rename 100000  0.653704          12844368
  family operation   rows median_ms r_allocated_bytes
1 direct    select 100000  0.642757          12844800
           family operation   rows median_ms r_allocated_bytes
1 safe_delegation    select 100000  0.680928          12844520
  family operation   rows median_ms r_allocated_bytes
1 direct  relocate 100000  0.769775          12847080
           family operation   rows median_ms r_allocated_bytes
1 safe_delegation  relocate 100000  0.758336          12847016
  family     operation   rows median_ms r_allocated_bytes
1 direct pipeline_five 100000  4.578388          63425152
           family     operation   rows median_ms r_allocated_bytes
1 safe_delegation pipeline_five 100000  1.615482          12858840
  family operation    rows median_ms r_allocated_bytes
1 direct    rename 1000000  2.257542         128044648
           family operation    rows median_ms r_allocated_bytes
1 safe_delegation    rename 1000000  2.194566         128044368
  family operation    rows median_ms r_allocated_bytes
1 direct    select 1000000  2.163447         128044800
           family operation    rows median_ms r_allocated_bytes
1 safe_delegation    select 1000000  2.175091         128044520
  family operation    rows median_ms r_allocated_bytes
1 direct  relocate 1000000    2.3452         128047080
           family operation    rows median_ms r_allocated_bytes
1 safe_delegation  relocate 1000000  2.262831         128047016
  family     operation    rows median_ms r_allocated_bytes
1 direct pipeline_five 1000000  26.10544         632225152
           family     operation    rows median_ms r_allocated_bytes
1 safe_delegation pipeline_five 1000000  3.104643         128058840
  family operation   rows median_ms r_allocated_bytes
1   read       sum 100000  0.140425            800048
  family operation   rows median_ms r_allocated_bytes
1   read      mean 100000  0.134849            800048
  family operation   rows median_ms r_allocated_bytes
1   read     range 100000  0.728857           1600096
  family       operation   rows median_ms r_allocated_bytes
1   read coercion_double 100000  0.021976            800048
  family        operation   rows median_ms r_allocated_bytes
1   read coercion_integer 100000  0.087248           1200096
  family         operation   rows median_ms r_allocated_bytes
1   read export_data_frame 100000  0.130093                 0
  family     operation   rows median_ms r_allocated_bytes
1   read export_tibble 100000  0.211396           6400384
  family  operation   rows median_ms r_allocated_bytes
1   read arithmetic 100000  1.702279          16401816
  family         operation   rows median_ms r_allocated_bytes
1   read mutate_arithmetic 100000  2.496982          25244984
  family   operation   rows median_ms r_allocated_bytes
1   read filter_half 100000  8.032966          72255016
  family  operation   rows median_ms r_allocated_bytes
1   read row_subset 100000  0.906551           4650056
  family operation   rows median_ms r_allocated_bytes
1   read  read_dta 100000  2.710428          19241544
  family operation   rows median_ms r_allocated_bytes
1   read write_dta 100000  2.066277              2552
  family  operation   rows median_ms r_allocated_bytes
1   read read_arrow 100000  1.595105          12841160
  family   operation   rows median_ms r_allocated_bytes
1   read write_arrow 100000  11.06479              1680
  family operation    rows median_ms r_allocated_bytes
1   read       sum 1000000    1.2136           8000048
  family operation    rows median_ms r_allocated_bytes
1   read      mean 1000000    1.2423           8000048
  family operation    rows median_ms r_allocated_bytes
1   read     range 1000000  6.925597          16000096
  family       operation    rows median_ms r_allocated_bytes
1   read coercion_double 1000000  0.110823           8000048
  family        operation    rows median_ms r_allocated_bytes
1   read coercion_integer 1000000  0.553377          12000096
  family         operation    rows median_ms r_allocated_bytes
1   read export_data_frame 1000000  0.129888                 0
  family     operation    rows median_ms r_allocated_bytes
1   read export_tibble 1000000  0.954234          64000384
  family  operation    rows median_ms r_allocated_bytes
1   read arithmetic 1000000  17.97014         164001816
  family         operation    rows median_ms r_allocated_bytes
1   read mutate_arithmetic 1000000  20.41517         252044984
  family   operation    rows median_ms r_allocated_bytes
1   read filter_half 1000000  67.92474         722055016
  family  operation    rows median_ms r_allocated_bytes
1   read row_subset 1000000  5.162966          46050056
  family operation    rows median_ms r_allocated_bytes
1   read  read_dta 1000000   7.07824         192041544
  family operation    rows median_ms r_allocated_bytes
1   read write_dta 1000000  12.39008              2552
  family  operation    rows median_ms r_allocated_bytes
1   read read_arrow 1000000  15.39911         128041160
  family   operation    rows median_ms r_allocated_bytes
1   read write_arrow 1000000  49.91311              1680
All baseline operation, source preservation and captured-mask checks passed.
