  family operation   rows median_ms r_allocated_bytes
1 direct    rename 100000  0.705323          12844648
           family operation   rows median_ms r_allocated_bytes
1 safe_delegation    rename 100000  0.658337          12844368
  family operation   rows median_ms r_allocated_bytes
1 direct    select 100000  0.663175          12844800
           family operation   rows median_ms r_allocated_bytes
1 safe_delegation    select 100000  0.677566          12844520
  family operation   rows median_ms r_allocated_bytes
1 direct  relocate 100000  0.771948          12847080
           family operation   rows median_ms r_allocated_bytes
1 safe_delegation  relocate 100000  0.761493          12847016
  family     operation   rows median_ms r_allocated_bytes
1 direct pipeline_five 100000  4.612254          63425152
           family     operation   rows median_ms r_allocated_bytes
1 safe_delegation pipeline_five 100000  1.642952          12858840
  family operation    rows median_ms r_allocated_bytes
1 direct    rename 1000000  2.204242         128044648
           family operation    rows median_ms r_allocated_bytes
1 safe_delegation    rename 1000000  2.175091         128044368
  family operation    rows median_ms r_allocated_bytes
1 direct    select 1000000  2.168572         128044800
           family operation    rows median_ms r_allocated_bytes
1 safe_delegation    select 1000000  2.203668         128044520
  family operation    rows median_ms r_allocated_bytes
1 direct  relocate 1000000  2.338189         128047080
           family operation    rows median_ms r_allocated_bytes
1 safe_delegation  relocate 1000000  2.274475         128047016
  family     operation    rows median_ms r_allocated_bytes
1 direct pipeline_five 1000000  26.17875         632225152
           family     operation    rows median_ms r_allocated_bytes
1 safe_delegation pipeline_five 1000000  3.151219         128058840
  family operation   rows median_ms r_allocated_bytes
1   read       sum 100000  0.139318            800048
  family operation   rows median_ms r_allocated_bytes
1   read      mean 100000  0.137555            800048
  family operation   rows median_ms r_allocated_bytes
1   read     range 100000   0.73062           1600096
  family       operation   rows median_ms r_allocated_bytes
1   read coercion_double 100000  0.023862            800048
  family        operation   rows median_ms r_allocated_bytes
1   read coercion_integer 100000  0.070807           1200096
  family         operation   rows median_ms r_allocated_bytes
1   read export_data_frame 100000    0.1312                 0
  family     operation   rows median_ms r_allocated_bytes
1   read export_tibble 100000  0.211888           6400384
  family  operation   rows median_ms r_allocated_bytes
1   read arithmetic 100000  1.693669          16401816
  family         operation   rows median_ms r_allocated_bytes
1   read mutate_arithmetic 100000  2.464305          25244984
  family   operation   rows median_ms r_allocated_bytes
1   read filter_half 100000     7.954          72255016
  family  operation   rows median_ms r_allocated_bytes
1   read row_subset 100000  0.914628           4650056
  family operation   rows median_ms r_allocated_bytes
1   read  read_dta 100000  2.719202          19241544
  family operation   rows median_ms r_allocated_bytes
1   read write_dta 100000  2.091779              2552
  family  operation   rows median_ms r_allocated_bytes
1   read read_arrow 100000  1.983129          12841160
  family   operation   rows median_ms r_allocated_bytes
1   read write_arrow 100000  11.08603              1680
  family operation    rows median_ms r_allocated_bytes
1   read       sum 1000000  1.218356           8000048
  family operation    rows median_ms r_allocated_bytes
1   read      mean 1000000  1.223809           8000048
  family operation    rows median_ms r_allocated_bytes
1   read     range 1000000  6.468898          16000096
  family       operation    rows median_ms r_allocated_bytes
1   read coercion_double 1000000  0.111069           8000048
  family        operation    rows median_ms r_allocated_bytes
1   read coercion_integer 1000000  0.553664          12000096
  family         operation    rows median_ms r_allocated_bytes
1   read export_data_frame 1000000  0.130667                 0
  family     operation    rows median_ms r_allocated_bytes
1   read export_tibble 1000000  0.948125          64000384
  family  operation    rows median_ms r_allocated_bytes
1   read arithmetic 1000000  17.79818         164001816
  family         operation    rows median_ms r_allocated_bytes
1   read mutate_arithmetic 1000000  20.26294         252044984
  family   operation    rows median_ms r_allocated_bytes
1   read filter_half 1000000  68.19214         722055016
  family  operation    rows median_ms r_allocated_bytes
1   read row_subset 1000000  5.253904          46050056
  family operation    rows median_ms r_allocated_bytes
1   read  read_dta 1000000  7.127973         192041544
  family operation    rows median_ms r_allocated_bytes
1   read write_dta 1000000  12.86658              2552
  family  operation    rows median_ms r_allocated_bytes
1   read read_arrow 1000000   15.0028         128041160
  family   operation    rows median_ms r_allocated_bytes
1   read write_arrow 1000000   48.9358              1680
All baseline operation, source preservation and captured-mask checks passed.
