$source
[1] "c8ca0a4a74c7ef6aa811d78b3422979e9007b1fe"

$dll_md5
[1] "c655c59a09cbf1cd72a6f72e7e94758e"

$cases
$cases[[1]]
$cases[[1]]$case
[1] "ascii"

$cases[[1]]$width
[1] 3

$cases[[1]]$retained_vmax
[1] FALSE

$cases[[1]]$scans
[1]    1 1000


$cases[[2]]
$cases[[2]]$case
[1] "latin1"

$cases[[2]]$width
[1] 4

$cases[[2]]$retained_vmax
[1] FALSE

$cases[[2]]$scans
[1]    1 1000


$cases[[3]]
$cases[[3]]$case
[1] "utf8"

$cases[[3]]$width
[1] 4

$cases[[3]]$retained_vmax
[1] FALSE

$cases[[3]]$scans
[1]    1 1000


$cases[[4]]
$cases[[4]]$case
[1] "bytes"

$cases[[4]]$width
[1] 2

$cases[[4]]$retained_vmax
[1] FALSE

$cases[[4]]$scans
[1]    1 1000


$cases[[5]]
$cases[[5]]$case
[1] "latin1_na"

$cases[[5]]$width
[1] NA

$cases[[5]]$retained_vmax
[1] FALSE

$cases[[5]]$scans
[1]    1 1000


$cases[[6]]
$cases[[6]]$case
[1] "empty"

$cases[[6]]$width
[1] 1

$cases[[6]]$retained_vmax
[1] FALSE

$cases[[6]]$scans
[1] 1 0



$temporary_storage_released
[1] TRUE

